<html>
<body>
<pre>
<h1>µVision Build Log</h1>
<h2>Tool Versions:</h2>
IDE-Version: ¦ÌVision V5.36.0.0
Copyright (C) 2021 ARM Ltd and ARM Germany GmbH. All rights reserved.
License Information: a b, c, LIC=IK1BF-62CHT-FW32N-YRY4W-UEXBS-7THYD
 
Tool Versions:
Toolchain:       MDK-ARM Plus  Version: 5.36.0.0
Toolchain Path:  d:\Keil_v5\ARM\ARMCC\Bin
C Compiler:      Armcc.exe V5.06 update 7 (build 960)
Assembler:       Armasm.exe V5.06 update 7 (build 960)
Linker/Locator:  ArmLink.exe V5.06 update 7 (build 960)
Library Manager: ArmAr.exe V5.06 update 7 (build 960)
Hex Converter:   FromElf.exe V5.06 update 7 (build 960)
CPU DLL:         SARMCM3.DLL V5.36.0.0
Dialog DLL:      DCM.DLL V1.17.3.0
Target DLL:      Segger\JL2CM3.dll V2.99.40.0
Dialog DLL:      TCM.DLL V1.53.0.0
 
<h2>Project:</h2>
e:\RM\Program\TUP_2024_Dart_Beta\MDK-ARM\hero_test_1.uvprojx
Project File Date:  08/13/2023

<h2>Output:</h2>
*** Using Compiler 'V5.06 update 7 (build 960)', folder: 'd:\Keil_v5\ARM\ARMCC\Bin'
Build target 'hero_test_1'
compiling gimbal_task.cpp...
..\Tasks\Src\gimbal_task.cpp(364): warning:  #550-D: variable "last_turn_keyboard"  was set but never used
  	 static uint16_t last_turn_keyboard = 0;
..\Tasks\Src\gimbal_task.cpp(367): warning:  #177-D: variable "rc_keyCZ_time"  was declared but never referenced
  	 int rc_keyCZ_time;
..\Tasks\Src\gimbal_task.cpp(368): warning:  #177-D: variable "turn_mode"  was declared but never referenced
  	 int turn_mode;
..\Tasks\Src\gimbal_task.cpp: 3 warnings, 0 errors
compiling revolver_task.cpp...
..\Tasks\Src\revolver_task.cpp(190): warning:  #177-D: variable "angle_out"  was declared but never referenced
  	static fp32 angle_out = 0;
..\Tasks\Src\revolver_task.cpp(420): warning:  #177-D: variable "num_add_flag"  was declared but never referenced
  	static bool_t num_add_flag = 0;
..\Tasks\Src\revolver_task.cpp: 2 warnings, 0 errors
compiling freertos.c...
compiling system_task.cpp...
compiling judge.cpp...
..\Hardware\Src\judge.cpp(1715): warning:  #1-D: last line of file ends without a newline
  }
..\Hardware\Src\judge.cpp: 1 warning, 0 errors
linking...
Program Size: Code=76408 RO-data=4584 RW-data=1296 ZI-data=34112  
FromELF: creating hex file...
"hero_test_1\hero_test_1.axf" - 0 Error(s), 6 Warning(s).

<h2>Software Packages used:</h2>

Package Vendor: ARM
                http://www.keil.com/pack/ARM.CMSIS.5.9.0.pack
                ARM.CMSIS.5.9.0
                CMSIS (Common Microcontroller Software Interface Standard)
   * Component: CORE Version: 5.6.0

Package Vendor: Keil
                http://www.keil.com/pack/Keil.STM32F4xx_DFP.2.16.0.pack
                Keil.STM32F4xx_DFP.2.16.0
                STMicroelectronics STM32F4 Series Device Support, Drivers and Examples

<h2>Collection of Component include folders:</h2>
  .\RTE\_hero_test_1
  d:\Users\Wood\AppData\Local\Arm\Packs\ARM\CMSIS\5.9.0\CMSIS\Core\Include
  d:\Users\Wood\AppData\Local\Arm\Packs\Keil\STM32F4xx_DFP\2.16.0\Drivers\CMSIS\Device\ST\STM32F4xx\Include

<h2>Collection of Component Files used:</h2>

   * Component: ARM::CMSIS:CORE:5.6.0
Build Time Elapsed:  00:00:05
</pre>
</body>
</html>
