<html>
<body>
<pre>
<h1>µVision Build Log</h1>
<h2>Tool Versions:</h2>
IDE-Version: ¦ÌVision V5.26.2.0
Copyright (C) 2018 ARM Ltd and ARM Germany GmbH. All rights reserved.
License Information: 1 Young, 1, LIC=CZLZX-HJR39-BS4YX-H8FAG-F48UA-Y8SD0
 
Tool Versions:
Toolchain:       MDK-ARM Plus  Version: 5.26.2.0
Toolchain Path:  D:\KEIL\ARM\ARMCC\Bin
C Compiler:      Armcc.exe V5.06 update 6 (build 750)
Assembler:       Armasm.exe V5.06 update 6 (build 750)
Linker/Locator:  ArmLink.exe V5.06 update 6 (build 750)
Library Manager: ArmAr.exe V5.06 update 6 (build 750)
Hex Converter:   FromElf.exe V5.06 update 6 (build 750)
CPU DLL:         SARMCM3.DLL V5.26.2.0
Dialog DLL:      DCM.DLL V1.17.2.0
Target DLL:      Segger\JL2CM3.dll V2.99.31.0
Dialog DLL:      TCM.DLL V1.36.1.0
 
<h2>Project:</h2>
E:\RM_git\infantry_2023  6.1\infantry_2023\MDK-ARM\hero_test_1.uvprojx
Project File Date:  06/03/2023

<h2>Output:</h2>
*** Using Compiler 'V5.06 update 6 (build 750)', folder: 'D:\KEIL\ARM\ARMCC\Bin'
Build target 'hero_test_1'
compiling gimbal_task.cpp...
..\Tasks\Src\gimbal_task.cpp(327): warning:  #1035-D: single-precision operand implicitly converted to double-precision
  		if(vision_info_point()->RxPacketFir.distance>3.0)
..\Tasks\Src\gimbal_task.cpp(329): warning:  #1035-D: single-precision operand implicitly converted to double-precision
  			if(fabs(Yaw_motor.absolute_angle-Yaw_motor.absolute_angle_set)<0.01)
..\Tasks\Src\gimbal_task.cpp(331): warning:  #1035-D: single-precision operand implicitly converted to double-precision
  					if(fabs(Pitch_motor.absolute_angle-Pitch_motor.absolute_angle_set)<0.01)
..\Tasks\Src\gimbal_task.cpp(340): warning:  #1035-D: single-precision operand implicitly converted to double-precision
  			if(fabs(Yaw_motor.absolute_angle-Yaw_motor.absolute_angle_set)<0.02)
..\Tasks\Src\gimbal_task.cpp(342): warning:  #1035-D: single-precision operand implicitly converted to double-precision
  					if(fabs(Pitch_motor.absolute_angle-Pitch_motor.absolute_angle_set)<0.02)
..\Tasks\Src\gimbal_task.cpp(364): warning:  #550-D: variable "last_turn_keyboard"  was set but never used
  	 static uint16_t last_turn_keyboard = 0;
..\Tasks\Src\gimbal_task.cpp(367): warning:  #177-D: variable "rc_keyCZ_time"  was declared but never referenced
  	 int rc_keyCZ_time;
..\Tasks\Src\gimbal_task.cpp(368): warning:  #177-D: variable "turn_mode"  was declared but never referenced
  	 int turn_mode;
..\Tasks\Src\gimbal_task.cpp: 8 warnings, 0 errors
compiling revolver_task.cpp...
linking...
Program Size: Code=103168 RO-data=4800 RW-data=1636 ZI-data=36740  
FromELF: creating hex file...
"hero_test_1\hero_test_1.axf" - 0 Error(s), 8 Warning(s).

<h2>Software Packages used:</h2>

Package Vendor: ARM
                http://www.keil.com/pack/ARM.CMSIS.5.9.0.pack
                ARM.CMSIS.5.9.0
                CMSIS (Common Microcontroller Software Interface Standard)
   * Component: CORE Version: 5.6.0

Package Vendor: Keil
                http://www.keil.com/pack/Keil.STM32F4xx_DFP.2.12.0.pack
                Keil.STM32F4xx_DFP.2.12.0
                STMicroelectronics STM32F4 Series Device Support, Drivers and Examples

<h2>Collection of Component include folders:</h2>
  .\RTE\_hero_test_1
  D:\KEIL\ARM\PACK\ARM\CMSIS\5.9.0\CMSIS\Core\Include
  D:\KEIL\ARM\PACK\Keil\STM32F4xx_DFP\2.12.0\Drivers\CMSIS\Device\ST\STM32F4xx\Include

<h2>Collection of Component Files used:</h2>

   * Component: ARM::CMSIS:CORE:5.6.0
Build Time Elapsed:  00:00:06
</pre>
</body>
</html>
