Component: ARM Compiler 5.06 update 7 (build 960) Tool: armlink [4d3601]

==============================================================================

Section Cross References

    startup_stm32f407xx.o(STACK) refers (Special) to heapauxi.o(.text) for __use_two_region_memory
    startup_stm32f407xx.o(HEAP) refers (Special) to heapauxi.o(.text) for __use_two_region_memory
    startup_stm32f407xx.o(RESET) refers (Special) to heapauxi.o(.text) for __use_two_region_memory
    startup_stm32f407xx.o(RESET) refers to startup_stm32f407xx.o(STACK) for __initial_sp
    startup_stm32f407xx.o(RESET) refers to startup_stm32f407xx.o(.text) for Reset_Handler
    startup_stm32f407xx.o(RESET) refers to stm32f4xx_it.o(i.NMI_Handler) for NMI_Handler
    startup_stm32f407xx.o(RESET) refers to stm32f4xx_it.o(i.HardFault_Handler) for HardFault_Handler
    startup_stm32f407xx.o(RESET) refers to stm32f4xx_it.o(i.MemManage_Handler) for MemManage_Handler
    startup_stm32f407xx.o(RESET) refers to stm32f4xx_it.o(i.BusFault_Handler) for BusFault_Handler
    startup_stm32f407xx.o(RESET) refers to stm32f4xx_it.o(i.UsageFault_Handler) for UsageFault_Handler
    startup_stm32f407xx.o(RESET) refers to port.o(.emb_text) for SVC_Handler
    startup_stm32f407xx.o(RESET) refers to stm32f4xx_it.o(i.DebugMon_Handler) for DebugMon_Handler
    startup_stm32f407xx.o(RESET) refers to port.o(i.SysTick_Handler) for SysTick_Handler
    startup_stm32f407xx.o(RESET) refers to stm32f4xx_it.o(i.EXTI0_IRQHandler) for EXTI0_IRQHandler
    startup_stm32f407xx.o(RESET) refers to stm32f4xx_it.o(i.EXTI3_IRQHandler) for EXTI3_IRQHandler
    startup_stm32f407xx.o(RESET) refers to stm32f4xx_it.o(i.EXTI4_IRQHandler) for EXTI4_IRQHandler
    startup_stm32f407xx.o(RESET) refers to stm32f4xx_it.o(i.DMA1_Stream1_IRQHandler) for DMA1_Stream1_IRQHandler
    startup_stm32f407xx.o(RESET) refers to stm32f4xx_it.o(i.CAN1_RX0_IRQHandler) for CAN1_RX0_IRQHandler
    startup_stm32f407xx.o(RESET) refers to stm32f4xx_it.o(i.EXTI9_5_IRQHandler) for EXTI9_5_IRQHandler
    startup_stm32f407xx.o(RESET) refers to judge_task.o(i.USART1_IRQHandler) for USART1_IRQHandler
    startup_stm32f407xx.o(RESET) refers to remote_control.o(i.USART3_IRQHandler) for USART3_IRQHandler
    startup_stm32f407xx.o(RESET) refers to stm32f4xx_it.o(i.TIM7_IRQHandler) for TIM7_IRQHandler
    startup_stm32f407xx.o(RESET) refers to ins_task.o(i.DMA2_Stream2_IRQHandler) for DMA2_Stream2_IRQHandler
    startup_stm32f407xx.o(RESET) refers to stm32f4xx_it.o(i.DMA2_Stream3_IRQHandler) for DMA2_Stream3_IRQHandler
    startup_stm32f407xx.o(RESET) refers to stm32f4xx_it.o(i.CAN2_RX0_IRQHandler) for CAN2_RX0_IRQHandler
    startup_stm32f407xx.o(RESET) refers to stm32f4xx_it.o(i.OTG_FS_IRQHandler) for OTG_FS_IRQHandler
    startup_stm32f407xx.o(RESET) refers to stm32f4xx_it.o(i.DMA2_Stream5_IRQHandler) for DMA2_Stream5_IRQHandler
    startup_stm32f407xx.o(RESET) refers to stm32f4xx_it.o(i.DMA2_Stream7_IRQHandler) for DMA2_Stream7_IRQHandler
    startup_stm32f407xx.o(.text) refers (Special) to heapauxi.o(.text) for __use_two_region_memory
    startup_stm32f407xx.o(.text) refers to system_stm32f4xx.o(i.SystemInit) for SystemInit
    startup_stm32f407xx.o(.text) refers to __main.o(!!!main) for __main
    startup_stm32f407xx.o(.text) refers to startup_stm32f407xx.o(HEAP) for Heap_Mem
    startup_stm32f407xx.o(.text) refers to startup_stm32f407xx.o(STACK) for Stack_Mem
    main.o(i.HAL_TIM_PeriodElapsedCallback) refers to stm32f4xx_hal.o(i.HAL_IncTick) for HAL_IncTick
    main.o(i.SystemClock_Config) refers to rt_memclr_w.o(.text) for __aeabi_memclr4
    main.o(i.SystemClock_Config) refers to stm32f4xx_hal_rcc.o(i.HAL_RCC_OscConfig) for HAL_RCC_OscConfig
    main.o(i.SystemClock_Config) refers to main.o(i.Error_Handler) for Error_Handler
    main.o(i.SystemClock_Config) refers to stm32f4xx_hal_rcc.o(i.HAL_RCC_ClockConfig) for HAL_RCC_ClockConfig
    main.o(i.main) refers to stm32f4xx_hal.o(i.HAL_Init) for HAL_Init
    main.o(i.main) refers to main.o(i.SystemClock_Config) for SystemClock_Config
    main.o(i.main) refers to gpio.o(i.MX_GPIO_Init) for MX_GPIO_Init
    main.o(i.main) refers to tim.o(i.MX_TIM1_Init) for MX_TIM1_Init
    main.o(i.main) refers to dma.o(i.MX_DMA_Init) for MX_DMA_Init
    main.o(i.main) refers to usart.o(i.MX_USART3_UART_Init) for MX_USART3_UART_Init
    main.o(i.main) refers to tim.o(i.MX_TIM5_Init) for MX_TIM5_Init
    main.o(i.main) refers to spi.o(i.MX_SPI1_Init) for MX_SPI1_Init
    main.o(i.main) refers to can.o(i.MX_CAN1_Init) for MX_CAN1_Init
    main.o(i.main) refers to can.o(i.MX_CAN2_Init) for MX_CAN2_Init
    main.o(i.main) refers to tim.o(i.MX_TIM10_Init) for MX_TIM10_Init
    main.o(i.main) refers to i2c.o(i.MX_I2C3_Init) for MX_I2C3_Init
    main.o(i.main) refers to spi.o(i.MX_SPI2_Init) for MX_SPI2_Init
    main.o(i.main) refers to adc.o(i.MX_ADC1_Init) for MX_ADC1_Init
    main.o(i.main) refers to adc.o(i.MX_ADC3_Init) for MX_ADC3_Init
[...]
    gyro_offset                              0x200034dc   Data          12  ins_task.o(.bss)
    gyro_cali_offset                         0x200034e8   Data          12  ins_task.o(.bss)
    accel_offset                             0x200034f4   Data          12  ins_task.o(.bss)
    accel_cali_offset                        0x20003500   Data          12  ins_task.o(.bss)
    ist8310_real_data                        0x2000350c   Data          16  ins_task.o(.bss)
    mag_offset                               0x2000351c   Data          12  ins_task.o(.bss)
    mag_cali_offset                          0x20003528   Data          12  ins_task.o(.bss)
    INS_gyro                                 0x200035a0   Data          12  ins_task.o(.bss)
    INS_accel                                0x200035ac   Data          12  ins_task.o(.bss)
    INS_quat                                 0x200035c4   Data          16  ins_task.o(.bss)
    INS_angle                                0x200035d4   Data          12  ins_task.o(.bss)
    gimbal                                   0x200035e0   Data        1280  gimbal_task.o(.bss)
    cali_sensor                              0x20003bb4   Data          65  calibrate_task.o(.bss)
    error_list                               0x20003bf5   Data         540  detect_task.o(.bss)
    sys                                      0x20003e14   Data          84  system_task.o(.bss)
    Vision_process                           0x20003e68   Data        1384  communicate_task.o(.bss)
    Judge_Buffer                             0x200043d0   Data         200  judge_task.o(.bss)
    ina226_data                              0x20004498   Data          12  judge_task.o(.bss)
    revolver                                 0x200044a8   Data         552  revolver_task.o(.bss)
    SPEED                                    0x200046d0   Data          16  revolver_task.o(.bss)
    pFlash                                   0x200046e0   Data          32  stm32f4xx_hal_flash.o(.bss)
    __libspace_start                         0x200083f0   Data          96  libspace.o(.bss)
    __temporary_stack_top$libspace           0x20008450   Data           0  libspace.o(.bss)



==============================================================================

Memory Map of the image

  Image Entry point : 0x08000189

  Load Region LR_IROM1 (Base: 0x08000000, Size: 0x00014170, Max: 0x00100000, ABSOLUTE, COMPRESSED[0x00013e04])

    Execution Region ER_IROM1 (Exec base: 0x08000000, Load base: 0x08000000, Size: 0x00013c60, Max: 0x00100000, ABSOLUTE)

    Exec Addr    Load Addr    Size         Type   Attr      Idx    E Section Name        Object

    0x08000000   0x08000000   0x00000188   Data   RO            3    RESET               startup_stm32f407xx.o
    0x08000188   0x08000188   0x00000008   Code   RO        12118  * !!!main             c_w.l(__main.o)
    0x08000190   0x08000190   0x00000034   Code   RO        12534    !!!scatter          c_w.l(__scatter.o)
    0x080001c4   0x080001c4   0x0000005a   Code   RO        12532    !!dczerorl2         c_w.l(__dczerorl2.o)
    0x0800021e   0x0800021e   0x00000002   PAD
    0x08000220   0x08000220   0x0000001c   Code   RO        12536    !!handler_zi        c_w.l(__scatter_zi.o)
    0x0800023c   0x0800023c   0x00000002   Code   RO        12331    .ARM.Collect$$libinit$$00000000  c_w.l(libinit.o)
    0x0800023e   0x0800023e   0x00000004   Code   RO        12198    .ARM.Collect$$libinit$$00000001  c_w.l(libinit2.o)
    0x08000242   0x08000242   0x00000000   Code   RO        12201    .ARM.Collect$$libinit$$00000004  c_w.l(libinit2.o)
    0x08000242   0x08000242   0x00000000   Code   RO        12204    .ARM.Collect$$libinit$$0000000A  c_w.l(libinit2.o)
    0x08000242   0x08000242   0x00000000   Code   RO        12206    .ARM.Collect$$libinit$$0000000C  c_w.l(libinit2.o)
    0x08000242   0x08000242   0x00000000   Code   RO        12208    .ARM.Collect$$libinit$$0000000E  c_w.l(libinit2.o)
    0x08000242   0x08000242   0x00000000   Code   RO        12211    .ARM.Collect$$libinit$$00000011  c_w.l(libinit2.o)
    0x08000242   0x08000242   0x00000000   Code   RO        12213    .ARM.Collect$$libinit$$00000013  c_w.l(libinit2.o)
    0x08000242   0x08000242   0x00000000   Code   RO        12215    .ARM.Collect$$libinit$$00000015  c_w.l(libinit2.o)
    0x08000242   0x08000242   0x00000000   Code   RO        12217    .ARM.Collect$$libinit$$00000017  c_w.l(libinit2.o)
    0x08000242   0x08000242   0x00000000   Code   RO        12219    .ARM.Collect$$libinit$$00000019  c_w.l(libinit2.o)
    0x08000242   0x08000242   0x00000000   Code   RO        12221    .ARM.Collect$$libinit$$0000001B  c_w.l(libinit2.o)
    0x08000242   0x08000242   0x00000000   Code   RO        12223    .ARM.Collect$$libinit$$0000001D  c_w.l(libinit2.o)
    0x08000242   0x08000242   0x00000000   Code   RO        12225    .ARM.Collect$$libinit$$0000001F  c_w.l(libinit2.o)
    0x08000242   0x08000242   0x00000000   Code   RO        12227    .ARM.Collect$$libinit$$00000021  c_w.l(libinit2.o)
    0x08000242   0x08000242   0x00000000   Code   RO        12229    .ARM.Collect$$libinit$$00000023  c_w.l(libinit2.o)
    0x08000242   0x08000242   0x00000000   Code   RO        12231    .ARM.Collect$$libinit$$00000025  c_w.l(libinit2.o)
    0x08000242   0x08000242   0x00000000   Code   RO        12235    .ARM.Collect$$libinit$$0000002C  c_w.l(libinit2.o)
    0x08000242   0x08000242   0x00000000   Code   RO        12237    .ARM.Collect$$libinit$$0000002E  c_w.l(libinit2.o)
    0x08000242   0x08000242   0x00000000   Code   RO        12239    .ARM.Collect$$libinit$$00000030  c_w.l(libinit2.o)
    0x08000242   0x08000242   0x00000004   Code   RO        12240    .ARM.Collect$$libinit$$00000031  c_w.l(libinit2.o)
    0x08000246   0x08000246   0x00000000   Code   RO        12241    .ARM.Collect$$libinit$$00000032  c_w.l(libinit2.o)
    0x08000246   0x08000246   0x00000002   Code   RO        12242    .ARM.Collect$$libinit$$00000033  c_w.l(libinit2.o)
    0x08000248   0x08000248   0x00000002   Code   RO        12493    .ARM.Collect$$libshutdown$$00000000  c_w.l(libshutdown.o)
    0x0800024a   0x0800024a   0x00000000   Code   RO        12509    .ARM.Collect$$libshutdown$$00000002  c_w.l(libshutdown2.o)
    0x0800024a   0x0800024a   0x00000000   Code   RO        12511    .ARM.Collect$$libshutdown$$00000004  c_w.l(libshutdown2.o)
    0x0800024a   0x0800024a   0x00000000   Code   RO        12513    .ARM.Collect$$libshutdown$$00000006  c_w.l(libshutdown2.o)
    0x0800024a   0x0800024a   0x00000000   Code   RO        12516    .ARM.Collect$$libshutdown$$00000009  c_w.l(libshutdown2.o)
    0x0800024a   0x0800024a   0x00000000   Code   RO        12519    .ARM.Collect$$libshutdown$$0000000C  c_w.l(libshutdown2.o)
    0x0800024a   0x0800024a   0x00000000   Code   RO        12521    .ARM.Collect$$libshutdown$$0000000E  c_w.l(libshutdown2.o)
    0x0800024a   0x0800024a   0x00000000   Code   RO        12524    .ARM.Collect$$libshutdown$$00000011  c_w.l(libshutdown2.o)
    0x0800024a   0x0800024a   0x00000002   Code   RO        12525    .ARM.Collect$$libshutdown$$00000012  c_w.l(libshutdown2.o)
    0x0800024c   0x0800024c   0x00000000   Code   RO        12191    .ARM.Collect$$rtentry$$00000000  c_w.l(__rtentry.o)
    0x0800024c   0x0800024c   0x00000000   Code   RO        12271    .ARM.Collect$$rtentry$$00000002  c_w.l(__rtentry2.o)
    0x0800024c   0x0800024c   0x00000006   Code   RO        12283    .ARM.Collect$$rtentry$$00000004  c_w.l(__rtentry4.o)
    0x08000252   0x08000252   0x00000000   Code   RO        12273    .ARM.Collect$$rtentry$$00000009  c_w.l(__rtentry2.o)
    0x08000252   0x08000252   0x00000004   Code   RO        12274    .ARM.Collect$$rtentry$$0000000A  c_w.l(__rtentry2.o)
    0x08000256   0x08000256   0x00000000   Code   RO        12276    .ARM.Collect$$rtentry$$0000000C  c_w.l(__rtentry2.o)
    0x08000256   0x08000256   0x00000008   Code   RO        12277    .ARM.Collect$$rtentry$$0000000D  c_w.l(__rtentry2.o)
    0x0800025e   0x0800025e   0x00000002   Code   RO        12343    .ARM.Collect$$rtexit$$00000000  c_w.l(rtexit.o)
    0x08000260   0x08000260   0x00000000   Code   RO        12433    .ARM.Collect$$rtexit$$00000002  c_w.l(rtexit2.o)
    0x08000260   0x08000260   0x00000004   Code   RO        12434    .ARM.Collect$$rtexit$$00000003  c_w.l(rtexit2.o)
    0x08000264   0x08000264   0x00000006   Code   RO        12435    .ARM.Collect$$rtexit$$00000004  c_w.l(rtexit2.o)
    0x0800026a   0x0800026a   0x00000002   PAD
    0x0800026c   0x0800026c   0x000000be   Code   RO        11351    .emb_text           port.o
    0x0800032a   0x0800032a   0x00000002   PAD
    0x0800032c   0x0800032c   0x00000040   Code   RO            4    .text               startup_stm32f407xx.o
    0x0800036c   0x0800036c   0x00000078   Code   RO        11944    .text               arm_cortexM4lf_math.lib(arm_cos_f32.o)
    0x080003e4   0x080003e4   0x00000074   Code   RO        11997    .text               arm_cortexM4lf_math.lib(arm_sin_f32.o)
    0x08000458   0x08000458   0x000000ee   Code   RO        12102    .text               c_w.l(lludivv7m.o)
    0x08000546   0x08000546   0x0000003e   Code   RO        12104    .text               c_w.l(strlen.o)
    0x08000584   0x08000584   0x0000008a   Code   RO        12106    .text               c_w.l(rt_memcpy_v6.o)
    0x0800060e   0x0800060e   0x00000064   Code   RO        12108    .text               c_w.l(rt_memcpy_w.o)
    0x08000672   0x08000672   0x00000044   Code   RO        12112    .text               c_w.l(rt_memclr.o)
    0x080006b6   0x080006b6   0x0000004e   Code   RO        12114    .text               c_w.l(rt_memclr_w.o)
    0x08000704   0x08000704   0x00000006   Code   RO        12116    .text               c_w.l(heapauxi.o)
    0x0800070a   0x0800070a   0x00000002   PAD
    0x0800070c   0x0800070c   0x00000024   Code   RO        12123    .text               c_w.l(init_aeabi.o)
    0x08000730   0x08000730   0x00000016   Code   RO        12196    .text               c_w.l(_rserrno.o)
    0x08000746   0x08000746   0x00000002   PAD
    0x08000748   0x08000748   0x00000008   Code   RO        12290    .text               c_w.l(rt_errno_addr_intlibspace.o)
    0x08000750   0x08000750   0x00000008   Code   RO        12309    .text               c_w.l(libspace.o)
    0x08000758   0x08000758   0x0000004a   Code   RO        12312    .text               c_w.l(sys_stackheap_outer.o)
    0x080007a2   0x080007a2   0x00000002   PAD
    0x080007a4   0x080007a4   0x00000030   Code   RO        12314    .text               c_w.l(_fptrap.o)
    0x080007d4   0x080007d4   0x00000012   Code   RO        12316    .text               c_w.l(exit.o)
    0x080007e6   0x080007e6   0x0000000e   Code   RO        12318    .text               c_w.l(defsig_fpe_outer.o)
    0x080007f4   0x080007f4   0x0000000a   Code   RO        12415    .text               c_w.l(defsig_exit.o)
    0x080007fe   0x080007fe   0x00000002   PAD
    0x08000800   0x08000800   0x000000ac   Code   RO        12417    .text               c_w.l(defsig_fpe_inner.o)
    0x080008ac   0x080008ac   0x0000000c   Code   RO        12425    .text               c_w.l(sys_exit.o)
    0x080008b8   0x080008b8   0x00000002   Code   RO        12427    .text               c_w.l(use_no_semi.o)
    0x080008ba   0x080008ba   0x00000000   Code   RO        12431    .text               c_w.l(indicate_semi.o)
    0x080008ba   0x080008ba   0x00000032   Code   RO        12466    .text               c_w.l(defsig_general.o)
    0x080008ec   0x080008ec   0x0000000e   Code   RO        12476    .text               c_w.l(sys_wrch.o)
    0x080008fa   0x080008fa   0x00000002   PAD
    0x080008fc   0x080008fc   0x00000130   Code   RO         6984    i.ADC_Init          stm32f4xx_hal_adc.o
    0x08000a2c   0x08000a2c   0x00000018   Code   RO         5006    i.AHRS_asinf        ahrs_middleware.o
    0x08000a44   0x08000a44   0x00000020   Code   RO         5007    i.AHRS_atan2f       ahrs_middleware.o
    0x08000a64   0x08000a64   0x00000018   Code   RO         5008    i.AHRS_cosf         ahrs_middleware.o
    0x08000a7c   0x08000a7c   0x0000001a   Code   RO        11854    i.AHRS_fabs         AHRS.lib(ahrs.o)
    0x08000a96   0x08000a96   0x00000002   PAD
    0x08000a98   0x08000a98   0x00000010   Code   RO         5009    i.AHRS_get_height   ahrs_middleware.o
    0x08000aa8   0x08000aa8   0x0000000c   Code   RO         5010    i.AHRS_get_latitude  ahrs_middleware.o
    0x08000ab4   0x08000ab4   0x0000029c   Code   RO        11855    i.AHRS_init         AHRS.lib(ahrs.o)
    0x08000d50   0x08000d50   0x00000024   Code   RO         5011    i.AHRS_invSqrt      ahrs_middleware.o
    0x08000d74   0x08000d74   0x00000018   Code   RO         5012    i.AHRS_sinf         ahrs_middleware.o
    0x08000d8c   0x08000d8c   0x0000013a   Code   RO        11856    i.AHRS_update       AHRS.lib(ahrs.o)
    0x08000ec6   0x08000ec6   0x00000004   Code   RO          846    i.BusFault_Handler  stm32f4xx_it.o
    0x08000eca   0x08000eca   0x00000002   PAD
    0x08000ecc   0x08000ecc   0x00000050   Code   RO         3293    i.CAN1_200_cmd_motor  bsp_can.o
    0x08000f1c   0x08000f1c   0x00000010   Code   RO          847    i.CAN1_RX0_IRQHandler  stm32f4xx_it.o
    0x08000f2c   0x08000f2c   0x00000050   Code   RO         3295    i.CAN2_200_cmd_motor  bsp_can.o
    0x08000f7c   0x08000f7c   0x00000010   Code   RO          848    i.CAN2_RX0_IRQHandler  stm32f4xx_it.o
    0x08000f8c   0x08000f8c   0x00000044   Code   RO         3296    i.CAN_cmd_chassis_reset_ID  bsp_can.o
    0x08000fd0   0x08000fd0   0x00000008   Code   RO         1178    i.CDC_Control_FS    usbd_cdc_if.o
    0x08000fd8   0x08000fd8   0x00000004   Code   RO         1179    i.CDC_DeInit_FS     usbd_cdc_if.o
    0x08000fdc   0x08000fdc   0x00000024   Code   RO         1180    i.CDC_Init_FS       usbd_cdc_if.o
    0x08001000   0x08001000   0x0000003c   Code   RO         1181    i.CDC_Receive_FS    usbd_cdc_if.o
    0x0800103c   0x0800103c   0x00000004   Code   RO         1182    i.CDC_TransmitCplt_FS  usbd_cdc_if.o
    0x08001040   0x08001040   0x00000010   Code   RO          849    i.DMA1_Stream1_IRQHandler  stm32f4xx_it.o
    0x08001050   0x08001050   0x00000898   Code   RO         3755    i.DMA2_Stream2_IRQHandler  ins_task.o
    0x080018e8   0x080018e8   0x00000010   Code   RO          850    i.DMA2_Stream3_IRQHandler  stm32f4xx_it.o
    0x080018f8   0x080018f8   0x00000010   Code   RO          851    i.DMA2_Stream5_IRQHandler  stm32f4xx_it.o
    0x08001908   0x08001908   0x00000010   Code   RO          852    i.DMA2_Stream7_IRQHandler  stm32f4xx_it.o
    0x08001918   0x08001918   0x00000034   Code   RO         6313    i.DMA_CalcBaseAndBitshift  stm32f4xx_hal_dma.o
    0x0800194c   0x0800194c   0x0000007e   Code   RO         6314    i.DMA_CheckFifoParam  stm32f4xx_hal_dma.o
    0x080019ca   0x080019ca   0x00000038   Code   RO         6315    i.DMA_SetConfig     stm32f4xx_hal_dma.o
    0x08001a02   0x08001a02   0x00000002   Code   RO          853    i.DebugMon_Handler  stm32f4xx_it.o
    0x08001a04   0x08001a04   0x000001d4   Code   RO         2381    i.Determine_ID      judge.o
    0x08001bd8   0x08001bd8   0x0000000a   Code   RO          854    i.EXTI0_IRQHandler  stm32f4xx_it.o
    0x08001be2   0x08001be2   0x0000000a   Code   RO          855    i.EXTI3_IRQHandler  stm32f4xx_it.o
    0x08001bec   0x08001bec   0x0000000a   Code   RO          856    i.EXTI4_IRQHandler  stm32f4xx_it.o
    0x08001bf6   0x08001bf6   0x0000000a   Code   RO          857    i.EXTI9_5_IRQHandler  stm32f4xx_it.o
    0x08001c00   0x08001c00   0x00000006   Code   RO           13    i.Error_Handler     main.o
    0x08001c06   0x08001c06   0x00000002   PAD
    0x08001c08   0x08001c08   0x00000050   Code   RO         6083    i.FLASH_Erase_Sector  stm32f4xx_hal_flash_ex.o
    0x08001c58   0x08001c58   0x00000058   Code   RO         6084    i.FLASH_FlushCaches  stm32f4xx_hal_flash_ex.o
    0x08001cb0   0x08001cb0   0x00000028   Code   RO         6085    i.FLASH_MassErase   stm32f4xx_hal_flash_ex.o
    0x08001cd8   0x08001cd8   0x00000020   Code   RO         5965    i.FLASH_Program_Byte  stm32f4xx_hal_flash.o
    0x08001cf8   0x08001cf8   0x00000034   Code   RO         5966    i.FLASH_Program_DoubleWord  stm32f4xx_hal_flash.o
    0x08001d2c   0x08001d2c   0x00000024   Code   RO         5967    i.FLASH_Program_HalfWord  stm32f4xx_hal_flash.o
    0x08001d50   0x08001d50   0x00000024   Code   RO         5968    i.FLASH_Program_Word  stm32f4xx_hal_flash.o
    0x08001d74   0x08001d74   0x00000074   Code   RO         5969    i.FLASH_SetErrorCode  stm32f4xx_hal_flash.o
    0x08001de8   0x08001de8   0x00000060   Code   RO         5970    i.FLASH_WaitForLastOperation  stm32f4xx_hal_flash.o
    0x08001e48   0x08001e48   0x00000038   Code   RO         1087    i.Get_SerialNum     usbd_desc.o
    0x08001e80   0x08001e80   0x00000174   Code   RO         6986    i.HAL_ADC_ConfigChannel  stm32f4xx_hal_adc.o
    0x08001ff4   0x08001ff4   0x00000006   Code   RO         6993    i.HAL_ADC_GetValue  stm32f4xx_hal_adc.o
    0x08001ffa   0x08001ffa   0x00000056   Code   RO         6995    i.HAL_ADC_Init      stm32f4xx_hal_adc.o
    0x08002050   0x08002050   0x000000ac   Code   RO          468    i.HAL_ADC_MspInit   adc.o
    0x080020fc   0x080020fc   0x000000c6   Code   RO         6999    i.HAL_ADC_PollForConversion  stm32f4xx_hal_adc.o
    0x080021c2   0x080021c2   0x00000002   PAD
    0x080021c4   0x080021c4   0x00000128   Code   RO         7001    i.HAL_ADC_Start     stm32f4xx_hal_adc.o
    0x080022ec   0x080022ec   0x00000024   Code   RO         7260    i.HAL_CAN_ActivateNotification  stm32f4xx_hal_can.o
    0x08002310   0x08002310   0x00000104   Code   RO         7261    i.HAL_CAN_AddTxMessage  stm32f4xx_hal_can.o
    0x08002414   0x08002414   0x00000128   Code   RO         7262    i.HAL_CAN_ConfigFilter  stm32f4xx_hal_can.o
    0x0800253c   0x0800253c   0x00000002   Code   RO         7265    i.HAL_CAN_ErrorCallback  stm32f4xx_hal_can.o
    0x0800253e   0x0800253e   0x0000016c   Code   RO         7268    i.HAL_CAN_GetRxMessage  stm32f4xx_hal_can.o
    0x080026aa   0x080026aa   0x00000234   Code   RO         7272    i.HAL_CAN_IRQHandler  stm32f4xx_hal_can.o
    0x080028de   0x080028de   0x00000168   Code   RO         7273    i.HAL_CAN_Init      stm32f4xx_hal_can.o
    0x08002a46   0x08002a46   0x00000002   PAD
    0x08002a48   0x08002a48   0x00000160   Code   RO          516    i.HAL_CAN_MspInit   can.o
    0x08002ba8   0x08002ba8   0x00000002   Code   RO         7280    i.HAL_CAN_RxFifo0FullCallback  stm32f4xx_hal_can.o
    0x08002baa   0x08002baa   0x00000002   PAD
    0x08002bac   0x08002bac   0x000000c0   Code   RO         3297    i.HAL_CAN_RxFifo0MsgPendingCallback  bsp_can.o
    0x08002c6c   0x08002c6c   0x00000002   Code   RO         7282    i.HAL_CAN_RxFifo1FullCallback  stm32f4xx_hal_can.o
    0x08002c6e   0x08002c6e   0x00000002   Code   RO         7283    i.HAL_CAN_RxFifo1MsgPendingCallback  stm32f4xx_hal_can.o
    0x08002c70   0x08002c70   0x00000002   Code   RO         7284    i.HAL_CAN_SleepCallback  stm32f4xx_hal_can.o
    0x08002c72   0x08002c72   0x00000064   Code   RO         7285    i.HAL_CAN_Start     stm32f4xx_hal_can.o
    0x08002cd6   0x08002cd6   0x00000002   Code   RO         7287    i.HAL_CAN_TxMailbox0AbortCallback  stm32f4xx_hal_can.o
    0x08002cd8   0x08002cd8   0x00000002   Code   RO         7288    i.HAL_CAN_TxMailbox0CompleteCallback  stm32f4xx_hal_can.o
    0x08002cda   0x08002cda   0x00000002   Code   RO         7289    i.HAL_CAN_TxMailbox1AbortCallback  stm32f4xx_hal_can.o
    0x08002cdc   0x08002cdc   0x00000002   Code   RO         7290    i.HAL_CAN_TxMailbox1CompleteCallback  stm32f4xx_hal_can.o
    0x08002cde   0x08002cde   0x00000002   Code   RO         7291    i.HAL_CAN_TxMailbox2AbortCallback  stm32f4xx_hal_can.o
    0x08002ce0   0x08002ce0   0x00000002   Code   RO         7292    i.HAL_CAN_TxMailbox2CompleteCallback  stm32f4xx_hal_can.o
    0x08002ce2   0x08002ce2   0x00000002   Code   RO         7294    i.HAL_CAN_WakeUpFromRxMsgCallback  stm32f4xx_hal_can.o
    0x08002ce4   0x08002ce4   0x000001ec   Code   RO         6321    i.HAL_DMA_IRQHandler  stm32f4xx_hal_dma.o
    0x08002ed0   0x08002ed0   0x000000ec   Code   RO         6322    i.HAL_DMA_Init      stm32f4xx_hal_dma.o
    0x08002fbc   0x08002fbc   0x00000070   Code   RO         6326    i.HAL_DMA_Start_IT  stm32f4xx_hal_dma.o
    0x0800302c   0x0800302c   0x00000028   Code   RO         6730    i.HAL_Delay         stm32f4xx_hal.o
    0x08003054   0x08003054   0x000000ac   Code   RO         6095    i.HAL_FLASHEx_Erase  stm32f4xx_hal_flash_ex.o
    0x08003100   0x08003100   0x00000014   Code   RO         5974    i.HAL_FLASH_Lock    stm32f4xx_hal_flash.o
    0x08003114   0x08003114   0x00000080   Code   RO         5979    i.HAL_FLASH_Program  stm32f4xx_hal_flash.o
    0x08003194   0x08003194   0x00000034   Code   RO         5981    i.HAL_FLASH_Unlock  stm32f4xx_hal_flash.o
    0x080031c8   0x080031c8   0x000000a8   Code   RO         3756    i.HAL_GPIO_EXTI_Callback  ins_task.o
    0x08003270   0x08003270   0x00000018   Code   RO         6208    i.HAL_GPIO_EXTI_IRQHandler  stm32f4xx_hal_gpio.o
    0x08003288   0x08003288   0x0000022c   Code   RO         6209    i.HAL_GPIO_Init     stm32f4xx_hal_gpio.o
    0x080034b4   0x080034b4   0x0000000e   Code   RO         6211    i.HAL_GPIO_ReadPin  stm32f4xx_hal_gpio.o
    0x080034c2   0x080034c2   0x0000000e   Code   RO         6213    i.HAL_GPIO_WritePin  stm32f4xx_hal_gpio.o
    0x080034d0   0x080034d0   0x0000000c   Code   RO         6736    i.HAL_GetTick       stm32f4xx_hal.o
    0x080034dc   0x080034dc   0x000001ac   Code   RO         7504    i.HAL_I2C_Init      stm32f4xx_hal_i2c.o
    0x08003688   0x08003688   0x000002c0   Code   RO         7522    i.HAL_I2C_Mem_Read  stm32f4xx_hal_i2c.o
    0x08003948   0x08003948   0x00000174   Code   RO         7525    i.HAL_I2C_Mem_Write  stm32f4xx_hal_i2c.o
    0x08003abc   0x08003abc   0x00000138   Code   RO          589    i.HAL_I2C_MspInit   i2c.o
    0x08003bf4   0x08003bf4   0x00000010   Code   RO         6742    i.HAL_IncTick       stm32f4xx_hal.o
    0x08003c04   0x08003c04   0x00000034   Code   RO         6743    i.HAL_Init          stm32f4xx_hal.o
    0x08003c38   0x08003c38   0x0000008c   Code   RO         1000    i.HAL_InitTick      stm32f4xx_hal_timebase_tim.o
    0x08003cc4   0x08003cc4   0x00000054   Code   RO          976    i.HAL_MspInit       stm32f4xx_hal_msp.o
    0x08003d18   0x08003d18   0x0000001c   Code   RO         6598    i.HAL_NVIC_EnableIRQ  stm32f4xx_hal_cortex.o
    0x08003d34   0x08003d34   0x00000068   Code   RO         6604    i.HAL_NVIC_SetPriority  stm32f4xx_hal_cortex.o
    0x08003d9c   0x08003d9c   0x00000024   Code   RO         6605    i.HAL_NVIC_SetPriorityGrouping  stm32f4xx_hal_cortex.o
    0x08003dc0   0x08003dc0   0x00000002   Code   RO         5457    i.HAL_PCDEx_LPM_Callback  stm32f4xx_hal_pcd_ex.o
    0x08003dc2   0x08003dc2   0x00000008   Code   RO         5458    i.HAL_PCDEx_SetRxFiFo  stm32f4xx_hal_pcd_ex.o
    0x08003dca   0x08003dca   0x0000004a   Code   RO         5459    i.HAL_PCDEx_SetTxFiFo  stm32f4xx_hal_pcd_ex.o
    0x08003e14   0x08003e14   0x00000008   Code   RO         1239    i.HAL_PCD_ConnectCallback  usbd_conf.o
    0x08003e1c   0x08003e1c   0x00000012   Code   RO         1240    i.HAL_PCD_DataInStageCallback  usbd_conf.o
    0x08003e2e   0x08003e2e   0x00000014   Code   RO         1241    i.HAL_PCD_DataOutStageCallback  usbd_conf.o
    0x08003e42   0x08003e42   0x00000008   Code   RO         1242    i.HAL_PCD_DisconnectCallback  usbd_conf.o
    0x08003e4a   0x08003e4a   0x00000020   Code   RO         5222    i.HAL_PCD_EP_Abort  stm32f4xx_hal_pcd.o
    0x08003e6a   0x08003e6a   0x0000004a   Code   RO         5223    i.HAL_PCD_EP_Close  stm32f4xx_hal_pcd.o
    0x08003eb4   0x08003eb4   0x0000005c   Code   RO         5224    i.HAL_PCD_EP_ClrStall  stm32f4xx_hal_pcd.o
    0x08003f10   0x08003f10   0x00000012   Code   RO         5226    i.HAL_PCD_EP_GetRxCount  stm32f4xx_hal_pcd.o
    0x08003f22   0x08003f22   0x0000005c   Code   RO         5227    i.HAL_PCD_EP_Open   stm32f4xx_hal_pcd.o
    0x08003f7e   0x08003f7e   0x00000046   Code   RO         5228    i.HAL_PCD_EP_Receive  stm32f4xx_hal_pcd.o
    0x08003fc4   0x08003fc4   0x00000074   Code   RO         5229    i.HAL_PCD_EP_SetStall  stm32f4xx_hal_pcd.o
    0x08004038   0x08004038   0x00000046   Code   RO         5230    i.HAL_PCD_EP_Transmit  stm32f4xx_hal_pcd.o
    0x0800407e   0x0800407e   0x00000564   Code   RO         5232    i.HAL_PCD_IRQHandler  stm32f4xx_hal_pcd.o
    0x080045e2   0x080045e2   0x00000008   Code   RO         1243    i.HAL_PCD_ISOINIncompleteCallback  usbd_conf.o
    0x080045ea   0x080045ea   0x00000008   Code   RO         1244    i.HAL_PCD_ISOOUTIncompleteCallback  usbd_conf.o
    0x080045f2   0x080045f2   0x00000140   Code   RO         5235    i.HAL_PCD_Init      stm32f4xx_hal_pcd.o
    0x08004732   0x08004732   0x00000002   PAD
    0x08004734   0x08004734   0x00000084   Code   RO         1246    i.HAL_PCD_MspInit   usbd_conf.o
    0x080047b8   0x080047b8   0x0000002e   Code   RO         1247    i.HAL_PCD_ResetCallback  usbd_conf.o
    0x080047e6   0x080047e6   0x00000008   Code   RO         1248    i.HAL_PCD_ResumeCallback  usbd_conf.o
    0x080047ee   0x080047ee   0x00000008   Code   RO         1249    i.HAL_PCD_SOFCallback  usbd_conf.o
    0x080047f6   0x080047f6   0x00000028   Code   RO         5241    i.HAL_PCD_SetAddress  stm32f4xx_hal_pcd.o
    0x0800481e   0x0800481e   0x0000000e   Code   RO         1250    i.HAL_PCD_SetupStageCallback  usbd_conf.o
    0x0800482c   0x0800482c   0x00000042   Code   RO         5244    i.HAL_PCD_Start     stm32f4xx_hal_pcd.o
    0x0800486e   0x0800486e   0x00000002   PAD
    0x08004870   0x08004870   0x00000030   Code   RO         1251    i.HAL_PCD_SuspendCallback  usbd_conf.o
    0x080048a0   0x080048a0   0x0000017c   Code   RO         5915    i.HAL_RCCEx_PeriphCLKConfig  stm32f4xx_hal_rcc_ex.o
    0x08004a1c   0x08004a1c   0x0000017c   Code   RO         5810    i.HAL_RCC_ClockConfig  stm32f4xx_hal_rcc.o
    0x08004b98   0x08004b98   0x0000003c   Code   RO         5814    i.HAL_RCC_GetClockConfig  stm32f4xx_hal_rcc.o
    0x08004bd4   0x08004bd4   0x0000000c   Code   RO         5815    i.HAL_RCC_GetHCLKFreq  stm32f4xx_hal_rcc.o
    0x08004be0   0x08004be0   0x00000020   Code   RO         5817    i.HAL_RCC_GetPCLK1Freq  stm32f4xx_hal_rcc.o
    0x08004c00   0x08004c00   0x00000020   Code   RO         5818    i.HAL_RCC_GetPCLK2Freq  stm32f4xx_hal_rcc.o
    0x08004c20   0x08004c20   0x00000070   Code   RO         5819    i.HAL_RCC_GetSysClockFreq  stm32f4xx_hal_rcc.o
    0x08004c90   0x08004c90   0x00000482   Code   RO         5822    i.HAL_RCC_OscConfig  stm32f4xx_hal_rcc.o
    0x08005112   0x08005112   0x00000094   Code   RO         7996    i.HAL_RTC_Init      stm32f4xx_hal_rtc.o
    0x080051a6   0x080051a6   0x00000002   PAD
    0x080051a8   0x080051a8   0x0000003c   Code   RO          637    i.HAL_RTC_MspInit   rtc.o
    0x080051e4   0x080051e4   0x0000003c   Code   RO         8004    i.HAL_RTC_WaitForSynchro  stm32f4xx_hal_rtc.o
    0x08005220   0x08005220   0x000000be   Code   RO         8396    i.HAL_SPI_Init      stm32f4xx_hal_spi.o
    0x080052de   0x080052de   0x00000002   PAD
    0x080052e0   0x080052e0   0x000001cc   Code   RO          679    i.HAL_SPI_MspInit   spi.o
    0x080054ac   0x080054ac   0x000001f8   Code   RO         8405    i.HAL_SPI_TransmitReceive  stm32f4xx_hal_spi.o
    0x080056a4   0x080056a4   0x00000002   Code   RO         9424    i.HAL_TIMEx_BreakCallback  stm32f4xx_hal_tim_ex.o
    0x080056a6   0x080056a6   0x00000002   Code   RO         9425    i.HAL_TIMEx_CommutCallback  stm32f4xx_hal_tim_ex.o
    0x080056a8   0x080056a8   0x00000066   Code   RO         9427    i.HAL_TIMEx_ConfigBreakDeadTime  stm32f4xx_hal_tim_ex.o
    0x0800570e   0x0800570e   0x0000009a   Code   RO         9443    i.HAL_TIMEx_MasterConfigSynchronization  stm32f4xx_hal_tim_ex.o
    0x080057a8   0x080057a8   0x0000005c   Code   RO         8709    i.HAL_TIM_Base_Init  stm32f4xx_hal_tim.o
    0x08005804   0x08005804   0x000000ec   Code   RO          727    i.HAL_TIM_Base_MspInit  tim.o
    0x080058f0   0x080058f0   0x00000080   Code   RO         8712    i.HAL_TIM_Base_Start  stm32f4xx_hal_tim.o
    0x08005970   0x08005970   0x0000008a   Code   RO         8714    i.HAL_TIM_Base_Start_IT  stm32f4xx_hal_tim.o
    0x080059fa   0x080059fa   0x000000ea   Code   RO         8718    i.HAL_TIM_ConfigClockSource  stm32f4xx_hal_tim.o
    0x08005ae4   0x08005ae4   0x00000002   Code   RO         8743    i.HAL_TIM_IC_CaptureCallback  stm32f4xx_hal_tim.o
    0x08005ae6   0x08005ae6   0x00000174   Code   RO         8757    i.HAL_TIM_IRQHandler  stm32f4xx_hal_tim.o
    0x08005c5a   0x08005c5a   0x00000002   PAD
    0x08005c5c   0x08005c5c   0x0000018c   Code   RO          728    i.HAL_TIM_MspPostInit  tim.o
    0x08005de8   0x08005de8   0x00000002   Code   RO         8760    i.HAL_TIM_OC_DelayElapsedCallback  stm32f4xx_hal_tim.o
    0x08005dea   0x08005dea   0x000000d8   Code   RO         8781    i.HAL_TIM_PWM_ConfigChannel  stm32f4xx_hal_tim.o
    0x08005ec2   0x08005ec2   0x0000005c   Code   RO         8784    i.HAL_TIM_PWM_Init  stm32f4xx_hal_tim.o
    0x08005f1e   0x08005f1e   0x00000002   Code   RO         8786    i.HAL_TIM_PWM_MspInit  stm32f4xx_hal_tim.o
    0x08005f20   0x08005f20   0x00000002   Code   RO         8787    i.HAL_TIM_PWM_PulseFinishedCallback  stm32f4xx_hal_tim.o
    0x08005f22   0x08005f22   0x00000002   PAD
    0x08005f24   0x08005f24   0x000000dc   Code   RO         8789    i.HAL_TIM_PWM_Start  stm32f4xx_hal_tim.o
    0x08006000   0x08006000   0x00000018   Code   RO           15    i.HAL_TIM_PeriodElapsedCallback  main.o
    0x08006018   0x08006018   0x00000002   Code   RO         8800    i.HAL_TIM_TriggerCallback  stm32f4xx_hal_tim.o
    0x0800601a   0x0800601a   0x00000002   Code   RO         9702    i.HAL_UARTEx_RxEventCallback  stm32f4xx_hal_uart.o
    0x0800601c   0x0800601c   0x00000002   Code   RO         9716    i.HAL_UART_ErrorCallback  stm32f4xx_hal_uart.o
    0x0800601e   0x0800601e   0x00000064   Code   RO         9720    i.HAL_UART_Init     stm32f4xx_hal_uart.o
    0x08006082   0x08006082   0x00000002   PAD
    0x08006084   0x08006084   0x00000234   Code   RO          799    i.HAL_UART_MspInit  usart.o
    0x080062b8   0x080062b8   0x0000002e   Code   RO         9724    i.HAL_UART_Receive_DMA  stm32f4xx_hal_uart.o
    0x080062e6   0x080062e6   0x00000002   Code   RO         9726    i.HAL_UART_RxCpltCallback  stm32f4xx_hal_uart.o
    0x080062e8   0x080062e8   0x00000002   Code   RO         9727    i.HAL_UART_RxHalfCpltCallback  stm32f4xx_hal_uart.o
    0x080062ea   0x080062ea   0x00000004   Code   RO          858    i.HardFault_Handler  stm32f4xx_it.o
    0x080062ee   0x080062ee   0x00000032   Code   RO         7547    i.I2C_IsAcknowledgeFailed  stm32f4xx_hal_i2c.o
    0x08006320   0x08006320   0x00000154   Code   RO         7558    i.I2C_RequestMemoryRead  stm32f4xx_hal_i2c.o
    0x08006474   0x08006474   0x000000d0   Code   RO         7559    i.I2C_RequestMemoryWrite  stm32f4xx_hal_i2c.o
    0x08006544   0x08006544   0x0000005c   Code   RO         7567    i.I2C_WaitOnBTFFlagUntilTimeout  stm32f4xx_hal_i2c.o
    0x080065a0   0x080065a0   0x000000b4   Code   RO         7568    i.I2C_WaitOnFlagUntilTimeout  stm32f4xx_hal_i2c.o
    0x08006654   0x08006654   0x000000ce   Code   RO         7569    i.I2C_WaitOnMasterAddressFlagUntilTimeout  stm32f4xx_hal_i2c.o
    0x08006722   0x08006722   0x0000007c   Code   RO         7570    i.I2C_WaitOnRXNEFlagUntilTimeout  stm32f4xx_hal_i2c.o
    0x0800679e   0x0800679e   0x0000005c   Code   RO         7573    i.I2C_WaitOnTXEFlagUntilTimeout  stm32f4xx_hal_i2c.o
    0x080067fa   0x080067fa   0x00000002   PAD
    0x080067fc   0x080067fc   0x0000007c   Code   RO         3757    i.INS_cali_gyro     ins_task.o
    0x08006878   0x08006878   0x00000048   Code   RO         3758    i.INS_set_cali_gyro  ins_task.o
    0x080068c0   0x080068c0   0x00000304   Code   RO         3759    i.INS_task          ins_task.o
    0x08006bc4   0x08006bc4   0x0000003e   Code   RO         1088    i.IntToUnicode      usbd_desc.o
    0x08006c02   0x08006c02   0x00000002   PAD
    0x08006c04   0x08006c04   0x00000060   Code   RO         2386    i.JUDGE_ShootNumCount_17mm  judge.o
    0x08006c64   0x08006c64   0x0000039c   Code   RO         2423    i.Judge_Read_Data   judge.o
    0x08007000   0x08007000   0x00000020   Code   RO         4443    i.Judge_Task        judge_task.o
    0x08007020   0x08007020   0x00000070   Code   RO          469    i.MX_ADC1_Init      adc.o
    0x08007090   0x08007090   0x00000070   Code   RO          470    i.MX_ADC3_Init      adc.o
    0x08007100   0x08007100   0x00000044   Code   RO          517    i.MX_CAN1_Init      can.o
    0x08007144   0x08007144   0x00000044   Code   RO          518    i.MX_CAN2_Init      can.o
    0x08007188   0x08007188   0x00000098   Code   RO          564    i.MX_DMA_Init       dma.o
    0x08007220   0x08007220   0x000000ec   Code   RO          389    i.MX_FREERTOS_Init  freertos.o
    0x0800730c   0x0800730c   0x00000220   Code   RO          365    i.MX_GPIO_Init      gpio.o
    0x0800752c   0x0800752c   0x0000003c   Code   RO          590    i.MX_I2C2_Init      i2c.o
    0x08007568   0x08007568   0x0000003c   Code   RO          591    i.MX_I2C3_Init      i2c.o
    0x080075a4   0x080075a4   0x00000034   Code   RO          638    i.MX_RTC_Init       rtc.o
    0x080075d8   0x080075d8   0x00000048   Code   RO          680    i.MX_SPI1_Init      spi.o
    0x08007620   0x08007620   0x00000040   Code   RO          681    i.MX_SPI2_Init      spi.o
    0x08007660   0x08007660   0x0000006c   Code   RO          729    i.MX_TIM10_Init     tim.o
    0x080076cc   0x080076cc   0x000000dc   Code   RO          730    i.MX_TIM1_Init      tim.o
    0x080077a8   0x080077a8   0x0000006c   Code   RO          731    i.MX_TIM2_Init      tim.o
    0x08007814   0x08007814   0x000000a4   Code   RO          732    i.MX_TIM4_Init      tim.o
    0x080078b8   0x080078b8   0x000000c4   Code   RO          733    i.MX_TIM5_Init      tim.o
    0x0800797c   0x0800797c   0x00000038   Code   RO          800    i.MX_USART1_UART_Init  usart.o
    0x080079b4   0x080079b4   0x00000040   Code   RO          801    i.MX_USART3_UART_Init  usart.o
    0x080079f4   0x080079f4   0x00000054   Code   RO         1039    i.MX_USB_DEVICE_Init  usb_device.o
    0x08007a48   0x08007a48   0x00000004   Code   RO          859    i.MemManage_Handler  stm32f4xx_it.o
    0x08007a4c   0x08007a4c   0x00000004   Code   RO          860    i.NMI_Handler       stm32f4xx_it.o
    0x08007a50   0x08007a50   0x00000010   Code   RO          861    i.OTG_FS_IRQHandler  stm32f4xx_it.o
    0x08007a60   0x08007a60   0x00000048   Code   RO         5248    i.PCD_EP_OutSetupPacket_int  stm32f4xx_hal_pcd.o
    0x08007aa8   0x08007aa8   0x000000e8   Code   RO         5249    i.PCD_EP_OutXfrComplete_int  stm32f4xx_hal_pcd.o
    0x08007b90   0x08007b90   0x000000a2   Code   RO         5250    i.PCD_WriteEmptyTxFifo  stm32f4xx_hal_pcd.o
    0x08007c32   0x08007c32   0x00000002   PAD
    0x08007c34   0x08007c34   0x0000009c   Code   RO         3643    i.RC_Init           bsp_rc.o
    0x08007cd0   0x08007cd0   0x00000050   Code   RO         3644    i.RC_restart        bsp_rc.o
    0x08007d20   0x08007d20   0x00000018   Code   RO         3645    i.RC_unable         bsp_rc.o
    0x08007d38   0x08007d38   0x00000048   Code   RO         8007    i.RTC_EnterInitMode  stm32f4xx_hal_rtc.o
    0x08007d80   0x08007d80   0x0000002c   Code   RO         8008    i.RTC_ExitInitMode  stm32f4xx_hal_rtc.o
    0x08007dac   0x08007dac   0x00000064   Code   RO         8434    i.SPI_EndRxTxTransaction  stm32f4xx_hal_spi.o
    0x08007e10   0x08007e10   0x000000d8   Code   RO         8439    i.SPI_WaitFlagStateUntilTimeout  stm32f4xx_hal_spi.o
    0x08007ee8   0x08007ee8   0x0000000e   Code   RO          390    i.StartDefaultTask  freertos.o
    0x08007ef6   0x08007ef6   0x00000002   PAD
    0x08007ef8   0x08007ef8   0x0000002c   Code   RO        11352    i.SysTick_Handler   port.o
    0x08007f24   0x08007f24   0x000000b8   Code   RO           16    i.SystemClock_Config  main.o
    0x08007fdc   0x08007fdc   0x00000010   Code   RO        10059    i.SystemInit        system_stm32f4xx.o
    0x08007fec   0x08007fec   0x00000010   Code   RO          862    i.TIM7_IRQHandler   stm32f4xx_it.o
    0x08007ffc   0x08007ffc   0x000000cc   Code   RO         8802    i.TIM_Base_SetConfig  stm32f4xx_hal_tim.o
    0x080080c8   0x080080c8   0x0000001e   Code   RO         8803    i.TIM_CCxChannelCmd  stm32f4xx_hal_tim.o
    0x080080e6   0x080080e6   0x00000016   Code   RO         8813    i.TIM_ETR_SetConfig  stm32f4xx_hal_tim.o
    0x080080fc   0x080080fc   0x00000010   Code   RO         8814    i.TIM_ITRx_SetConfig  stm32f4xx_hal_tim.o
    0x0800810c   0x0800810c   0x00000070   Code   RO         8815    i.TIM_OC1_SetConfig  stm32f4xx_hal_tim.o
    0x0800817c   0x0800817c   0x00000078   Code   RO         8816    i.TIM_OC2_SetConfig  stm32f4xx_hal_tim.o
    0x080081f4   0x080081f4   0x00000078   Code   RO         8817    i.TIM_OC3_SetConfig  stm32f4xx_hal_tim.o
    0x0800826c   0x0800826c   0x00000058   Code   RO         8818    i.TIM_OC4_SetConfig  stm32f4xx_hal_tim.o
    0x080082c4   0x080082c4   0x00000026   Code   RO         8820    i.TIM_TI1_ConfigInputStage  stm32f4xx_hal_tim.o
    0x080082ea   0x080082ea   0x00000024   Code   RO         8822    i.TIM_TI2_ConfigInputStage  stm32f4xx_hal_tim.o
    0x0800830e   0x0800830e   0x0000004a   Code   RO         9734    i.UART_DMAError     stm32f4xx_hal_uart.o
    0x08008358   0x08008358   0x00000084   Code   RO         9735    i.UART_DMAReceiveCplt  stm32f4xx_hal_uart.o
    0x080083dc   0x080083dc   0x0000001a   Code   RO         9737    i.UART_DMARxHalfCplt  stm32f4xx_hal_uart.o
    0x080083f6   0x080083f6   0x0000004e   Code   RO         9743    i.UART_EndRxTransfer  stm32f4xx_hal_uart.o
    0x08008444   0x08008444   0x0000001c   Code   RO         9745    i.UART_EndTxTransfer  stm32f4xx_hal_uart.o
    0x08008460   0x08008460   0x000000fc   Code   RO         9747    i.UART_SetConfig    stm32f4xx_hal_uart.o
    0x0800855c   0x0800855c   0x00000098   Code   RO         9748    i.UART_Start_Receive_DMA  stm32f4xx_hal_uart.o
    0x080085f4   0x080085f4   0x000000c8   Code   RO         4444    i.USART1_IRQHandler  judge_task.o
    0x080086bc   0x080086bc   0x00000130   Code   RO         2224    i.USART3_IRQHandler  remote_control.o
    0x080087ec   0x080087ec   0x00000078   Code   RO        11751    i.USBD_CDC_DataIn   usbd_cdc.o
    0x08008864   0x08008864   0x0000003e   Code   RO        11752    i.USBD_CDC_DataOut  usbd_cdc.o
    0x080088a2   0x080088a2   0x00000002   PAD
    0x080088a4   0x080088a4   0x00000094   Code   RO        11753    i.USBD_CDC_DeInit   usbd_cdc.o
    0x08008938   0x08008938   0x00000038   Code   RO        11754    i.USBD_CDC_EP0_RxReady  usbd_cdc.o
    0x08008970   0x08008970   0x0000000c   Code   RO        11755    i.USBD_CDC_GetDeviceQualifierDescriptor  usbd_cdc.o
    0x0800897c   0x0800897c   0x0000003c   Code   RO        11756    i.USBD_CDC_GetFSCfgDesc  usbd_cdc.o
    0x080089b8   0x080089b8   0x00000040   Code   RO        11757    i.USBD_CDC_GetHSCfgDesc  usbd_cdc.o
    0x080089f8   0x080089f8   0x0000003c   Code   RO        11758    i.USBD_CDC_GetOtherSpeedCfgDesc  usbd_cdc.o
    0x08008a34   0x08008a34   0x00000160   Code   RO        11759    i.USBD_CDC_Init     usbd_cdc.o
    0x08008b94   0x08008b94   0x00000048   Code   RO        11760    i.USBD_CDC_ReceivePacket  usbd_cdc.o
    0x08008bdc   0x08008bdc   0x00000018   Code   RO        11761    i.USBD_CDC_RegisterInterface  usbd_cdc.o
    0x08008bf4   0x08008bf4   0x0000001c   Code   RO        11762    i.USBD_CDC_SetRxBuffer  usbd_cdc.o
    0x08008c10   0x08008c10   0x00000020   Code   RO        11763    i.USBD_CDC_SetTxBuffer  usbd_cdc.o
    0x08008c30   0x08008c30   0x00000110   Code   RO        11764    i.USBD_CDC_Setup    usbd_cdc.o
    0x08008d40   0x08008d40   0x00000014   Code   RO        11431    i.USBD_ClrClassConfig  usbd_core.o
    0x08008d54   0x08008d54   0x00000026   Code   RO        11593    i.USBD_ClrFeature   usbd_ctlreq.o
    0x08008d7a   0x08008d7a   0x00000004   Code   RO        11432    i.USBD_CoreFindEP   usbd_core.o
    0x08008d7e   0x08008d7e   0x00000004   Code   RO        11433    i.USBD_CoreFindIF   usbd_core.o
    0x08008d82   0x08008d82   0x00000010   Code   RO        11691    i.USBD_CtlContinueRx  usbd_ioreq.o
    0x08008d92   0x08008d92   0x00000010   Code   RO        11692    i.USBD_CtlContinueSendData  usbd_ioreq.o
    0x08008da2   0x08008da2   0x00000018   Code   RO        11594    i.USBD_CtlError     usbd_ctlreq.o
    0x08008dba   0x08008dba   0x0000001e   Code   RO        11693    i.USBD_CtlPrepareRx  usbd_ioreq.o
    0x08008dd8   0x08008dd8   0x00000016   Code   RO        11694    i.USBD_CtlReceiveStatus  usbd_ioreq.o
    0x08008dee   0x08008dee   0x0000001a   Code   RO        11695    i.USBD_CtlSendData  usbd_ioreq.o
    0x08008e08   0x08008e08   0x00000016   Code   RO        11696    i.USBD_CtlSendStatus  usbd_ioreq.o
    0x08008e1e   0x08008e1e   0x00000002   PAD
    0x08008e20   0x08008e20   0x00000030   Code   RO         1089    i.USBD_FS_ConfigStrDescriptor  usbd_desc.o
    0x08008e50   0x08008e50   0x0000000c   Code   RO         1090    i.USBD_FS_DeviceDescriptor  usbd_desc.o
    0x08008e5c   0x08008e5c   0x00000034   Code   RO         1091    i.USBD_FS_InterfaceStrDescriptor  usbd_desc.o
    0x08008e90   0x08008e90   0x0000000c   Code   RO         1092    i.USBD_FS_LangIDStrDescriptor  usbd_desc.o
    0x08008e9c   0x08008e9c   0x00000028   Code   RO         1093    i.USBD_FS_ManufacturerStrDescriptor  usbd_desc.o
    0x08008ec4   0x08008ec4   0x0000003c   Code   RO         1094    i.USBD_FS_ProductStrDescriptor  usbd_desc.o
    0x08008f00   0x08008f00   0x00000014   Code   RO         1095    i.USBD_FS_SerialStrDescriptor  usbd_desc.o
    0x08008f14   0x08008f14   0x00000034   Code   RO        11595    i.USBD_GetConfig    usbd_ctlreq.o
    0x08008f48   0x08008f48   0x000001b4   Code   RO        11596    i.USBD_GetDescriptor  usbd_ctlreq.o
    0x080090fc   0x080090fc   0x0000003c   Code   RO        11435    i.USBD_GetEpDesc    usbd_core.o
    0x08009138   0x08009138   0x00000018   Code   RO        11597    i.USBD_GetLen       usbd_ctlreq.o
    0x08009150   0x08009150   0x0000000e   Code   RO        11436    i.USBD_GetNextDesc  usbd_core.o
    0x0800915e   0x0800915e   0x00000036   Code   RO        11598    i.USBD_GetStatus    usbd_ctlreq.o
    0x08009194   0x08009194   0x00000044   Code   RO        11599    i.USBD_GetString    usbd_ctlreq.o
    0x080091d8   0x080091d8   0x00000024   Code   RO         1252    i.USBD_Get_USB_Status  usbd_conf.o
    0x080091fc   0x080091fc   0x00000028   Code   RO        11437    i.USBD_Init         usbd_core.o
    0x08009224   0x08009224   0x00000012   Code   RO         1253    i.USBD_LL_ClearStallEP  usbd_conf.o
    0x08009236   0x08009236   0x00000012   Code   RO         1254    i.USBD_LL_CloseEP   usbd_conf.o
    0x08009248   0x08009248   0x000000dc   Code   RO        11438    i.USBD_LL_DataInStage  usbd_core.o
    0x08009324   0x08009324   0x000000d0   Code   RO        11439    i.USBD_LL_DataOutStage  usbd_core.o
    0x080093f4   0x080093f4   0x00000004   Code   RO        11440    i.USBD_LL_DevConnected  usbd_core.o
    0x080093f8   0x080093f8   0x00000020   Code   RO        11441    i.USBD_LL_DevDisconnected  usbd_core.o
    0x08009418   0x08009418   0x00000008   Code   RO         1258    i.USBD_LL_GetRxDataSize  usbd_conf.o
    0x08009420   0x08009420   0x00000060   Code   RO         1259    i.USBD_LL_Init      usbd_conf.o
    0x08009480   0x08009480   0x00000022   Code   RO         1260    i.USBD_LL_IsStallEP  usbd_conf.o
    0x080094a2   0x080094a2   0x0000002a   Code   RO        11442    i.USBD_LL_IsoINIncomplete  usbd_core.o
    0x080094cc   0x080094cc   0x0000002a   Code   RO        11443    i.USBD_LL_IsoOUTIncomplete  usbd_core.o
    0x080094f6   0x080094f6   0x00000018   Code   RO         1261    i.USBD_LL_OpenEP    usbd_conf.o
    0x0800950e   0x0800950e   0x00000012   Code   RO         1262    i.USBD_LL_PrepareReceive  usbd_conf.o
    0x08009520   0x08009520   0x00000060   Code   RO        11444    i.USBD_LL_Reset     usbd_core.o
    0x08009580   0x08009580   0x00000014   Code   RO        11445    i.USBD_LL_Resume    usbd_core.o
    0x08009594   0x08009594   0x0000001a   Code   RO        11446    i.USBD_LL_SOF       usbd_core.o
    0x080095ae   0x080095ae   0x00000006   Code   RO        11447    i.USBD_LL_SetSpeed  usbd_core.o
    0x080095b4   0x080095b4   0x00000012   Code   RO         1263    i.USBD_LL_SetUSBAddress  usbd_conf.o
    0x080095c6   0x080095c6   0x00000064   Code   RO        11448    i.USBD_LL_SetupStage  usbd_core.o
    0x0800962a   0x0800962a   0x00000012   Code   RO         1264    i.USBD_LL_StallEP   usbd_conf.o
    0x0800963c   0x0800963c   0x00000012   Code   RO         1265    i.USBD_LL_Start     usbd_conf.o
    0x0800964e   0x0800964e   0x00000012   Code   RO        11449    i.USBD_LL_Suspend   usbd_core.o
    0x08009660   0x08009660   0x00000012   Code   RO         1267    i.USBD_LL_Transmit  usbd_conf.o
    0x08009672   0x08009672   0x00000032   Code   RO        11600    i.USBD_ParseSetupRequest  usbd_ctlreq.o
    0x080096a4   0x080096a4   0x0000003a   Code   RO        11450    i.USBD_RegisterClass  usbd_core.o
    0x080096de   0x080096de   0x00000004   Code   RO        11451    i.USBD_RunTestMode  usbd_core.o
    0x080096e2   0x080096e2   0x00000058   Code   RO        11601    i.USBD_SetAddress   usbd_ctlreq.o
    0x0800973a   0x0800973a   0x00000014   Code   RO        11452    i.USBD_SetClassConfig  usbd_core.o
    0x0800974e   0x0800974e   0x00000002   PAD
    0x08009750   0x08009750   0x000000dc   Code   RO        11602    i.USBD_SetConfig    usbd_ctlreq.o
    0x0800982c   0x0800982c   0x00000024   Code   RO        11603    i.USBD_SetFeature   usbd_ctlreq.o
    0x08009850   0x08009850   0x00000004   Code   RO        11453    i.USBD_Start        usbd_core.o
    0x08009854   0x08009854   0x00000076   Code   RO        11604    i.USBD_StdDevReq    usbd_ctlreq.o
    0x080098ca   0x080098ca   0x0000022e   Code   RO        11605    i.USBD_StdEPReq     usbd_ctlreq.o
    0x08009af8   0x08009af8   0x0000008e   Code   RO        11606    i.USBD_StdItfReq    usbd_ctlreq.o
    0x08009b86   0x08009b86   0x00000002   Code   RO         1268    i.USBD_static_free  usbd_conf.o
    0x08009b88   0x08009b88   0x00000008   Code   RO         1269    i.USBD_static_malloc  usbd_conf.o
    0x08009b90   0x08009b90   0x0000009c   Code   RO         5499    i.USB_ActivateEndpoint  stm32f4xx_ll_usb.o
    0x08009c2c   0x08009c2c   0x0000001c   Code   RO         5501    i.USB_ActivateSetup  stm32f4xx_ll_usb.o
    0x08009c48   0x08009c48   0x0000007e   Code   RO         5503    i.USB_CoreInit      stm32f4xx_ll_usb.o
    0x08009cc6   0x08009cc6   0x00000002   PAD
    0x08009cc8   0x08009cc8   0x00000050   Code   RO         5504    i.USB_CoreReset     stm32f4xx_ll_usb.o
    0x08009d18   0x08009d18   0x000000dc   Code   RO         5507    i.USB_DeactivateEndpoint  stm32f4xx_ll_usb.o
    0x08009df4   0x08009df4   0x0000001c   Code   RO         5508    i.USB_DevConnect    stm32f4xx_ll_usb.o
    0x08009e10   0x08009e10   0x0000001c   Code   RO         5509    i.USB_DevDisconnect  stm32f4xx_ll_usb.o
    0x08009e2c   0x08009e2c   0x00000178   Code   RO         5510    i.USB_DevInit       stm32f4xx_ll_usb.o
    0x08009fa4   0x08009fa4   0x0000000c   Code   RO         5511    i.USB_DisableGlobalInt  stm32f4xx_ll_usb.o
    0x08009fb0   0x08009fb0   0x0000012e   Code   RO         5514    i.USB_EP0StartXfer  stm32f4xx_ll_usb.o
    0x0800a0de   0x0800a0de   0x00000002   PAD
    0x0800a0e0   0x0800a0e0   0x00000060   Code   RO         5515    i.USB_EP0_OutStart  stm32f4xx_ll_usb.o
    0x0800a140   0x0800a140   0x00000058   Code   RO         5516    i.USB_EPClearStall  stm32f4xx_ll_usb.o
    0x0800a198   0x0800a198   0x0000005e   Code   RO         5517    i.USB_EPSetStall    stm32f4xx_ll_usb.o
    0x0800a1f6   0x0800a1f6   0x0000022c   Code   RO         5518    i.USB_EPStartXfer   stm32f4xx_ll_usb.o
    0x0800a422   0x0800a422   0x000000b4   Code   RO         5519    i.USB_EPStopXfer    stm32f4xx_ll_usb.o
    0x0800a4d6   0x0800a4d6   0x0000000c   Code   RO         5520    i.USB_EnableGlobalInt  stm32f4xx_ll_usb.o
    0x0800a4e2   0x0800a4e2   0x00000002   PAD
    0x0800a4e4   0x0800a4e4   0x0000004c   Code   RO         5521    i.USB_FlushRxFifo   stm32f4xx_ll_usb.o
    0x0800a530   0x0800a530   0x00000058   Code   RO         5522    i.USB_FlushTxFifo   stm32f4xx_ll_usb.o
    0x0800a588   0x0800a588   0x00000020   Code   RO         5524    i.USB_GetDevSpeed   stm32f4xx_ll_usb.o
    0x0800a5a8   0x0800a5a8   0x00000008   Code   RO         5526    i.USB_GetMode       stm32f4xx_ll_usb.o
    0x0800a5b0   0x0800a5b0   0x0000000e   Code   RO         5533    i.USB_ReadDevAllInEpInterrupt  stm32f4xx_ll_usb.o
    0x0800a5be   0x0800a5be   0x0000000e   Code   RO         5534    i.USB_ReadDevAllOutEpInterrupt  stm32f4xx_ll_usb.o
    0x0800a5cc   0x0800a5cc   0x00000024   Code   RO         5535    i.USB_ReadDevInEPInterrupt  stm32f4xx_ll_usb.o
    0x0800a5f0   0x0800a5f0   0x00000010   Code   RO         5536    i.USB_ReadDevOutEPInterrupt  stm32f4xx_ll_usb.o
    0x0800a600   0x0800a600   0x00000008   Code   RO         5537    i.USB_ReadInterrupts  stm32f4xx_ll_usb.o
    0x0800a608   0x0800a608   0x00000048   Code   RO         5538    i.USB_ReadPacket    stm32f4xx_ll_usb.o
    0x0800a650   0x0800a650   0x00000060   Code   RO         5540    i.USB_SetCurrentMode  stm32f4xx_ll_usb.o
    0x0800a6b0   0x0800a6b0   0x00000022   Code   RO         5541    i.USB_SetDevAddress  stm32f4xx_ll_usb.o
    0x0800a6d2   0x0800a6d2   0x0000000e   Code   RO         5542    i.USB_SetDevSpeed   stm32f4xx_ll_usb.o
    0x0800a6e0   0x0800a6e0   0x000000f4   Code   RO         5543    i.USB_SetTurnaroundTime  stm32f4xx_ll_usb.o
    0x0800a7d4   0x0800a7d4   0x00000034   Code   RO         5546    i.USB_WritePacket   stm32f4xx_ll_usb.o
    0x0800a808   0x0800a808   0x00000004   Code   RO          863    i.UsageFault_Handler  stm32f4xx_it.o
    0x0800a80c   0x0800a80c   0x00000130   Code   RO         1623    i.Vision_Read_Data  vision.o
    0x0800a93c   0x0800a93c   0x0000006c   Code   RO         4872    i._Z10RAMP_floatfff  user_lib.o
    0x0800a9a8   0x0800a9a8   0x00000010   Code   RO         3536    i._Z10buzzer_offv   bsp_buzzer.o
    0x0800a9b8   0x0800a9b8   0x00000014   Code   RO         3580    i._Z10flash_readjPjj  bsp_flash.o
    0x0800a9cc   0x0800a9cc   0x000000f4   Code   RO         3581    i._Z10ger_sectorj   bsp_flash.o
    0x0800aac0   0x0800aac0   0x00000034   Code   RO         1946    i._Z11BMI088_initv  bmi088driver.o
    0x0800aaf4   0x0800aaf4   0x0000017c   Code   RO         1947    i._Z11BMI088_readPfS_S_  bmi088driver.o
    0x0800ac70   0x0800ac70   0x0000016c   Code   RO         4227    i._Z11detect_initj  detect_task.o
    0x0800addc   0x0800addc   0x0000000c   Code   RO         3447    i._Z11imu_pwm_sett  bsp_imu_pwm.o
    0x0800ade8   0x0800ade8   0x0000005c   Code   RO         3476    i._Z12get_tempratev  bsp_adc.o
    0x0800ae44   0x0800ae44   0x00000094   Code   RO         2189    i._Z12ist8310_initv  ist8310driver.o
    0x0800aed8   0x0800aed8   0x00000180   Code   RO         3411    i._Z13SPI1_DMA_initjjt  bsp_spi.o
    0x0800b058   0x0800b058   0x00000014   Code   RO         2097    i._Z13ist8310_RST_Hv  ist8310driver_middleware.o
    0x0800b06c   0x0800b06c   0x00000014   Code   RO         2098    i._Z13ist8310_RST_Lv  ist8310driver_middleware.o
    0x0800b080   0x0800b080   0x000000ec   Code   RO         4120    i._Z14cali_data_readv  calibrate_task.o
    0x0800b16c   0x0800b16c   0x00000064   Code   RO         4121    i._Z14cali_gyro_hookPjh  calibrate_task.o
    0x0800b1d0   0x0800b1d0   0x00000046   Code   RO         4122    i._Z14cali_head_hookPjh  calibrate_task.o
    0x0800b216   0x0800b216   0x00000002   PAD
    0x0800b218   0x0800b218   0x0000012c   Code   RO         3760    i._Z14imu_cali_slovePfS_S_P16BMI088_REAL_DATAP19ist8310_real_data_t  ins_task.o
    0x0800b344   0x0800b344   0x00000002   Code   RO         1861    i._Z15BMI088_com_initv  bmi088middleware.o
    0x0800b346   0x0800b346   0x0000001a   Code   RO         1862    i._Z15BMI088_delay_mst  bmi088middleware.o
    0x0800b360   0x0800b360   0x0000004a   Code   RO         1863    i._Z15BMI088_delay_ust  bmi088middleware.o
    0x0800b3aa   0x0800b3aa   0x00000002   PAD
    0x0800b3ac   0x0800b3ac   0x0000273c   Code   RO         3412    i._Z15SPI1_DMA_enablejjt  bsp_spi.o
    0x0800dae8   0x0800dae8   0x0000008c   Code   RO         4123    i._Z15cali_data_writev  calibrate_task.o
    0x0800db74   0x0800db74   0x00000168   Code   RO         3761    i._Z15imu_cmd_spi_dmav  ins_task.o
    0x0800dcdc   0x0800dcdc   0x00000002   Code   RO         1864    i._Z16BMI088_GPIO_initv  bmi088middleware.o
    0x0800dcde   0x0800dcde   0x00000002   PAD
    0x0800dce0   0x0800dce0   0x00000014   Code   RO         1865    i._Z16BMI088_GYRO_NS_Hv  bmi088middleware.o
    0x0800dcf4   0x0800dcf4   0x00000014   Code   RO         1866    i._Z16BMI088_GYRO_NS_Lv  bmi088middleware.o
    0x0800dd08   0x0800dd08   0x000000f4   Code   RO         1949    i._Z16bmi088_gyro_initv  bmi088driver.o
    0x0800ddfc   0x0800ddfc   0x00000014   Code   RO         4124    i._Z16cali_gimbal_hookPjh  calibrate_task.o
    0x0800de10   0x0800de10   0x000000b8   Code   RO         3762    i._Z16imu_temp_controlf  ins_task.o
    0x0800dec8   0x0800dec8   0x00000002   Code   RO         2099    i._Z16ist8310_com_initv  ist8310driver_middleware.o
    0x0800deca   0x0800deca   0x0000000c   Code   RO         2100    i._Z16ist8310_delay_mst  ist8310driver_middleware.o
    0x0800ded6   0x0800ded6   0x00000002   PAD
    0x0800ded8   0x0800ded8   0x00000014   Code   RO         1867    i._Z17BMI088_ACCEL_NS_Hv  bmi088middleware.o
    0x0800deec   0x0800deec   0x00000014   Code   RO         1868    i._Z17BMI088_ACCEL_NS_Lv  bmi088middleware.o
    0x0800df00   0x0800df00   0x00000134   Code   RO         1951    i._Z17bmi088_accel_initv  bmi088driver.o
    0x0800e034   0x0800e034   0x0000007c   Code   RO         3537    i._Z17buzzer_warn_errori  bsp_buzzer.o
    0x0800e0b0   0x0800e0b0   0x00000002   Code   RO         2102    i._Z17ist8310_GPIO_initv  ist8310driver_middleware.o
    0x0800e0b2   0x0800e0b2   0x00000002   PAD
    0x0800e0b4   0x0800e0b4   0x00000024   Code   RO         4808    i._Z18Get_CRC8_Check_SumPhjh  crc_check.o
    0x0800e0d8   0x0800e0d8   0x0000003c   Code   RO         3477    i._Z18adcx_get_chx_valueP17ADC_HandleTypeDefj  bsp_adc.o
    0x0800e114   0x0800e114   0x00000034   Code   RO         4809    i._Z19Get_CRC16_Check_SumPhjt  crc_check.o
    0x0800e148   0x0800e148   0x00000374   Code   RO         4125    i._Z19RC_cmd_to_calibratev  calibrate_task.o
    0x0800e4bc   0x0800e4bc   0x0000002e   Code   RO         3582    i._Z19flash_erase_addressjt  bsp_flash.o
    0x0800e4ea   0x0800e4ea   0x00000026   Code   RO         1952    i._Z20BMI088_read_muli_reghPhh  bmi088driver.o
    0x0800e510   0x0800e510   0x00000068   Code   RO         1954    i._Z21BMI088_gyro_read_overPhPf  bmi088driver.o
    0x0800e578   0x0800e578   0x0000002e   Code   RO         4811    i._Z21Verify_CRC8_Check_SumPhj  crc_check.o
    0x0800e5a6   0x0800e5a6   0x000000d0   Code   RO         1955    i._Z21bmi088_gyro_self_testv  bmi088driver.o
    0x0800e676   0x0800e676   0x00000002   PAD
    0x0800e678   0x0800e678   0x00000090   Code   RO         1956    i._Z22BMI088_accel_read_overPhPfS0_  bmi088driver.o
    0x0800e708   0x0800e708   0x00000018   Code   RO         1957    i._Z22BMI088_read_single_reghPh  bmi088driver.o
    0x0800e720   0x0800e720   0x00000020   Code   RO         1869    i._Z22BMI088_read_write_byteh  bmi088middleware.o
    0x0800e740   0x0800e740   0x00000040   Code   RO         4813    i._Z22Verify_CRC16_Check_SumPhj  crc_check.o
    0x0800e780   0x0800e780   0x000002fc   Code   RO         1958    i._Z22bmi088_accel_self_testv  bmi088driver.o
    0x0800ea7c   0x0800ea7c   0x000000e8   Code   RO         3583    i._Z22get_next_flash_addressj  bsp_flash.o
    0x0800eb64   0x0800eb64   0x00000014   Code   RO         1960    i._Z23BMI088_write_single_reghh  bmi088driver.o
    0x0800eb78   0x0800eb78   0x00000098   Code   RO         3585    i._Z26flash_write_single_addressjPjj  bsp_flash.o
    0x0800ec10   0x0800ec10   0x00000028   Code   RO         2105    i._Z27ist8310_IIC_read_single_regh  ist8310driver_middleware.o
    0x0800ec38   0x0800ec38   0x00000034   Code   RO         1963    i._Z28BMI088_temperature_read_overPhPf  bmi088driver.o
    0x0800ec6c   0x0800ec6c   0x00000028   Code   RO         2106    i._Z28ist8310_IIC_write_single_reghh  ist8310driver_middleware.o
    0x0800ec94   0x0800ec94   0x00000014   Code   RO         3538    i._Z9buzzer_ontt    bsp_buzzer.o
    0x0800eca8   0x0800eca8   0x0000004c   Code   RO         4700    i._ZN11LADRC_FDW_t4initEffffff  ladrc_feedforward.o
    0x0800ecf4   0x0800ecf4   0x00000040   Code   RO         4746    i._ZN11extKalman_t12KalmanCreateEff  kalman.o
    0x0800ed34   0x0800ed34   0x00000034   Code   RO         4487    i._ZN12fric_motor_t17current_calculateEv  revolver_task.o
    0x0800ed68   0x0800ed68   0x00000188   Code   RO         4488    i._ZN15revolver_task_t13READY_controlEv  revolver_task.o
    0x0800eef0   0x0800eef0   0x00000042   Code   RO         4489    i._ZN15revolver_task_t13SHOOT_controlEv  revolver_task.o
    0x0800ef32   0x0800ef32   0x00000002   PAD
    0x0800ef34   0x0800ef34   0x000000b4   Code   RO         4490    i._ZN15revolver_task_t14ADJUST_controlEv  revolver_task.o
    0x0800efe8   0x0800efe8   0x000000a4   Code   RO         4491    i._ZN15revolver_task_t16SHOOTING_controlEv  revolver_task.o
    0x0800f08c   0x0800f08c   0x000000c4   Code   RO         4492    i._ZN15revolver_task_t17fric_speed_buzzerEv  revolver_task.o
    0x0800f150   0x0800f150   0x00000060   Code   RO         4493    i._ZN15revolver_task_t18ZERO_FORCE_controlEv  revolver_task.o
    0x0800f1b0   0x0800f1b0   0x000000f8   Code   RO         4494    i._ZN15revolver_task_t24revolver_feedback_updateEv  revolver_task.o
    0x0800f2a8   0x0800f2a8   0x00000080   Code   RO         4495    i._ZN15revolver_task_t25fric_speed_offset_controlEv  revolver_task.o
    0x0800f328   0x0800f328   0x00000044   Code   RO         4496    i._ZN15revolver_task_t7controlEv  revolver_task.o
    0x0800f36c   0x0800f36c   0x000000cc   Code   RO         4497    i._ZN15revolver_task_tC1Ev  revolver_task.o
    0x0800f438   0x0800f438   0x000000b4   Code   RO         4498    i._ZN15slipper_motor_t14bullet_num_calEv  revolver_task.o
    0x0800f4ec   0x0800f4ec   0x000000a4   Code   RO         4499    i._ZN15slipper_motor_t15SLIPPER_controlEv  revolver_task.o
    0x0800f590   0x0800f590   0x00000118   Code   RO         4500    i._ZN15slipper_motor_t17CALIBRATE_controlEv  revolver_task.o
    0x0800f6a8   0x0800f6a8   0x000001b8   Code   RO         4502    i._ZN15slipper_motor_t24SHOOTING_slipper_controlEv  revolver_task.o
    0x0800f860   0x0800f860   0x00000084   Code   RO         4342    i._ZN16Vision_process_tC1Ev  communicate_task.o
    0x0800f8e4   0x0800f8e4   0x000001c0   Code   RO         3914    i._ZN16gimbal_control_tC1Ev  gimbal_task.o
    0x0800faa4   0x0800faa4   0x0000021c   Code   RO         4627    i._ZN5PID_t4calcEff  pid.o
    0x0800fcc0   0x0800fcc0   0x00000058   Code   RO         4628    i._ZN5PID_t4initEhPKfff  pid.o
    0x0800fd18   0x0800fd18   0x00000200   Code   RO         4630    i._ZN5PID_t6DLcalcEfff  pid.o
    0x0800ff18   0x0800ff18   0x00000016   Code   RO         1446    i._ZN7motor_tC1Ev   motor.o
    0x0800ff2e   0x0800ff2e   0x00000002   PAD
    0x0800ff30   0x0800ff30   0x000000b4   Code   RO         4275    i._ZN8system_t7TransitEv  system_task.o
    0x0800ffe4   0x0800ffe4   0x00000084   Code   RO         4276    i._ZN8system_t8mode_setEv  system_task.o
    0x08010068   0x08010068   0x00000016   Code   RO         4277    i._ZN8system_tC1Ev  system_task.o
    0x0801007e   0x0801007e   0x00000026   Code   RO        12251    i.__ARM_fpclassifyf  m_wm.l(fpclassifyf.o)
    0x080100a4   0x080100a4   0x00000014   Code   RO         4406    i.__ARM_isinff      communicate_task.o
    0x080100b8   0x080100b8   0x0000000e   Code   RO         4049    i.__ARM_isnanf      gimbal_task.o
    0x080100c6   0x080100c6   0x00000024   Code   RO        12126    i.__aeabi_vec_ctor_nocookie_nodtor  cpprt_w.l(aeabi_vec_ctor_nocookie_nodtor.o)
    0x080100ea   0x080100ea   0x00000002   PAD
    0x080100ec   0x080100ec   0x0000012c   Code   RO        12143    i.__hardfp_asinf    m_wm.l(asinf.o)
    0x08010218   0x08010218   0x000002ac   Code   RO        12155    i.__hardfp_atan2f   m_wm.l(atan2f.o)
    0x080104c4   0x080104c4   0x0000003a   Code   RO        12179    i.__hardfp_sqrtf    m_wm.l(sqrtf_full.o)
    0x080104fe   0x080104fe   0x00000006   Code   RO        12254    i.__mathlib_flt_infnan  m_wm.l(funder.o)
    0x08010504   0x08010504   0x00000006   Code   RO        12255    i.__mathlib_flt_infnan2  m_wm.l(funder.o)
    0x0801050a   0x0801050a   0x00000002   PAD
    0x0801050c   0x0801050c   0x00000010   Code   RO        12256    i.__mathlib_flt_invalid  m_wm.l(funder.o)
    0x0801051c   0x0801051c   0x00000010   Code   RO        12259    i.__mathlib_flt_underflow  m_wm.l(funder.o)
    0x0801052c   0x0801052c   0x00000010   Code   RO         3915    i.__sti___15_gimbal_task_cpp_gimbal  gimbal_task.o
    0x0801053c   0x0801053c   0x00000010   Code   RO         4278    i.__sti___15_system_task_cpp_sys  system_task.o
    0x0801054c   0x0801054c   0x00000010   Code   RO         4503    i.__sti___17_revolver_task_cpp_revolver  revolver_task.o
    0x0801055c   0x0801055c   0x00000010   Code   RO         4343    i.__sti___20_communicate_task_cpp_dc63f1aa  communicate_task.o
    0x0801056c   0x0801056c   0x00000018   Code   RO         1447    i.__sti___9_motor_cpp_motor  motor.o
    0x08010584   0x08010584   0x00000068   Code   RO         3725    i.aRGB_led_show     bsp_led.o
    0x080105ec   0x080105ec   0x000001d0   Code   RO        11857    i.accel_comple_filter  AHRS.lib(ahrs.o)
    0x080107bc   0x080107bc   0x0000018c   Code   RO        11858    i.accel_update_kp_ki  AHRS.lib(ahrs.o)
    0x08010948   0x08010948   0x0000016c   Code   RO        11859    i.angle_to_quat     AHRS.lib(ahrs.o)
    0x08010ab4   0x08010ab4   0x000000b8   Code   RO         4126    i.cali_param_init   calibrate_task.o
    0x08010b6c   0x08010b6c   0x00000134   Code   RO         4127    i.calibrate_task    calibrate_task.o
    0x08010ca0   0x08010ca0   0x0000005c   Code   RO         3298    i.can_filter_init   bsp_can.o
    0x08010cfc   0x08010cfc   0x00000124   Code   RO         4228    i.detect_hook       detect_task.o
    0x08010e20   0x08010e20   0x0000027c   Code   RO         4229    i.detect_task       detect_task.o
    0x0801109c   0x0801109c   0x00000034   Code   RO         2956    i.get_CRC16_check_sum  crc8_crc16.o
    0x080110d0   0x080110d0   0x00000024   Code   RO         2957    i.get_CRC8_check_sum  crc8_crc16.o
    0x080110f4   0x080110f4   0x00000008   Code   RO         3763    i.get_INS_angle_point  ins_task.o
    0x080110fc   0x080110fc   0x000000e8   Code   RO        11860    i.get_angle         AHRS.lib(ahrs.o)
    0x080111e4   0x080111e4   0x0000000c   Code   RO         4128    i.get_control_temperature  calibrate_task.o
    0x080111f0   0x080111f0   0x00000008   Code   RO         3766    i.get_gyro_data_point  ins_task.o
    0x080111f8   0x080111f8   0x00000190   Code   RO         1448    i.get_motor_measure  motor.o
    0x08011388   0x08011388   0x00000014   Code   RO         3299    i.get_motor_measure_class  bsp_can.o
    0x0801139c   0x0801139c   0x00000008   Code   RO         2225    i.get_remote_control_point  remote_control.o
    0x080113a4   0x080113a4   0x00000054   Code   RO         3768    i.gyro_offset_calc  ins_task.o
    0x080113f8   0x080113f8   0x0000007c   Code   RO           17    i.main              main.o
    0x08011474   0x08011474   0x0000000c   Code   RO        10917    i.makeFreeRtosPriority  cmsis_os.o
    0x08011480   0x08011480   0x00000074   Code   RO         4084    i.monitor_task      monitor_task.o
    0x080114f4   0x080114f4   0x00000010   Code   RO        10919    i.osDelay           cmsis_os.o
    0x08011504   0x08011504   0x0000000a   Code   RO        10922    i.osKernelStart     cmsis_os.o
    0x0801150e   0x0801150e   0x0000005c   Code   RO        10956    i.osThreadCreate    cmsis_os.o
    0x0801156a   0x0801156a   0x00000002   PAD
    0x0801156c   0x0801156c   0x00000024   Code   RO        10570    i.pcTaskGetName     tasks.o
    0x08011590   0x08011590   0x00000078   Code   RO        10571    i.prvAddCurrentTaskToDelayedList  tasks.o
    0x08011608   0x08011608   0x00000088   Code   RO        10572    i.prvAddNewTaskToReadyList  tasks.o
    0x08011690   0x08011690   0x00000040   Code   RO        10573    i.prvCheckTasksWaitingTermination  tasks.o
    0x080116d0   0x080116d0   0x00000040   Code   RO        10574    i.prvDeleteTCB      tasks.o
    0x08011710   0x08011710   0x00000050   Code   RO        11284    i.prvHeapInit       heap_4.o
    0x08011760   0x08011760   0x00000028   Code   RO        10575    i.prvIdleTask       tasks.o
    0x08011788   0x08011788   0x0000007e   Code   RO        10576    i.prvInitialiseNewTask  tasks.o
    0x08011806   0x08011806   0x00000002   PAD
    0x08011808   0x08011808   0x00000060   Code   RO        10577    i.prvInitialiseTaskLists  tasks.o
    0x08011868   0x08011868   0x0000005c   Code   RO        11285    i.prvInsertBlockIntoFreeList  heap_4.o
    0x080118c4   0x080118c4   0x00000024   Code   RO        10578    i.prvResetNextTaskUnblockTime  tasks.o
    0x080118e8   0x080118e8   0x0000006e   Code   RO        10579    i.prvSearchForNameWithinSingleList  tasks.o
    0x08011956   0x08011956   0x00000002   PAD
    0x08011958   0x08011958   0x00000030   Code   RO        11353    i.prvTaskExitError  port.o
    0x08011988   0x08011988   0x000000e8   Code   RO        11286    i.pvPortMalloc      heap_4.o
    0x08011a70   0x08011a70   0x0000002c   Code   RO        11354    i.pxPortInitialiseStack  port.o
    0x08011a9c   0x08011a9c   0x00000084   Code   RO        11865    i.quat_normalization  AHRS.lib(ahrs.o)
    0x08011b20   0x08011b20   0x00000014   Code   RO         2226    i.remote_control_init  remote_control.o
    0x08011b34   0x08011b34   0x00000008   Code   RO         4504    i.revolver_point    revolver_task.o
    0x08011b3c   0x08011b3c   0x00000084   Code   RO         4505    i.revolver_task     revolver_task.o
    0x08011bc0   0x08011bc0   0x000000da   Code   RO         2227    i.sbus_to_rc        remote_control.o
    0x08011c9a   0x08011c9a   0x0000003e   Code   RO        12181    i.sqrtf             m_wm.l(sqrtf_full.o)
    0x08011cd8   0x08011cd8   0x00000008   Code   RO         4279    i.syspoint          system_task.o
    0x08011ce0   0x08011ce0   0x0000002c   Code   RO         4280    i.system_task       system_task.o
    0x08011d0c   0x08011d0c   0x00000018   Code   RO         4231    i.toe_is_error      detect_task.o
    0x08011d24   0x08011d24   0x00000068   Code   RO        10582    i.ulTaskNotifyTake  tasks.o
    0x08011d8c   0x08011d8c   0x0000007a   Code   RO        11866    i.update_w          AHRS.lib(ahrs.o)
    0x08011e06   0x08011e06   0x00000002   PAD
    0x08011e08   0x08011e08   0x000000f4   Code   RO         3693    i.usart1_init       bsp_usart.o
    0x08011efc   0x08011efc   0x00000026   Code   RO        10197    i.uxListRemove      list.o
    0x08011f22   0x08011f22   0x00000002   PAD
    0x08011f24   0x08011f24   0x00000018   Code   RO          391    i.vApplicationGetIdleTaskMemory  freertos.o
    0x08011f3c   0x08011f3c   0x00000016   Code   RO        10198    i.vListInitialise   list.o
    0x08011f52   0x08011f52   0x00000006   Code   RO        10199    i.vListInitialiseItem  list.o
    0x08011f58   0x08011f58   0x00000036   Code   RO        10200    i.vListInsert       list.o
    0x08011f8e   0x08011f8e   0x00000018   Code   RO        10201    i.vListInsertEnd    list.o
    0x08011fa6   0x08011fa6   0x00000002   PAD
    0x08011fa8   0x08011fa8   0x00000040   Code   RO        11356    i.vPortEnterCritical  port.o
    0x08011fe8   0x08011fe8   0x0000002c   Code   RO        11357    i.vPortExitCritical  port.o
    0x08012014   0x08012014   0x00000064   Code   RO        11287    i.vPortFree         heap_4.o
    0x08012078   0x08012078   0x00000024   Code   RO        11358    i.vPortSetupTimerInterrupt  port.o
    0x0801209c   0x0801209c   0x00000054   Code   RO        11359    i.vPortValidateInterruptPriority  port.o
    0x080120f0   0x080120f0   0x00000050   Code   RO        10588    i.vTaskDelay        tasks.o
    0x08012140   0x08012140   0x0000009c   Code   RO        10589    i.vTaskDelayUntil   tasks.o
    0x080121dc   0x080121dc   0x000000bc   Code   RO        10594    i.vTaskNotifyGiveFromISR  tasks.o
    0x08012298   0x08012298   0x00000088   Code   RO        10602    i.vTaskStartScheduler  tasks.o
    0x08012320   0x08012320   0x00000010   Code   RO        10604    i.vTaskSuspendAll   tasks.o
    0x08012330   0x08012330   0x00000060   Code   RO        10605    i.vTaskSwitchContext  tasks.o
    0x08012390   0x08012390   0x00000040   Code   RO         2958    i.verify_CRC16_check_sum  crc8_crc16.o
    0x080123d0   0x080123d0   0x0000002e   Code   RO         2959    i.verify_CRC8_check_sum  crc8_crc16.o
    0x080123fe   0x080123fe   0x00000002   PAD
    0x08012400   0x08012400   0x00000008   Code   RO         1632    i.vision_info_point  vision.o
    0x08012408   0x08012408   0x00000104   Code   RO        11360    i.xPortStartScheduler  port.o
    0x0801250c   0x0801250c   0x0000006c   Code   RO        10608    i.xTaskCreate       tasks.o
    0x08012578   0x08012578   0x00000060   Code   RO        10609    i.xTaskCreateStatic  tasks.o
    0x080125d8   0x080125d8   0x0000008c   Code   RO        10613    i.xTaskGetHandle    tasks.o
    0x08012664   0x08012664   0x0000001c   Code   RO        10614    i.xTaskGetSchedulerState  tasks.o
    0x08012680   0x08012680   0x0000000c   Code   RO        10615    i.xTaskGetTickCount  tasks.o
    0x0801268c   0x0801268c   0x00000010   Code   RO        10616    i.xTaskGetTickCountFromISR  tasks.o
    0x0801269c   0x0801269c   0x000000d4   Code   RO        10617    i.xTaskIncrementTick  tasks.o
    0x08012770   0x08012770   0x000000cc   Code   RO        10623    i.xTaskResumeAll    tasks.o
    0x0801283c   0x0801283c   0x000001ec   Code   RO        12248    x$fpl$exception     g_wm.l(except.o)
    0x08012a28   0x08012a28   0x0000009e   Code   RO        12129    x$fpl$ffltll        g_wm.l(ffltll_clz.o)
    0x08012ac6   0x08012ac6   0x0000000a   Code   RO        12299    x$fpl$fpinit        g_wm.l(fpinit.o)
    0x08012ad0   0x08012ad0   0x000000b2   Code   RO        12305    x$fpl$retnan        g_wm.l(retnan.o)
    0x08012b82   0x08012b82   0x0000007e   Code   RO        12307    x$fpl$trapveneer    g_wm.l(trapv.o)
    0x08012c00   0x08012c00   0x00000000   Code   RO        12250    x$fpl$usenofp       g_wm.l(usenofp.o)
    0x08012c00   0x08012c00   0x000000e0   Data   RO          393    .constdata          freertos.o
    0x08012ce0   0x08012ce0   0x00000012   Data   RO         1982    .constdata          bmi088driver.o
    0x08012cf2   0x08012cf2   0x0000000c   Data   RO         2195    .constdata          ist8310driver.o
    0x08012cfe   0x08012cfe   0x00000300   Data   RO         2966    .constdata          crc8_crc16.o
    0x08012ffe   0x08012ffe   0x00000002   PAD
    0x08013000   0x08013000   0x00000018   Data   RO         3784    .constdata          ins_task.o
    0x08013018   0x08013018   0x00000014   Data   RO         4141    .constdata          calibrate_task.o
    0x0801302c   0x0801302c   0x00000054   Data   RO         4238    .constdata          detect_task.o
    0x08013080   0x08013080   0x00000030   Data   RO         4526    .constdata          revolver_task.o
    0x080130b0   0x080130b0   0x00000300   Data   RO         4820    .constdata          crc_check.o
    0x080133b0   0x080133b0   0x00000008   Data   RO         6328    .constdata          stm32f4xx_hal_dma.o
    0x080133b8   0x080133b8   0x00000010   Data   RO        10060    .constdata          system_stm32f4xx.o
    0x080133c8   0x080133c8   0x00000008   Data   RO        10061    .constdata          system_stm32f4xx.o
    0x080133d0   0x080133d0   0x0000000c   Data   RO        11867    .constdata          AHRS.lib(ahrs.o)
    0x080133dc   0x080133dc   0x00000804   Data   RO        12077    .constdata          arm_cortexM4lf_math.lib(arm_common_tables.o)
    0x08013be0   0x08013be0   0x0000004c   Data   RO          394    .conststring        freertos.o
    0x08013c2c   0x08013c2c   0x00000020   Data   RO        12530    Region$$Table       anon$$obj.o
    0x08013c4c   0x08013c4c   0x00000004   Data   RO         1453    .init_array         motor.o
    0x08013c50   0x08013c4c   0x00000004   Data   RO         3943    .init_array         gimbal_task.o
    0x08013c54   0x08013c4c   0x00000004   Data   RO         4289    .init_array         system_task.o
    0x08013c58   0x08013c4c   0x00000004   Data   RO         4356    .init_array         communicate_task.o
    0x08013c5c   0x08013c4c   0x00000004   Data   RO         4528    .init_array         revolver_task.o
    0x08013c60   0x08013c4c   0x00000000   Data   RO        12121    .init_array         c_w.l(init_aeabi.o)


    Execution Region RW_IRAM2 (Exec base: 0x10000000, Load base: 0x08013e04, Size: 0x00000000, Max: 0x00010000, ABSOLUTE)

    **** No section assigned to this execution region ****


    Execution Region RW_IRAM1 (Exec base: 0x20000000, Load base: 0x08013c60, Size: 0x00008a50, Max: 0x00020000, ABSOLUTE, COMPRESSED[0x000001a4])

    Exec Addr    Load Addr    Size         Type   Attr      Idx    E Section Name        Object

    0x20000000   COMPRESSED   0x00000030   Data   RW          395    .data               freertos.o
    0x20000030   COMPRESSED   0x00000004   Data   RW          520    .data               can.o
    0x20000034   COMPRESSED   0x0000001c   Data   RW         1097    .data               usbd_desc.o
    0x20000050   COMPRESSED   0x00000032   Data   RW         1098    .data               usbd_desc.o
    0x20000082   COMPRESSED   0x00000002   PAD
    0x20000084   COMPRESSED   0x00000014   Data   RW         1185    .data               usbd_cdc_if.o
    0x20000098   COMPRESSED   0x00000004   Data   RW         1186    .data               usbd_cdc_if.o
    0x2000009c   COMPRESSED   0x0000002c   Data   RW         1983    .data               bmi088driver.o
    0x200000c8   COMPRESSED   0x00000002   Data   RW         2229    .data               remote_control.o
    0x200000ca   COMPRESSED   0x00000002   PAD
    0x200000cc   COMPRESSED   0x000001ac   Data   RW         2530    .data               judge.o
    0x20000278   COMPRESSED   0x00000002   Data   RW         2967    .data               crc8_crc16.o
    0x2000027a   COMPRESSED   0x00000030   Data   RW         3309    .data               bsp_can.o
    0x200002aa   COMPRESSED   0x00000002   PAD
    0x200002ac   COMPRESSED   0x00000004   Data   RW         3487    .data               bsp_adc.o
    0x200002b0   COMPRESSED   0x0000000c   Data   RW         3542    .data               bsp_buzzer.o
    0x200002bc   COMPRESSED   0x00000010   Data   RW         3592    .data               bsp_flash.o
    0x200002cc   COMPRESSED   0x00000008   Data   RW         3727    .data               bsp_led.o
    0x200002d4   COMPRESSED   0x000000a0   Data   RW         3785    .data               ins_task.o
    0x20000374   COMPRESSED   0x00000050   Data   RW         4142    .data               calibrate_task.o
    0x200003c4   COMPRESSED   0x00000005   Data   RW         4239    .data               detect_task.o
    0x200003c9   COMPRESSED   0x00000003   PAD
    0x200003cc   COMPRESSED   0x00000029   Data   RW         4527    .data               revolver_task.o
    0x200003f5   COMPRESSED   0x00000001   PAD
    0x200003f6   COMPRESSED   0x00000002   Data   RW         4821    .data               crc_check.o
    0x200003f8   COMPRESSED   0x0000000c   Data   RW         6750    .data               stm32f4xx_hal.o
    0x20000404   COMPRESSED   0x00000004   Data   RW        10062    .data               system_stm32f4xx.o
    0x20000408   COMPRESSED   0x0000003c   Data   RW        10626    .data               tasks.o
    0x20000444   COMPRESSED   0x00000020   Data   RW        11293    .data               heap_4.o
    0x20000464   COMPRESSED   0x0000000c   Data   RW        11361    .data               port.o
    0x20000470   COMPRESSED   0x00000001   Data   RW        11607    .data               usbd_ctlreq.o
    0x20000471   COMPRESSED   0x00000003   PAD
    0x20000474   COMPRESSED   0x00000053   Data   RW        11766    .data               usbd_cdc.o
    0x200004c7   COMPRESSED   0x00000001   PAD
    0x200004c8   COMPRESSED   0x00000038   Data   RW        11767    .data               usbd_cdc.o
    0x20000500   COMPRESSED   0x00000010   Data   RW        11868    .data               AHRS.lib(ahrs.o)
    0x20000510        -       0x00000254   Zero   RW          392    .bss                freertos.o
    0x20000764        -       0x00000090   Zero   RW          471    .bss                adc.o
    0x200007f4        -       0x00000050   Zero   RW          519    .bss                can.o
    0x20000844        -       0x000000a8   Zero   RW          592    .bss                i2c.o
    0x200008ec        -       0x00000020   Zero   RW          639    .bss                rtc.o
    0x2000090c        -       0x00000170   Zero   RW          682    .bss                spi.o
    0x20000a7c        -       0x00000168   Zero   RW          734    .bss                tim.o
    0x20000be4        -       0x000001a8   Zero   RW          802    .bss                usart.o
    0x20000d8c        -       0x00000048   Zero   RW         1003    .bss                stm32f4xx_hal_timebase_tim.o
    0x20000dd4        -       0x000002dc   Zero   RW         1040    .bss                usb_device.o
    0x200010b0        -       0x00000200   Zero   RW         1096    .bss                usbd_desc.o
    0x200012b0        -       0x00001064   Zero   RW         1184    .bss                usbd_cdc_if.o
    0x20002314        -       0x0000072c   Zero   RW         1270    .bss                usbd_conf.o
    0x20002a40        -       0x000000d8   Zero   RW         1452    .bss                motor.o
    0x20002b18        -       0x00000138   Zero   RW         1643    .bss                vision.o
    0x20002c50        -       0x0000005e   Zero   RW         2228    .bss                remote_control.o
    0x20002cae        -       0x0000075d   Zero   RW         2529    .bss                judge.o
    0x2000340b   COMPRESSED   0x00000001   PAD
    0x2000340c        -       0x00000090   Zero   RW         3308    .bss                bsp_can.o
    0x2000349c        -       0x00000010   Zero   RW         3486    .bss                bsp_adc.o
    0x200034ac        -       0x00000134   Zero   RW         3783    .bss                ins_task.o
    0x200035e0        -       0x00000500   Zero   RW         3941    .bss                gimbal_task.o
    0x20003ae0        -       0x00000115   Zero   RW         4140    .bss                calibrate_task.o
    0x20003bf5        -       0x0000021c   Zero   RW         4237    .bss                detect_task.o
    0x20003e11   COMPRESSED   0x00000003   PAD
    0x20003e14        -       0x00000054   Zero   RW         4287    .bss                system_task.o
    0x20003e68        -       0x00000568   Zero   RW         4354    .bss                communicate_task.o
    0x200043d0        -       0x000000d4   Zero   RW         4447    .bss                judge_task.o
    0x200044a4   COMPRESSED   0x00000004   PAD
    0x200044a8        -       0x00000238   Zero   RW         4525    .bss                revolver_task.o
    0x200046e0        -       0x00000020   Zero   RW         5982    .bss                stm32f4xx_hal_flash.o
    0x20004700        -       0x000000f0   Zero   RW        10625    .bss                tasks.o
    0x200047f0        -       0x00003c00   Zero   RW        11292    .bss                heap_4.o
    0x200083f0        -       0x00000060   Zero   RW        12310    .bss                c_w.l(libspace.o)
    0x20008450        -       0x00000200   Zero   RW            2    HEAP                startup_stm32f407xx.o
    0x20008650        -       0x00000400   Zero   RW            1    STACK               startup_stm32f407xx.o


==============================================================================

Image component sizes


      Code (inc. data)   RO Data    RW Data    ZI Data      Debug   Object Name

       396         42          0          0        144       2338   adc.o
       168          4          0          0          0       5264   ahrs_middleware.o
      2338         40         18         44          0      10419   bmi088driver.o
       216         28          0          0          0       4860   bmi088middleware.o
       152         20          0          4         16       1868   bsp_adc.o
       160         24          0         12          0       1649   bsp_buzzer.o
       532         60          0         48        144       5035   bsp_can.o
       694        108          0         16          0       4041   bsp_flash.o
        12          4          0          0          0        490   bsp_imu_pwm.o
       104         22          0          8          0        580   bsp_led.o
       260         28          0          0          0       1967   bsp_rc.o
     10428        170          0          0          0       5646   bsp_spi.o
       244         24          0          0          0        526   bsp_usart.o
      1954        104         20         80        277       7473   calibrate_task.o
       488         44          0          4         80       2418   can.o
       130          0          0          0          0      22995   cmsis_os.o
       168         22          4          0       1384       2686   communicate_task.o
       198         16        768          2          0       4857   crc8_crc16.o
       198         16        768          2          0       3543   crc_check.o
      1316         40         84          5        540       3276   detect_task.o
       152          6          0          0          0        826   dma.o
         0          0          0          0          0      16844   event_groups.o
       274         48        300         48        596       3555   freertos.o
       478         88          4          0       1280       2264   gimbal_task.o
       544         24          0          0          0       1279   gpio.o
       504         32          0         32      15360       7539   heap_4.o
       432         50          0          0        168       2346   i2c.o
      4280        330         24        160        308      14908   ins_task.o
       148          6         12          0          0       1903   ist8310driver.o
       136         22          0          0          0       3899   ist8310driver_middleware.o
      1488        148          0        428       1885      19051   judge.o
       232         32          0          0        212       2132   judge_task.o
        64          6          0          0          0        564   kalman.o
        76         10          0          0          0        732   ladrc_feedforward.o
       144          0          0          0          0       3558   list.o
       338         20          0          0          0     798616   main.o
       116          8          0          0          0        583   monitor_task.o
       446         14          4          0        216     627952   motor.o
      1140         12          0          0          0       2744   pid.o
       814         92          0         12          0      11945   port.o
       550         36          0          2         94     580868   remote_control.o
      3014        186         52         41        568      14058   revolver_task.o
       112         20          0          0         32       1519   rtc.o
       596         52          0          0        368       2568   spi.o
        64         26        392          0       1536        840   startup_stm32f407xx.o
       120         20          0         12          0       8686   stm32f4xx_hal.o
      1262         42          0          0          0       5290   stm32f4xx_hal_adc.o
      2004          6          0          0          0      14891   stm32f4xx_hal_can.o
       168         12          0          0          0      32822   stm32f4xx_hal_cortex.o
      1074         18          8          0          0       5947   stm32f4xx_hal_dma.o
       568         74          0          0         32       6042   stm32f4xx_hal_flash.o
       380         24          0          0          0       3338   stm32f4xx_hal_flash_ex.o
       608         24          0          0          0       3662   stm32f4xx_hal_gpio.o
      2796         48          0          0          0      13590   stm32f4xx_hal_i2c.o
        84          6          0          0          0        850   stm32f4xx_hal_msp.o
      2836         12          0          0          0      14420   stm32f4xx_hal_pcd.o
        84          0          0          0          0       2541   stm32f4xx_hal_pcd_ex.o
      1782        112          0          0          0       7141   stm32f4xx_hal_rcc.o
       380         34          0          0          0       1516   stm32f4xx_hal_rcc_ex.o
       324          0          0          0          0       3347   stm32f4xx_hal_rtc.o
      1010         14          0          0          0       4817   stm32f4xx_hal_spi.o
      2288         56          0          0          0      17493   stm32f4xx_hal_tim.o
       260          0          0          0          0       3425   stm32f4xx_hal_tim_ex.o
       140         18          0          0         72       1451   stm32f4xx_hal_timebase_tim.o
       896         18          0          0          0       9258   stm32f4xx_hal_uart.o
       190         48          0          0          0       8725   stm32f4xx_it.o
      3186        100          0          0          0      24675   stm32f4xx_ll_usb.o
         0          0          0          0          0        392   stream_buffer.o
        16          4         24          4          0       1115   system_stm32f4xx.o
       402         26          4          0         84       7924   system_task.o
      2420        208          0         60        240      28556   tasks.o
      1428        104          0          0        360       5638   tim.o
       684         68          0          0        424       2700   usart.o
        84         18          0          0        732       2611   usb_device.o
      1362         36          0        139          0      13799   usbd_cdc.o
       112         26          0         24       4196       3531   usbd_cdc_if.o
       660         28          0          0       1836      16760   usbd_conf.o
      1042          0          0          0          0      16289   usbd_core.o
      1908         28          0          1          0      17936   usbd_ctlreq.o
       362        110          0         78        512       6909   usbd_desc.o
       132          0          0          0          0       4492   usbd_ioreq.o
       108          6          0          0          0        693   user_lib.o
       312         10          0          0        312      27633   vision.o

    ----------------------------------------------------------------------
     69844       3442       2520       1280      34016    2565929   Object Totals
         0          0         32          0          0          0   (incl. Generated)
        74          0          2         14          8          0   (incl. Padding)

    ----------------------------------------------------------------------

      Code (inc. data)   RO Data    RW Data    ZI Data      Debug   Library Member Name

      2718         84         12         16          0       9922   ahrs.o
         0          0       2052          0          0       4636   arm_common_tables.o
       120         12          0          0          0      16970   arm_cos_f32.o
       116         12          0          0          0        658   arm_sin_f32.o
        90          0          0          0          0          0   __dczerorl2.o
         8          0          0          0          0         68   __main.o
         0          0          0          0          0          0   __rtentry.o
        12          0          0          0          0          0   __rtentry2.o
         6          0          0          0          0          0   __rtentry4.o
        52          8          0          0          0          0   __scatter.o
        28          0          0          0          0          0   __scatter_zi.o
        48          4          0          0          0         84   _fptrap.o
        22          0          0          0          0        100   _rserrno.o
        10          0          0          0          0         68   defsig_exit.o
       172        110          0          0          0         76   defsig_fpe_inner.o
        14          0          0          0          0         80   defsig_fpe_outer.o
        50          0          0          0          0         88   defsig_general.o
        18          0          0          0          0         80   exit.o
         6          0          0          0          0        152   heapauxi.o
         0          0          0          0          0          0   indicate_semi.o
        36         10          0          0          0         80   init_aeabi.o
         2          0          0          0          0          0   libinit.o
        10          0          0          0          0          0   libinit2.o
         2          0          0          0          0          0   libshutdown.o
         2          0          0          0          0          0   libshutdown2.o
         8          4          0          0         96         68   libspace.o
       238          0          0          0          0        100   lludivv7m.o
         8          4          0          0          0         68   rt_errno_addr_intlibspace.o
        68          0          0          0          0         68   rt_memclr.o
        78          0          0          0          0         80   rt_memclr_w.o
       138          0          0          0          0         68   rt_memcpy_v6.o
       100          0          0          0          0         80   rt_memcpy_w.o
         2          0          0          0          0          0   rtexit.o
        10          0          0          0          0          0   rtexit2.o
        62          0          0          0          0         76   strlen.o
        12          4          0          0          0         68   sys_exit.o
        74          0          0          0          0         80   sys_stackheap_outer.o
        14          0          0          0          0         76   sys_wrch.o
         2          0          0          0          0         68   use_no_semi.o
        36          0          0          0          0         84   aeabi_vec_ctor_nocookie_nodtor.o
       492         36          0          0          0        148   except.o
       158          0          0          0          0        132   ffltll_clz.o
        10          0          0          0          0        116   fpinit.o
       178          0          0          0          0        116   retnan.o
       126          0          0          0          0        148   trapv.o
         0          0          0          0          0          0   usenofp.o
       300         42          0          0          0        176   asinf.o
       684         90          0          0          0        208   atan2f.o
        38          0          0          0          0        116   fpclassifyf.o
        44         12          0          0          0        464   funder.o
       120          0          0          0          0        272   sqrtf_full.o

    ----------------------------------------------------------------------
      6564        432       2064         16         96      35942   Library Totals
        22          0          0          0          0          0   (incl. Padding)

    ----------------------------------------------------------------------

      Code (inc. data)   RO Data    RW Data    ZI Data      Debug   Library Name

      2718         84         12         16          0       9922   AHRS.lib
       236         24       2052          0          0      22264   arm_cortexM4lf_math.lib
      1402        144          0          0         96       1776   c_w.l
        36          0          0          0          0         84   cpprt_w.l
       964         36          0          0          0        660   g_wm.l
      1186        144          0          0          0       1236   m_wm.l

    ----------------------------------------------------------------------
      6564        432       2064         16         96      35942   Library Totals

    ----------------------------------------------------------------------

==============================================================================


      Code (inc. data)   RO Data    RW Data    ZI Data      Debug   

     76408       3874       4584       1296      34112    2548583   Grand Totals
     76408       3874       4584        420      34112    2548583   ELF Image Totals (compressed)
     76408       3874       4584        420          0          0   ROM Totals

==============================================================================

    Total RO  Size (Code + RO Data)                80992 (  79.09kB)
    Total RW  Size (RW Data + ZI Data)             35408 (  34.58kB)
    Total ROM Size (Code + RO Data + RW Data)      81412 (  79.50kB)

==============================================================================

