Component: ARM Compiler 5.06 update 7 (build 960) Tool: armlink [4d3601]

==============================================================================

Section Cross References

    startup_stm32f407xx.o(STACK) refers (Special) to heapauxi.o(.text) for __use_two_region_memory
    startup_stm32f407xx.o(HEAP) refers (Special) to heapauxi.o(.text) for __use_two_region_memory
    startup_stm32f407xx.o(RESET) refers (Special) to heapauxi.o(.text) for __use_two_region_memory
    startup_stm32f407xx.o(RESET) refers to startup_stm32f407xx.o(STACK) for __initial_sp
    startup_stm32f407xx.o(RESET) refers to startup_stm32f407xx.o(.text) for Reset_Handler
    startup_stm32f407xx.o(RESET) refers to stm32f4xx_it.o(i.NMI_Handler) for NMI_Handler
    startup_stm32f407xx.o(RESET) refers to stm32f4xx_it.o(i.HardFault_Handler) for HardFault_Handler
    startup_stm32f407xx.o(RESET) refers to stm32f4xx_it.o(i.MemManage_Handler) for MemManage_Handler
    startup_stm32f407xx.o(RESET) refers to stm32f4xx_it.o(i.BusFault_Handler) for BusFault_Handler
    startup_stm32f407xx.o(RESET) refers to stm32f4xx_it.o(i.UsageFault_Handler) for UsageFault_Handler
    startup_stm32f407xx.o(RESET) refers to port.o(.emb_text) for SVC_Handler
    startup_stm32f407xx.o(RESET) refers to stm32f4xx_it.o(i.DebugMon_Handler) for DebugMon_Handler
    startup_stm32f407xx.o(RESET) refers to port.o(i.SysTick_Handler) for SysTick_Handler
    startup_stm32f407xx.o(RESET) refers to stm32f4xx_it.o(i.EXTI0_IRQHandler) for EXTI0_IRQHandler
    startup_stm32f407xx.o(RESET) refers to stm32f4xx_it.o(i.EXTI3_IRQHandler) for EXTI3_IRQHandler
    startup_stm32f407xx.o(RESET) refers to stm32f4xx_it.o(i.EXTI4_IRQHandler) for EXTI4_IRQHandler
    startup_stm32f407xx.o(RESET) refers to stm32f4xx_it.o(i.DMA1_Stream1_IRQHandler) for DMA1_Stream1_IRQHandler
    startup_stm32f407xx.o(RESET) refers to stm32f4xx_it.o(i.CAN1_RX0_IRQHandler) for CAN1_RX0_IRQHandler
    startup_stm32f407xx.o(RESET) refers to stm32f4xx_it.o(i.EXTI9_5_IRQHandler) for EXTI9_5_IRQHandler
    startup_stm32f407xx.o(RESET) refers to judge_task.o(i.USART1_IRQHandler) for USART1_IRQHandler
    startup_stm32f407xx.o(RESET) refers to remote_control.o(i.USART3_IRQHandler) for USART3_IRQHandler
    startup_stm32f407xx.o(RESET) refers to stm32f4xx_it.o(i.TIM7_IRQHandler) for TIM7_IRQHandler
    startup_stm32f407xx.o(RESET) refers to ins_task.o(i.DMA2_Stream2_IRQHandler) for DMA2_Stream2_IRQHandler
    startup_stm32f407xx.o(RESET) refers to stm32f4xx_it.o(i.DMA2_Stream3_IRQHandler) for DMA2_Stream3_IRQHandler
    startup_stm32f407xx.o(RESET) refers to stm32f4xx_it.o(i.CAN2_RX0_IRQHandler) for CAN2_RX0_IRQHandler
    startup_stm32f407xx.o(RESET) refers to stm32f4xx_it.o(i.OTG_FS_IRQHandler) for OTG_FS_IRQHandler
    startup_stm32f407xx.o(RESET) refers to stm32f4xx_it.o(i.DMA2_Stream5_IRQHandler) for DMA2_Stream5_IRQHandler
    startup_stm32f407xx.o(RESET) refers to stm32f4xx_it.o(i.DMA2_Stream7_IRQHandler) for DMA2_Stream7_IRQHandler
    startup_stm32f407xx.o(.text) refers (Special) to heapauxi.o(.text) for __use_two_region_memory
    startup_stm32f407xx.o(.text) refers to system_stm32f4xx.o(i.SystemInit) for SystemInit
    startup_stm32f407xx.o(.text) refers to __main.o(!!!main) for __main
    startup_stm32f407xx.o(.text) refers to startup_stm32f407xx.o(HEAP) for Heap_Mem
    startup_stm32f407xx.o(.text) refers to startup_stm32f407xx.o(STACK) for Stack_Mem
    main.o(i.HAL_TIM_PeriodElapsedCallback) refers to stm32f4xx_hal.o(i.HAL_IncTick) for HAL_IncTick
    main.o(i.SystemClock_Config) refers to rt_memclr_w.o(.text) for __aeabi_memclr4
    main.o(i.SystemClock_Config) refers to stm32f4xx_hal_rcc.o(i.HAL_RCC_OscConfig) for HAL_RCC_OscConfig
    main.o(i.SystemClock_Config) refers to main.o(i.Error_Handler) for Error_Handler
    main.o(i.SystemClock_Config) refers to stm32f4xx_hal_rcc.o(i.HAL_RCC_ClockConfig) for HAL_RCC_ClockConfig
    main.o(i.main) refers to stm32f4xx_hal.o(i.HAL_Init) for HAL_Init
    main.o(i.main) refers to main.o(i.SystemClock_Config) for SystemClock_Config
    main.o(i.main) refers to gpio.o(i.MX_GPIO_Init) for MX_GPIO_Init
    main.o(i.main) refers to tim.o(i.MX_TIM1_Init) for MX_TIM1_Init
    main.o(i.main) refers to dma.o(i.MX_DMA_Init) for MX_DMA_Init
    main.o(i.main) refers to usart.o(i.MX_USART3_UART_Init) for MX_USART3_UART_Init
    main.o(i.main) refers to tim.o(i.MX_TIM5_Init) for MX_TIM5_Init
    main.o(i.main) refers to spi.o(i.MX_SPI1_Init) for MX_SPI1_Init
    main.o(i.main) refers to can.o(i.MX_CAN1_Init) for MX_CAN1_Init
    main.o(i.main) refers to can.o(i.MX_CAN2_Init) for MX_CAN2_Init
    main.o(i.main) refers to tim.o(i.MX_TIM10_Init) for MX_TIM10_Init
    main.o(i.main) refers to i2c.o(i.MX_I2C3_Init) for MX_I2C3_Init
    main.o(i.main) refers to spi.o(i.MX_SPI2_Init) for MX_SPI2_Init
    main.o(i.main) refers to adc.o(i.MX_ADC1_Init) for MX_ADC1_Init
    main.o(i.main) refers to adc.o(i.MX_ADC3_Init) for MX_ADC3_Init
[...]
    0x08001336   0x08001336   0x00000040   Code   RO        12569    .text               c_w.l(_wcrtomb.o)
    0x08001376   0x08001376   0x00000002   PAD
    0x08001378   0x08001378   0x00000008   Code   RO        12588    .text               c_w.l(libspace.o)
    0x08001380   0x08001380   0x0000004a   Code   RO        12591    .text               c_w.l(sys_stackheap_outer.o)
    0x080013ca   0x080013ca   0x00000002   PAD
    0x080013cc   0x080013cc   0x00000010   Code   RO        12593    .text               c_w.l(rt_ctype_table.o)
    0x080013dc   0x080013dc   0x00000008   Code   RO        12598    .text               c_w.l(rt_locale_intlibspace.o)
    0x080013e4   0x080013e4   0x00000030   Code   RO        12600    .text               c_w.l(_fptrap.o)
    0x08001414   0x08001414   0x00000080   Code   RO        12602    .text               c_w.l(_printf_fp_infnan.o)
    0x08001494   0x08001494   0x000000e4   Code   RO        12604    .text               c_w.l(bigflt0.o)
    0x08001578   0x08001578   0x00000012   Code   RO        12632    .text               c_w.l(exit.o)
    0x0800158a   0x0800158a   0x0000000e   Code   RO        12634    .text               c_w.l(defsig_fpe_outer.o)
    0x08001598   0x08001598   0x0000000a   Code   RO        12738    .text               c_w.l(defsig_exit.o)
    0x080015a2   0x080015a2   0x00000002   PAD
    0x080015a4   0x080015a4   0x000000ac   Code   RO        12740    .text               c_w.l(defsig_fpe_inner.o)
    0x08001650   0x08001650   0x00000080   Code   RO        12746    .text               c_w.l(strcmpv7m.o)
    0x080016d0   0x080016d0   0x0000000c   Code   RO        12750    .text               c_w.l(sys_exit.o)
    0x080016dc   0x080016dc   0x00000002   Code   RO        12752    .text               c_w.l(use_no_semi.o)
    0x080016de   0x080016de   0x00000000   Code   RO        12756    .text               c_w.l(indicate_semi.o)
    0x080016de   0x080016de   0x00000032   Code   RO        12791    .text               c_w.l(defsig_general.o)
    0x08001710   0x08001710   0x0000000e   Code   RO        12801    .text               c_w.l(sys_wrch.o)
    0x0800171e   0x0800171e   0x0000003e   Code   RO        12607    CL$$btod_d2e        c_w.l(btod.o)
    0x0800175c   0x0800175c   0x00000046   Code   RO        12609    CL$$btod_d2e_denorm_low  c_w.l(btod.o)
    0x080017a2   0x080017a2   0x00000060   Code   RO        12608    CL$$btod_d2e_norm_op1  c_w.l(btod.o)
    0x08001802   0x08001802   0x00000338   Code   RO        12617    CL$$btod_div_common  c_w.l(btod.o)
    0x08001b3a   0x08001b3a   0x000000dc   Code   RO        12614    CL$$btod_e2e        c_w.l(btod.o)
    0x08001c16   0x08001c16   0x0000002a   Code   RO        12611    CL$$btod_ediv       c_w.l(btod.o)
    0x08001c40   0x08001c40   0x0000002a   Code   RO        12610    CL$$btod_emul       c_w.l(btod.o)
    0x08001c6a   0x08001c6a   0x00000244   Code   RO        12616    CL$$btod_mult_common  c_w.l(btod.o)
    0x08001eae   0x08001eae   0x00000002   PAD
    0x08001eb0   0x08001eb0   0x00000130   Code   RO         7141    i.ADC_Init          stm32f4xx_hal_adc.o
    0x08001fe0   0x08001fe0   0x00000018   Code   RO         5163    i.AHRS_asinf        ahrs_middleware.o
    0x08001ff8   0x08001ff8   0x00000020   Code   RO         5164    i.AHRS_atan2f       ahrs_middleware.o
    0x08002018   0x08002018   0x00000018   Code   RO         5165    i.AHRS_cosf         ahrs_middleware.o
    0x08002030   0x08002030   0x0000001a   Code   RO        12011    i.AHRS_fabs         AHRS.lib(ahrs.o)
    0x0800204a   0x0800204a   0x00000002   PAD
    0x0800204c   0x0800204c   0x00000010   Code   RO         5166    i.AHRS_get_height   ahrs_middleware.o
    0x0800205c   0x0800205c   0x0000000c   Code   RO         5167    i.AHRS_get_latitude  ahrs_middleware.o
    0x08002068   0x08002068   0x0000029c   Code   RO        12012    i.AHRS_init         AHRS.lib(ahrs.o)
    0x08002304   0x08002304   0x00000024   Code   RO         5168    i.AHRS_invSqrt      ahrs_middleware.o
    0x08002328   0x08002328   0x00000018   Code   RO         5169    i.AHRS_sinf         ahrs_middleware.o
    0x08002340   0x08002340   0x0000013a   Code   RO        12013    i.AHRS_update       AHRS.lib(ahrs.o)
    0x0800247a   0x0800247a   0x00000004   Code   RO          849    i.BusFault_Handler  stm32f4xx_it.o
    0x0800247e   0x0800247e   0x00000002   PAD
    0x08002480   0x08002480   0x00000050   Code   RO         3296    i.CAN1_200_cmd_motor  bsp_can.o
    0x080024d0   0x080024d0   0x00000010   Code   RO          850    i.CAN1_RX0_IRQHandler  stm32f4xx_it.o
    0x080024e0   0x080024e0   0x00000050   Code   RO         3298    i.CAN2_200_cmd_motor  bsp_can.o
    0x08002530   0x08002530   0x00000010   Code   RO          851    i.CAN2_RX0_IRQHandler  stm32f4xx_it.o
    0x08002540   0x08002540   0x00000044   Code   RO         3299    i.CAN_cmd_chassis_reset_ID  bsp_can.o
    0x08002584   0x08002584   0x00000008   Code   RO         1181    i.CDC_Control_FS    usbd_cdc_if.o
    0x0800258c   0x0800258c   0x00000004   Code   RO         1182    i.CDC_DeInit_FS     usbd_cdc_if.o
    0x08002590   0x08002590   0x00000024   Code   RO         1183    i.CDC_Init_FS       usbd_cdc_if.o
    0x080025b4   0x080025b4   0x0000003c   Code   RO         1184    i.CDC_Receive_FS    usbd_cdc_if.o
    0x080025f0   0x080025f0   0x00000004   Code   RO         1185    i.CDC_TransmitCplt_FS  usbd_cdc_if.o
    0x080025f4   0x080025f4   0x00000010   Code   RO          852    i.DMA1_Stream1_IRQHandler  stm32f4xx_it.o
    0x08002604   0x08002604   0x00000898   Code   RO         3884    i.DMA2_Stream2_IRQHandler  ins_task.o
    0x08002e9c   0x08002e9c   0x00000010   Code   RO          853    i.DMA2_Stream3_IRQHandler  stm32f4xx_it.o
    0x08002eac   0x08002eac   0x00000010   Code   RO          854    i.DMA2_Stream5_IRQHandler  stm32f4xx_it.o
    0x08002ebc   0x08002ebc   0x00000010   Code   RO          855    i.DMA2_Stream7_IRQHandler  stm32f4xx_it.o
    0x08002ecc   0x08002ecc   0x00000034   Code   RO         6470    i.DMA_CalcBaseAndBitshift  stm32f4xx_hal_dma.o
    0x08002f00   0x08002f00   0x0000007e   Code   RO         6471    i.DMA_CheckFifoParam  stm32f4xx_hal_dma.o
    0x08002f7e   0x08002f7e   0x00000038   Code   RO         6472    i.DMA_SetConfig     stm32f4xx_hal_dma.o
    0x08002fb6   0x08002fb6   0x00000002   Code   RO          856    i.DebugMon_Handler  stm32f4xx_it.o
    0x08002fb8   0x08002fb8   0x000001d4   Code   RO         2384    i.Determine_ID      judge.o
    0x0800318c   0x0800318c   0x0000000a   Code   RO          857    i.EXTI0_IRQHandler  stm32f4xx_it.o
    0x08003196   0x08003196   0x0000000a   Code   RO          858    i.EXTI3_IRQHandler  stm32f4xx_it.o
    0x080031a0   0x080031a0   0x0000000a   Code   RO          859    i.EXTI4_IRQHandler  stm32f4xx_it.o
    0x080031aa   0x080031aa   0x0000000a   Code   RO          860    i.EXTI9_5_IRQHandler  stm32f4xx_it.o
    0x080031b4   0x080031b4   0x00000006   Code   RO           13    i.Error_Handler     main.o
    0x080031ba   0x080031ba   0x00000002   PAD
    0x080031bc   0x080031bc   0x00000050   Code   RO         6240    i.FLASH_Erase_Sector  stm32f4xx_hal_flash_ex.o
    0x0800320c   0x0800320c   0x00000058   Code   RO         6241    i.FLASH_FlushCaches  stm32f4xx_hal_flash_ex.o
    0x08003264   0x08003264   0x00000028   Code   RO         6242    i.FLASH_MassErase   stm32f4xx_hal_flash_ex.o
    0x0800328c   0x0800328c   0x00000020   Code   RO         6122    i.FLASH_Program_Byte  stm32f4xx_hal_flash.o
    0x080032ac   0x080032ac   0x00000034   Code   RO         6123    i.FLASH_Program_DoubleWord  stm32f4xx_hal_flash.o
    0x080032e0   0x080032e0   0x00000024   Code   RO         6124    i.FLASH_Program_HalfWord  stm32f4xx_hal_flash.o
    0x08003304   0x08003304   0x00000024   Code   RO         6125    i.FLASH_Program_Word  stm32f4xx_hal_flash.o
    0x08003328   0x08003328   0x00000074   Code   RO         6126    i.FLASH_SetErrorCode  stm32f4xx_hal_flash.o
    0x0800339c   0x0800339c   0x00000060   Code   RO         6127    i.FLASH_WaitForLastOperation  stm32f4xx_hal_flash.o
    0x080033fc   0x080033fc   0x00000038   Code   RO         1090    i.Get_SerialNum     usbd_desc.o
    0x08003434   0x08003434   0x00000174   Code   RO         7143    i.HAL_ADC_ConfigChannel  stm32f4xx_hal_adc.o
    0x080035a8   0x080035a8   0x00000006   Code   RO         7150    i.HAL_ADC_GetValue  stm32f4xx_hal_adc.o
    0x080035ae   0x080035ae   0x00000056   Code   RO         7152    i.HAL_ADC_Init      stm32f4xx_hal_adc.o
    0x08003604   0x08003604   0x000000ac   Code   RO          471    i.HAL_ADC_MspInit   adc.o
    0x080036b0   0x080036b0   0x000000c6   Code   RO         7156    i.HAL_ADC_PollForConversion  stm32f4xx_hal_adc.o
    0x08003776   0x08003776   0x00000002   PAD
    0x08003778   0x08003778   0x00000128   Code   RO         7158    i.HAL_ADC_Start     stm32f4xx_hal_adc.o
    0x080038a0   0x080038a0   0x00000024   Code   RO         7417    i.HAL_CAN_ActivateNotification  stm32f4xx_hal_can.o
    0x080038c4   0x080038c4   0x00000104   Code   RO         7418    i.HAL_CAN_AddTxMessage  stm32f4xx_hal_can.o
    0x080039c8   0x080039c8   0x00000128   Code   RO         7419    i.HAL_CAN_ConfigFilter  stm32f4xx_hal_can.o
    0x08003af0   0x08003af0   0x00000002   Code   RO         7422    i.HAL_CAN_ErrorCallback  stm32f4xx_hal_can.o
    0x08003af2   0x08003af2   0x0000016c   Code   RO         7425    i.HAL_CAN_GetRxMessage  stm32f4xx_hal_can.o
    0x08003c5e   0x08003c5e   0x00000234   Code   RO         7429    i.HAL_CAN_IRQHandler  stm32f4xx_hal_can.o
    0x08003e92   0x08003e92   0x00000168   Code   RO         7430    i.HAL_CAN_Init      stm32f4xx_hal_can.o
    0x08003ffa   0x08003ffa   0x00000002   PAD
    0x08003ffc   0x08003ffc   0x00000160   Code   RO          519    i.HAL_CAN_MspInit   can.o
    0x0800415c   0x0800415c   0x00000002   Code   RO         7437    i.HAL_CAN_RxFifo0FullCallback  stm32f4xx_hal_can.o
    0x0800415e   0x0800415e   0x00000002   PAD
    0x08004160   0x08004160   0x000000c0   Code   RO         3300    i.HAL_CAN_RxFifo0MsgPendingCallback  bsp_can.o
    0x08004220   0x08004220   0x00000002   Code   RO         7439    i.HAL_CAN_RxFifo1FullCallback  stm32f4xx_hal_can.o
    0x08004222   0x08004222   0x00000002   Code   RO         7440    i.HAL_CAN_RxFifo1MsgPendingCallback  stm32f4xx_hal_can.o
    0x08004224   0x08004224   0x00000002   Code   RO         7441    i.HAL_CAN_SleepCallback  stm32f4xx_hal_can.o
    0x08004226   0x08004226   0x00000064   Code   RO         7442    i.HAL_CAN_Start     stm32f4xx_hal_can.o
    0x0800428a   0x0800428a   0x00000002   Code   RO         7444    i.HAL_CAN_TxMailbox0AbortCallback  stm32f4xx_hal_can.o
    0x0800428c   0x0800428c   0x00000002   Code   RO         7445    i.HAL_CAN_TxMailbox0CompleteCallback  stm32f4xx_hal_can.o
    0x0800428e   0x0800428e   0x00000002   Code   RO         7446    i.HAL_CAN_TxMailbox1AbortCallback  stm32f4xx_hal_can.o
    0x08004290   0x08004290   0x00000002   Code   RO         7447    i.HAL_CAN_TxMailbox1CompleteCallback  stm32f4xx_hal_can.o
    0x08004292   0x08004292   0x00000002   Code   RO         7448    i.HAL_CAN_TxMailbox2AbortCallback  stm32f4xx_hal_can.o
    0x08004294   0x08004294   0x00000002   Code   RO         7449    i.HAL_CAN_TxMailbox2CompleteCallback  stm32f4xx_hal_can.o
    0x08004296   0x08004296   0x00000002   Code   RO         7451    i.HAL_CAN_WakeUpFromRxMsgCallback  stm32f4xx_hal_can.o
    0x08004298   0x08004298   0x000001ec   Code   RO         6478    i.HAL_DMA_IRQHandler  stm32f4xx_hal_dma.o
    0x08004484   0x08004484   0x000000ec   Code   RO         6479    i.HAL_DMA_Init      stm32f4xx_hal_dma.o
    0x08004570   0x08004570   0x00000070   Code   RO         6483    i.HAL_DMA_Start_IT  stm32f4xx_hal_dma.o
    0x080045e0   0x080045e0   0x00000028   Code   RO         6887    i.HAL_Delay         stm32f4xx_hal.o
    0x08004608   0x08004608   0x000000ac   Code   RO         6252    i.HAL_FLASHEx_Erase  stm32f4xx_hal_flash_ex.o
    0x080046b4   0x080046b4   0x00000014   Code   RO         6131    i.HAL_FLASH_Lock    stm32f4xx_hal_flash.o
    0x080046c8   0x080046c8   0x00000080   Code   RO         6136    i.HAL_FLASH_Program  stm32f4xx_hal_flash.o
    0x08004748   0x08004748   0x00000034   Code   RO         6138    i.HAL_FLASH_Unlock  stm32f4xx_hal_flash.o
    0x0800477c   0x0800477c   0x000000a8   Code   RO         3885    i.HAL_GPIO_EXTI_Callback  ins_task.o
    0x08004824   0x08004824   0x00000018   Code   RO         6365    i.HAL_GPIO_EXTI_IRQHandler  stm32f4xx_hal_gpio.o
    0x0800483c   0x0800483c   0x0000022c   Code   RO         6366    i.HAL_GPIO_Init     stm32f4xx_hal_gpio.o
    0x08004a68   0x08004a68   0x0000000e   Code   RO         6368    i.HAL_GPIO_ReadPin  stm32f4xx_hal_gpio.o
    0x08004a76   0x08004a76   0x0000000e   Code   RO         6370    i.HAL_GPIO_WritePin  stm32f4xx_hal_gpio.o
    0x08004a84   0x08004a84   0x0000000c   Code   RO         6893    i.HAL_GetTick       stm32f4xx_hal.o
    0x08004a90   0x08004a90   0x000001ac   Code   RO         7661    i.HAL_I2C_Init      stm32f4xx_hal_i2c.o
    0x08004c3c   0x08004c3c   0x00000160   Code   RO         7674    i.HAL_I2C_Master_Transmit  stm32f4xx_hal_i2c.o
    0x08004d9c   0x08004d9c   0x000002c0   Code   RO         7679    i.HAL_I2C_Mem_Read  stm32f4xx_hal_i2c.o
    0x0800505c   0x0800505c   0x00000174   Code   RO         7682    i.HAL_I2C_Mem_Write  stm32f4xx_hal_i2c.o
    0x080051d0   0x080051d0   0x00000138   Code   RO          592    i.HAL_I2C_MspInit   i2c.o
    0x08005308   0x08005308   0x00000010   Code   RO         6899    i.HAL_IncTick       stm32f4xx_hal.o
    0x08005318   0x08005318   0x00000034   Code   RO         6900    i.HAL_Init          stm32f4xx_hal.o
    0x0800534c   0x0800534c   0x0000008c   Code   RO         1003    i.HAL_InitTick      stm32f4xx_hal_timebase_tim.o
    0x080053d8   0x080053d8   0x00000054   Code   RO          979    i.HAL_MspInit       stm32f4xx_hal_msp.o
    0x0800542c   0x0800542c   0x0000001c   Code   RO         6755    i.HAL_NVIC_EnableIRQ  stm32f4xx_hal_cortex.o
    0x08005448   0x08005448   0x00000068   Code   RO         6761    i.HAL_NVIC_SetPriority  stm32f4xx_hal_cortex.o
    0x080054b0   0x080054b0   0x00000024   Code   RO         6762    i.HAL_NVIC_SetPriorityGrouping  stm32f4xx_hal_cortex.o
    0x080054d4   0x080054d4   0x00000002   Code   RO         5614    i.HAL_PCDEx_LPM_Callback  stm32f4xx_hal_pcd_ex.o
    0x080054d6   0x080054d6   0x00000008   Code   RO         5615    i.HAL_PCDEx_SetRxFiFo  stm32f4xx_hal_pcd_ex.o
    0x080054de   0x080054de   0x0000004a   Code   RO         5616    i.HAL_PCDEx_SetTxFiFo  stm32f4xx_hal_pcd_ex.o
    0x08005528   0x08005528   0x00000008   Code   RO         1242    i.HAL_PCD_ConnectCallback  usbd_conf.o
    0x08005530   0x08005530   0x00000012   Code   RO         1243    i.HAL_PCD_DataInStageCallback  usbd_conf.o
    0x08005542   0x08005542   0x00000014   Code   RO         1244    i.HAL_PCD_DataOutStageCallback  usbd_conf.o
    0x08005556   0x08005556   0x00000008   Code   RO         1245    i.HAL_PCD_DisconnectCallback  usbd_conf.o
    0x0800555e   0x0800555e   0x00000020   Code   RO         5379    i.HAL_PCD_EP_Abort  stm32f4xx_hal_pcd.o
    0x0800557e   0x0800557e   0x0000004a   Code   RO         5380    i.HAL_PCD_EP_Close  stm32f4xx_hal_pcd.o
    0x080055c8   0x080055c8   0x0000005c   Code   RO         5381    i.HAL_PCD_EP_ClrStall  stm32f4xx_hal_pcd.o
    0x08005624   0x08005624   0x00000012   Code   RO         5383    i.HAL_PCD_EP_GetRxCount  stm32f4xx_hal_pcd.o
    0x08005636   0x08005636   0x0000005c   Code   RO         5384    i.HAL_PCD_EP_Open   stm32f4xx_hal_pcd.o
    0x08005692   0x08005692   0x00000046   Code   RO         5385    i.HAL_PCD_EP_Receive  stm32f4xx_hal_pcd.o
    0x080056d8   0x080056d8   0x00000074   Code   RO         5386    i.HAL_PCD_EP_SetStall  stm32f4xx_hal_pcd.o
    0x0800574c   0x0800574c   0x00000046   Code   RO         5387    i.HAL_PCD_EP_Transmit  stm32f4xx_hal_pcd.o
    0x08005792   0x08005792   0x00000564   Code   RO         5389    i.HAL_PCD_IRQHandler  stm32f4xx_hal_pcd.o
    0x08005cf6   0x08005cf6   0x00000008   Code   RO         1246    i.HAL_PCD_ISOINIncompleteCallback  usbd_conf.o
    0x08005cfe   0x08005cfe   0x00000008   Code   RO         1247    i.HAL_PCD_ISOOUTIncompleteCallback  usbd_conf.o
    0x08005d06   0x08005d06   0x00000140   Code   RO         5392    i.HAL_PCD_Init      stm32f4xx_hal_pcd.o
    0x08005e46   0x08005e46   0x00000002   PAD
    0x08005e48   0x08005e48   0x00000084   Code   RO         1249    i.HAL_PCD_MspInit   usbd_conf.o
    0x08005ecc   0x08005ecc   0x0000002e   Code   RO         1250    i.HAL_PCD_ResetCallback  usbd_conf.o
    0x08005efa   0x08005efa   0x00000008   Code   RO         1251    i.HAL_PCD_ResumeCallback  usbd_conf.o
    0x08005f02   0x08005f02   0x00000008   Code   RO         1252    i.HAL_PCD_SOFCallback  usbd_conf.o
    0x08005f0a   0x08005f0a   0x00000028   Code   RO         5398    i.HAL_PCD_SetAddress  stm32f4xx_hal_pcd.o
    0x08005f32   0x08005f32   0x0000000e   Code   RO         1253    i.HAL_PCD_SetupStageCallback  usbd_conf.o
    0x08005f40   0x08005f40   0x00000042   Code   RO         5401    i.HAL_PCD_Start     stm32f4xx_hal_pcd.o
    0x08005f82   0x08005f82   0x00000002   PAD
    0x08005f84   0x08005f84   0x00000030   Code   RO         1254    i.HAL_PCD_SuspendCallback  usbd_conf.o
    0x08005fb4   0x08005fb4   0x0000017c   Code   RO         6072    i.HAL_RCCEx_PeriphCLKConfig  stm32f4xx_hal_rcc_ex.o
    0x08006130   0x08006130   0x0000017c   Code   RO         5967    i.HAL_RCC_ClockConfig  stm32f4xx_hal_rcc.o
    0x080062ac   0x080062ac   0x0000003c   Code   RO         5971    i.HAL_RCC_GetClockConfig  stm32f4xx_hal_rcc.o
    0x080062e8   0x080062e8   0x0000000c   Code   RO         5972    i.HAL_RCC_GetHCLKFreq  stm32f4xx_hal_rcc.o
    0x080062f4   0x080062f4   0x00000020   Code   RO         5974    i.HAL_RCC_GetPCLK1Freq  stm32f4xx_hal_rcc.o
    0x08006314   0x08006314   0x00000020   Code   RO         5975    i.HAL_RCC_GetPCLK2Freq  stm32f4xx_hal_rcc.o
    0x08006334   0x08006334   0x00000070   Code   RO         5976    i.HAL_RCC_GetSysClockFreq  stm32f4xx_hal_rcc.o
    0x080063a4   0x080063a4   0x00000482   Code   RO         5979    i.HAL_RCC_OscConfig  stm32f4xx_hal_rcc.o
    0x08006826   0x08006826   0x00000094   Code   RO         8153    i.HAL_RTC_Init      stm32f4xx_hal_rtc.o
    0x080068ba   0x080068ba   0x00000002   PAD
    0x080068bc   0x080068bc   0x0000003c   Code   RO          640    i.HAL_RTC_MspInit   rtc.o
    0x080068f8   0x080068f8   0x0000003c   Code   RO         8161    i.HAL_RTC_WaitForSynchro  stm32f4xx_hal_rtc.o
    0x08006934   0x08006934   0x000000be   Code   RO         8553    i.HAL_SPI_Init      stm32f4xx_hal_spi.o
    0x080069f2   0x080069f2   0x00000002   PAD
    0x080069f4   0x080069f4   0x000001cc   Code   RO          682    i.HAL_SPI_MspInit   spi.o
    0x08006bc0   0x08006bc0   0x000001f8   Code   RO         8562    i.HAL_SPI_TransmitReceive  stm32f4xx_hal_spi.o
    0x08006db8   0x08006db8   0x00000002   Code   RO         9581    i.HAL_TIMEx_BreakCallback  stm32f4xx_hal_tim_ex.o
    0x08006dba   0x08006dba   0x00000002   Code   RO         9582    i.HAL_TIMEx_CommutCallback  stm32f4xx_hal_tim_ex.o
    0x08006dbc   0x08006dbc   0x00000066   Code   RO         9584    i.HAL_TIMEx_ConfigBreakDeadTime  stm32f4xx_hal_tim_ex.o
    0x08006e22   0x08006e22   0x0000009a   Code   RO         9600    i.HAL_TIMEx_MasterConfigSynchronization  stm32f4xx_hal_tim_ex.o
    0x08006ebc   0x08006ebc   0x0000005c   Code   RO         8866    i.HAL_TIM_Base_Init  stm32f4xx_hal_tim.o
    0x08006f18   0x08006f18   0x000000ec   Code   RO          730    i.HAL_TIM_Base_MspInit  tim.o
    0x08007004   0x08007004   0x00000080   Code   RO         8869    i.HAL_TIM_Base_Start  stm32f4xx_hal_tim.o
    0x08007084   0x08007084   0x0000008a   Code   RO         8871    i.HAL_TIM_Base_Start_IT  stm32f4xx_hal_tim.o
    0x0800710e   0x0800710e   0x000000ea   Code   RO         8875    i.HAL_TIM_ConfigClockSource  stm32f4xx_hal_tim.o
    0x080071f8   0x080071f8   0x00000002   Code   RO         8900    i.HAL_TIM_IC_CaptureCallback  stm32f4xx_hal_tim.o
    0x080071fa   0x080071fa   0x00000174   Code   RO         8914    i.HAL_TIM_IRQHandler  stm32f4xx_hal_tim.o
    0x0800736e   0x0800736e   0x00000002   PAD
    0x08007370   0x08007370   0x0000018c   Code   RO          731    i.HAL_TIM_MspPostInit  tim.o
    0x080074fc   0x080074fc   0x00000002   Code   RO         8917    i.HAL_TIM_OC_DelayElapsedCallback  stm32f4xx_hal_tim.o
    0x080074fe   0x080074fe   0x000000d8   Code   RO         8938    i.HAL_TIM_PWM_ConfigChannel  stm32f4xx_hal_tim.o
    0x080075d6   0x080075d6   0x0000005c   Code   RO         8941    i.HAL_TIM_PWM_Init  stm32f4xx_hal_tim.o
    0x08007632   0x08007632   0x00000002   Code   RO         8943    i.HAL_TIM_PWM_MspInit  stm32f4xx_hal_tim.o
    0x08007634   0x08007634   0x00000002   Code   RO         8944    i.HAL_TIM_PWM_PulseFinishedCallback  stm32f4xx_hal_tim.o
    0x08007636   0x08007636   0x00000002   PAD
    0x08007638   0x08007638   0x000000dc   Code   RO         8946    i.HAL_TIM_PWM_Start  stm32f4xx_hal_tim.o
    0x08007714   0x08007714   0x00000018   Code   RO           15    i.HAL_TIM_PeriodElapsedCallback  main.o
    0x0800772c   0x0800772c   0x00000002   Code   RO         8957    i.HAL_TIM_TriggerCallback  stm32f4xx_hal_tim.o
    0x0800772e   0x0800772e   0x00000002   Code   RO         9859    i.HAL_UARTEx_RxEventCallback  stm32f4xx_hal_uart.o
    0x08007730   0x08007730   0x00000002   Code   RO         9873    i.HAL_UART_ErrorCallback  stm32f4xx_hal_uart.o
    0x08007732   0x08007732   0x00000064   Code   RO         9877    i.HAL_UART_Init     stm32f4xx_hal_uart.o
    0x08007796   0x08007796   0x00000002   PAD
    0x08007798   0x08007798   0x00000234   Code   RO          802    i.HAL_UART_MspInit  usart.o
    0x080079cc   0x080079cc   0x0000002e   Code   RO         9881    i.HAL_UART_Receive_DMA  stm32f4xx_hal_uart.o
    0x080079fa   0x080079fa   0x00000002   Code   RO         9883    i.HAL_UART_RxCpltCallback  stm32f4xx_hal_uart.o
    0x080079fc   0x080079fc   0x00000002   Code   RO         9884    i.HAL_UART_RxHalfCpltCallback  stm32f4xx_hal_uart.o
    0x080079fe   0x080079fe   0x00000004   Code   RO          861    i.HardFault_Handler  stm32f4xx_it.o
    0x08007a02   0x08007a02   0x00000032   Code   RO         7704    i.I2C_IsAcknowledgeFailed  stm32f4xx_hal_i2c.o
    0x08007a34   0x08007a34   0x000000b4   Code   RO         7708    i.I2C_MasterRequestWrite  stm32f4xx_hal_i2c.o
    0x08007ae8   0x08007ae8   0x00000154   Code   RO         7715    i.I2C_RequestMemoryRead  stm32f4xx_hal_i2c.o
    0x08007c3c   0x08007c3c   0x000000d0   Code   RO         7716    i.I2C_RequestMemoryWrite  stm32f4xx_hal_i2c.o
    0x08007d0c   0x08007d0c   0x0000005c   Code   RO         7724    i.I2C_WaitOnBTFFlagUntilTimeout  stm32f4xx_hal_i2c.o
    0x08007d68   0x08007d68   0x000000b4   Code   RO         7725    i.I2C_WaitOnFlagUntilTimeout  stm32f4xx_hal_i2c.o
    0x08007e1c   0x08007e1c   0x000000ce   Code   RO         7726    i.I2C_WaitOnMasterAddressFlagUntilTimeout  stm32f4xx_hal_i2c.o
    0x08007eea   0x08007eea   0x0000007c   Code   RO         7727    i.I2C_WaitOnRXNEFlagUntilTimeout  stm32f4xx_hal_i2c.o
    0x08007f66   0x08007f66   0x0000005c   Code   RO         7730    i.I2C_WaitOnTXEFlagUntilTimeout  stm32f4xx_hal_i2c.o
    0x08007fc2   0x08007fc2   0x00000002   PAD
    0x08007fc4   0x08007fc4   0x0000007c   Code   RO         3886    i.INS_cali_gyro     ins_task.o
    0x08008040   0x08008040   0x00000048   Code   RO         3887    i.INS_set_cali_gyro  ins_task.o
    0x08008088   0x08008088   0x00000304   Code   RO         3888    i.INS_task          ins_task.o
    0x0800838c   0x0800838c   0x0000003e   Code   RO         1091    i.IntToUnicode      usbd_desc.o
    0x080083ca   0x080083ca   0x00000002   PAD
    0x080083cc   0x080083cc   0x00000060   Code   RO         2389    i.JUDGE_ShootNumCount_17mm  judge.o
    0x0800842c   0x0800842c   0x0000039c   Code   RO         2426    i.Judge_Read_Data   judge.o
    0x080087c8   0x080087c8   0x00000020   Code   RO         4572    i.Judge_Task        judge_task.o
    0x080087e8   0x080087e8   0x00000070   Code   RO          472    i.MX_ADC1_Init      adc.o
    0x08008858   0x08008858   0x00000070   Code   RO          473    i.MX_ADC3_Init      adc.o
    0x080088c8   0x080088c8   0x00000044   Code   RO          520    i.MX_CAN1_Init      can.o
    0x0800890c   0x0800890c   0x00000044   Code   RO          521    i.MX_CAN2_Init      can.o
    0x08008950   0x08008950   0x00000098   Code   RO          567    i.MX_DMA_Init       dma.o
    0x080089e8   0x080089e8   0x00000108   Code   RO          389    i.MX_FREERTOS_Init  freertos.o
    0x08008af0   0x08008af0   0x00000220   Code   RO          365    i.MX_GPIO_Init      gpio.o
    0x08008d10   0x08008d10   0x0000003c   Code   RO          593    i.MX_I2C2_Init      i2c.o
    0x08008d4c   0x08008d4c   0x0000003c   Code   RO          594    i.MX_I2C3_Init      i2c.o
    0x08008d88   0x08008d88   0x00000034   Code   RO          641    i.MX_RTC_Init       rtc.o
    0x08008dbc   0x08008dbc   0x00000048   Code   RO          683    i.MX_SPI1_Init      spi.o
    0x08008e04   0x08008e04   0x00000040   Code   RO          684    i.MX_SPI2_Init      spi.o
    0x08008e44   0x08008e44   0x0000006c   Code   RO          732    i.MX_TIM10_Init     tim.o
    0x08008eb0   0x08008eb0   0x000000dc   Code   RO          733    i.MX_TIM1_Init      tim.o
    0x08008f8c   0x08008f8c   0x0000006c   Code   RO          734    i.MX_TIM2_Init      tim.o
    0x08008ff8   0x08008ff8   0x000000a4   Code   RO          735    i.MX_TIM4_Init      tim.o
    0x0800909c   0x0800909c   0x000000c4   Code   RO          736    i.MX_TIM5_Init      tim.o
    0x08009160   0x08009160   0x00000038   Code   RO          803    i.MX_USART1_UART_Init  usart.o
    0x08009198   0x08009198   0x00000040   Code   RO          804    i.MX_USART3_UART_Init  usart.o
    0x080091d8   0x080091d8   0x00000054   Code   RO         1042    i.MX_USB_DEVICE_Init  usb_device.o
    0x0800922c   0x0800922c   0x00000004   Code   RO          862    i.MemManage_Handler  stm32f4xx_it.o
    0x08009230   0x08009230   0x00000004   Code   RO          863    i.NMI_Handler       stm32f4xx_it.o
    0x08009234   0x08009234   0x0000008c   Code   RO         3762    i.OLED_draw_point   oled.o
    0x080092c0   0x080092c0   0x000000e4   Code   RO         3763    i.OLED_init         oled.o
    0x080093a4   0x080093a4   0x00000054   Code   RO         3764    i.OLED_operate_gram  oled.o
    0x080093f8   0x080093f8   0x00000054   Code   RO         3765    i.OLED_printf       oled.o
    0x0800944c   0x0800944c   0x00000038   Code   RO         3766    i.OLED_refresh_gram  oled.o
    0x08009484   0x08009484   0x0000002a   Code   RO         3767    i.OLED_set_pos      oled.o
    0x080094ae   0x080094ae   0x00000002   PAD
    0x080094b0   0x080094b0   0x00000094   Code   RO         3768    i.OLED_show_char    oled.o
    0x08009544   0x08009544   0x00000030   Code   RO         3769    i.OLED_show_string  oled.o
    0x08009574   0x08009574   0x000000f4   Code   RO         4759    i.OLED_task         oled_task.o
    0x08009668   0x08009668   0x00000010   Code   RO          864    i.OTG_FS_IRQHandler  stm32f4xx_it.o
    0x08009678   0x08009678   0x00000048   Code   RO         5405    i.PCD_EP_OutSetupPacket_int  stm32f4xx_hal_pcd.o
    0x080096c0   0x080096c0   0x000000e8   Code   RO         5406    i.PCD_EP_OutXfrComplete_int  stm32f4xx_hal_pcd.o
    0x080097a8   0x080097a8   0x000000a2   Code   RO         5407    i.PCD_WriteEmptyTxFifo  stm32f4xx_hal_pcd.o
    0x0800984a   0x0800984a   0x00000002   PAD
    0x0800984c   0x0800984c   0x0000009c   Code   RO         3646    i.RC_Init           bsp_rc.o
    0x080098e8   0x080098e8   0x00000050   Code   RO         3647    i.RC_restart        bsp_rc.o
    0x08009938   0x08009938   0x00000018   Code   RO         3648    i.RC_unable         bsp_rc.o
    0x08009950   0x08009950   0x00000048   Code   RO         8164    i.RTC_EnterInitMode  stm32f4xx_hal_rtc.o
    0x08009998   0x08009998   0x0000002c   Code   RO         8165    i.RTC_ExitInitMode  stm32f4xx_hal_rtc.o
    0x080099c4   0x080099c4   0x00000064   Code   RO         8591    i.SPI_EndRxTxTransaction  stm32f4xx_hal_spi.o
    0x08009a28   0x08009a28   0x000000d8   Code   RO         8596    i.SPI_WaitFlagStateUntilTimeout  stm32f4xx_hal_spi.o
    0x08009b00   0x08009b00   0x0000000e   Code   RO          390    i.StartDefaultTask  freertos.o
    0x08009b0e   0x08009b0e   0x00000002   PAD
    0x08009b10   0x08009b10   0x0000002c   Code   RO        11509    i.SysTick_Handler   port.o
    0x08009b3c   0x08009b3c   0x000000b8   Code   RO           16    i.SystemClock_Config  main.o
    0x08009bf4   0x08009bf4   0x00000010   Code   RO        10216    i.SystemInit        system_stm32f4xx.o
    0x08009c04   0x08009c04   0x00000010   Code   RO          865    i.TIM7_IRQHandler   stm32f4xx_it.o
    0x08009c14   0x08009c14   0x000000cc   Code   RO         8959    i.TIM_Base_SetConfig  stm32f4xx_hal_tim.o
    0x08009ce0   0x08009ce0   0x0000001e   Code   RO         8960    i.TIM_CCxChannelCmd  stm32f4xx_hal_tim.o
    0x08009cfe   0x08009cfe   0x00000016   Code   RO         8970    i.TIM_ETR_SetConfig  stm32f4xx_hal_tim.o
    0x08009d14   0x08009d14   0x00000010   Code   RO         8971    i.TIM_ITRx_SetConfig  stm32f4xx_hal_tim.o
    0x08009d24   0x08009d24   0x00000070   Code   RO         8972    i.TIM_OC1_SetConfig  stm32f4xx_hal_tim.o
    0x08009d94   0x08009d94   0x00000078   Code   RO         8973    i.TIM_OC2_SetConfig  stm32f4xx_hal_tim.o
    0x08009e0c   0x08009e0c   0x00000078   Code   RO         8974    i.TIM_OC3_SetConfig  stm32f4xx_hal_tim.o
    0x08009e84   0x08009e84   0x00000058   Code   RO         8975    i.TIM_OC4_SetConfig  stm32f4xx_hal_tim.o
    0x08009edc   0x08009edc   0x00000026   Code   RO         8977    i.TIM_TI1_ConfigInputStage  stm32f4xx_hal_tim.o
    0x08009f02   0x08009f02   0x00000024   Code   RO         8979    i.TIM_TI2_ConfigInputStage  stm32f4xx_hal_tim.o
    0x08009f26   0x08009f26   0x0000004a   Code   RO         9891    i.UART_DMAError     stm32f4xx_hal_uart.o
    0x08009f70   0x08009f70   0x00000084   Code   RO         9892    i.UART_DMAReceiveCplt  stm32f4xx_hal_uart.o
    0x08009ff4   0x08009ff4   0x0000001a   Code   RO         9894    i.UART_DMARxHalfCplt  stm32f4xx_hal_uart.o
    0x0800a00e   0x0800a00e   0x0000004e   Code   RO         9900    i.UART_EndRxTransfer  stm32f4xx_hal_uart.o
    0x0800a05c   0x0800a05c   0x0000001c   Code   RO         9902    i.UART_EndTxTransfer  stm32f4xx_hal_uart.o
    0x0800a078   0x0800a078   0x000000fc   Code   RO         9904    i.UART_SetConfig    stm32f4xx_hal_uart.o
    0x0800a174   0x0800a174   0x00000098   Code   RO         9905    i.UART_Start_Receive_DMA  stm32f4xx_hal_uart.o
    0x0800a20c   0x0800a20c   0x000000c8   Code   RO         4573    i.USART1_IRQHandler  judge_task.o
    0x0800a2d4   0x0800a2d4   0x00000130   Code   RO         2227    i.USART3_IRQHandler  remote_control.o
    0x0800a404   0x0800a404   0x00000078   Code   RO        11908    i.USBD_CDC_DataIn   usbd_cdc.o
    0x0800a47c   0x0800a47c   0x0000003e   Code   RO        11909    i.USBD_CDC_DataOut  usbd_cdc.o
    0x0800a4ba   0x0800a4ba   0x00000002   PAD
    0x0800a4bc   0x0800a4bc   0x00000094   Code   RO        11910    i.USBD_CDC_DeInit   usbd_cdc.o
    0x0800a550   0x0800a550   0x00000038   Code   RO        11911    i.USBD_CDC_EP0_RxReady  usbd_cdc.o
    0x0800a588   0x0800a588   0x0000000c   Code   RO        11912    i.USBD_CDC_GetDeviceQualifierDescriptor  usbd_cdc.o
    0x0800a594   0x0800a594   0x0000003c   Code   RO        11913    i.USBD_CDC_GetFSCfgDesc  usbd_cdc.o
    0x0800a5d0   0x0800a5d0   0x00000040   Code   RO        11914    i.USBD_CDC_GetHSCfgDesc  usbd_cdc.o
    0x0800a610   0x0800a610   0x0000003c   Code   RO        11915    i.USBD_CDC_GetOtherSpeedCfgDesc  usbd_cdc.o
    0x0800a64c   0x0800a64c   0x00000160   Code   RO        11916    i.USBD_CDC_Init     usbd_cdc.o
    0x0800a7ac   0x0800a7ac   0x00000048   Code   RO        11917    i.USBD_CDC_ReceivePacket  usbd_cdc.o
    0x0800a7f4   0x0800a7f4   0x00000018   Code   RO        11918    i.USBD_CDC_RegisterInterface  usbd_cdc.o
    0x0800a80c   0x0800a80c   0x0000001c   Code   RO        11919    i.USBD_CDC_SetRxBuffer  usbd_cdc.o
    0x0800a828   0x0800a828   0x00000020   Code   RO        11920    i.USBD_CDC_SetTxBuffer  usbd_cdc.o
    0x0800a848   0x0800a848   0x00000110   Code   RO        11921    i.USBD_CDC_Setup    usbd_cdc.o
    0x0800a958   0x0800a958   0x00000014   Code   RO        11588    i.USBD_ClrClassConfig  usbd_core.o
    0x0800a96c   0x0800a96c   0x00000026   Code   RO        11750    i.USBD_ClrFeature   usbd_ctlreq.o
    0x0800a992   0x0800a992   0x00000004   Code   RO        11589    i.USBD_CoreFindEP   usbd_core.o
    0x0800a996   0x0800a996   0x00000004   Code   RO        11590    i.USBD_CoreFindIF   usbd_core.o
    0x0800a99a   0x0800a99a   0x00000010   Code   RO        11848    i.USBD_CtlContinueRx  usbd_ioreq.o
    0x0800a9aa   0x0800a9aa   0x00000010   Code   RO        11849    i.USBD_CtlContinueSendData  usbd_ioreq.o
    0x0800a9ba   0x0800a9ba   0x00000018   Code   RO        11751    i.USBD_CtlError     usbd_ctlreq.o
    0x0800a9d2   0x0800a9d2   0x0000001e   Code   RO        11850    i.USBD_CtlPrepareRx  usbd_ioreq.o
    0x0800a9f0   0x0800a9f0   0x00000016   Code   RO        11851    i.USBD_CtlReceiveStatus  usbd_ioreq.o
    0x0800aa06   0x0800aa06   0x0000001a   Code   RO        11852    i.USBD_CtlSendData  usbd_ioreq.o
    0x0800aa20   0x0800aa20   0x00000016   Code   RO        11853    i.USBD_CtlSendStatus  usbd_ioreq.o
    0x0800aa36   0x0800aa36   0x00000002   PAD
    0x0800aa38   0x0800aa38   0x00000030   Code   RO         1092    i.USBD_FS_ConfigStrDescriptor  usbd_desc.o
    0x0800aa68   0x0800aa68   0x0000000c   Code   RO         1093    i.USBD_FS_DeviceDescriptor  usbd_desc.o
    0x0800aa74   0x0800aa74   0x00000034   Code   RO         1094    i.USBD_FS_InterfaceStrDescriptor  usbd_desc.o
    0x0800aaa8   0x0800aaa8   0x0000000c   Code   RO         1095    i.USBD_FS_LangIDStrDescriptor  usbd_desc.o
    0x0800aab4   0x0800aab4   0x00000028   Code   RO         1096    i.USBD_FS_ManufacturerStrDescriptor  usbd_desc.o
    0x0800aadc   0x0800aadc   0x0000003c   Code   RO         1097    i.USBD_FS_ProductStrDescriptor  usbd_desc.o
    0x0800ab18   0x0800ab18   0x00000014   Code   RO         1098    i.USBD_FS_SerialStrDescriptor  usbd_desc.o
    0x0800ab2c   0x0800ab2c   0x00000034   Code   RO        11752    i.USBD_GetConfig    usbd_ctlreq.o
    0x0800ab60   0x0800ab60   0x000001b4   Code   RO        11753    i.USBD_GetDescriptor  usbd_ctlreq.o
    0x0800ad14   0x0800ad14   0x0000003c   Code   RO        11592    i.USBD_GetEpDesc    usbd_core.o
    0x0800ad50   0x0800ad50   0x00000018   Code   RO        11754    i.USBD_GetLen       usbd_ctlreq.o
    0x0800ad68   0x0800ad68   0x0000000e   Code   RO        11593    i.USBD_GetNextDesc  usbd_core.o
    0x0800ad76   0x0800ad76   0x00000036   Code   RO        11755    i.USBD_GetStatus    usbd_ctlreq.o
    0x0800adac   0x0800adac   0x00000044   Code   RO        11756    i.USBD_GetString    usbd_ctlreq.o
    0x0800adf0   0x0800adf0   0x00000024   Code   RO         1255    i.USBD_Get_USB_Status  usbd_conf.o
    0x0800ae14   0x0800ae14   0x00000028   Code   RO        11594    i.USBD_Init         usbd_core.o
    0x0800ae3c   0x0800ae3c   0x00000012   Code   RO         1256    i.USBD_LL_ClearStallEP  usbd_conf.o
    0x0800ae4e   0x0800ae4e   0x00000012   Code   RO         1257    i.USBD_LL_CloseEP   usbd_conf.o
    0x0800ae60   0x0800ae60   0x000000dc   Code   RO        11595    i.USBD_LL_DataInStage  usbd_core.o
    0x0800af3c   0x0800af3c   0x000000d0   Code   RO        11596    i.USBD_LL_DataOutStage  usbd_core.o
    0x0800b00c   0x0800b00c   0x00000004   Code   RO        11597    i.USBD_LL_DevConnected  usbd_core.o
    0x0800b010   0x0800b010   0x00000020   Code   RO        11598    i.USBD_LL_DevDisconnected  usbd_core.o
    0x0800b030   0x0800b030   0x00000008   Code   RO         1261    i.USBD_LL_GetRxDataSize  usbd_conf.o
    0x0800b038   0x0800b038   0x00000060   Code   RO         1262    i.USBD_LL_Init      usbd_conf.o
    0x0800b098   0x0800b098   0x00000022   Code   RO         1263    i.USBD_LL_IsStallEP  usbd_conf.o
    0x0800b0ba   0x0800b0ba   0x0000002a   Code   RO        11599    i.USBD_LL_IsoINIncomplete  usbd_core.o
    0x0800b0e4   0x0800b0e4   0x0000002a   Code   RO        11600    i.USBD_LL_IsoOUTIncomplete  usbd_core.o
    0x0800b10e   0x0800b10e   0x00000018   Code   RO         1264    i.USBD_LL_OpenEP    usbd_conf.o
    0x0800b126   0x0800b126   0x00000012   Code   RO         1265    i.USBD_LL_PrepareReceive  usbd_conf.o
    0x0800b138   0x0800b138   0x00000060   Code   RO        11601    i.USBD_LL_Reset     usbd_core.o
    0x0800b198   0x0800b198   0x00000014   Code   RO        11602    i.USBD_LL_Resume    usbd_core.o
    0x0800b1ac   0x0800b1ac   0x0000001a   Code   RO        11603    i.USBD_LL_SOF       usbd_core.o
    0x0800b1c6   0x0800b1c6   0x00000006   Code   RO        11604    i.USBD_LL_SetSpeed  usbd_core.o
    0x0800b1cc   0x0800b1cc   0x00000012   Code   RO         1266    i.USBD_LL_SetUSBAddress  usbd_conf.o
    0x0800b1de   0x0800b1de   0x00000064   Code   RO        11605    i.USBD_LL_SetupStage  usbd_core.o
    0x0800b242   0x0800b242   0x00000012   Code   RO         1267    i.USBD_LL_StallEP   usbd_conf.o
    0x0800b254   0x0800b254   0x00000012   Code   RO         1268    i.USBD_LL_Start     usbd_conf.o
    0x0800b266   0x0800b266   0x00000012   Code   RO        11606    i.USBD_LL_Suspend   usbd_core.o
    0x0800b278   0x0800b278   0x00000012   Code   RO         1270    i.USBD_LL_Transmit  usbd_conf.o
    0x0800b28a   0x0800b28a   0x00000032   Code   RO        11757    i.USBD_ParseSetupRequest  usbd_ctlreq.o
    0x0800b2bc   0x0800b2bc   0x0000003a   Code   RO        11607    i.USBD_RegisterClass  usbd_core.o
    0x0800b2f6   0x0800b2f6   0x00000004   Code   RO        11608    i.USBD_RunTestMode  usbd_core.o
    0x0800b2fa   0x0800b2fa   0x00000058   Code   RO        11758    i.USBD_SetAddress   usbd_ctlreq.o
    0x0800b352   0x0800b352   0x00000014   Code   RO        11609    i.USBD_SetClassConfig  usbd_core.o
    0x0800b366   0x0800b366   0x00000002   PAD
    0x0800b368   0x0800b368   0x000000dc   Code   RO        11759    i.USBD_SetConfig    usbd_ctlreq.o
    0x0800b444   0x0800b444   0x00000024   Code   RO        11760    i.USBD_SetFeature   usbd_ctlreq.o
    0x0800b468   0x0800b468   0x00000004   Code   RO        11610    i.USBD_Start        usbd_core.o
    0x0800b46c   0x0800b46c   0x00000076   Code   RO        11761    i.USBD_StdDevReq    usbd_ctlreq.o
    0x0800b4e2   0x0800b4e2   0x0000022e   Code   RO        11762    i.USBD_StdEPReq     usbd_ctlreq.o
    0x0800b710   0x0800b710   0x0000008e   Code   RO        11763    i.USBD_StdItfReq    usbd_ctlreq.o
    0x0800b79e   0x0800b79e   0x00000002   Code   RO         1271    i.USBD_static_free  usbd_conf.o
    0x0800b7a0   0x0800b7a0   0x00000008   Code   RO         1272    i.USBD_static_malloc  usbd_conf.o
    0x0800b7a8   0x0800b7a8   0x0000009c   Code   RO         5656    i.USB_ActivateEndpoint  stm32f4xx_ll_usb.o
    0x0800b844   0x0800b844   0x0000001c   Code   RO         5658    i.USB_ActivateSetup  stm32f4xx_ll_usb.o
    0x0800b860   0x0800b860   0x0000007e   Code   RO         5660    i.USB_CoreInit      stm32f4xx_ll_usb.o
    0x0800b8de   0x0800b8de   0x00000002   PAD
    0x0800b8e0   0x0800b8e0   0x00000050   Code   RO         5661    i.USB_CoreReset     stm32f4xx_ll_usb.o
    0x0800b930   0x0800b930   0x000000dc   Code   RO         5664    i.USB_DeactivateEndpoint  stm32f4xx_ll_usb.o
    0x0800ba0c   0x0800ba0c   0x0000001c   Code   RO         5665    i.USB_DevConnect    stm32f4xx_ll_usb.o
    0x0800ba28   0x0800ba28   0x0000001c   Code   RO         5666    i.USB_DevDisconnect  stm32f4xx_ll_usb.o
    0x0800ba44   0x0800ba44   0x00000178   Code   RO         5667    i.USB_DevInit       stm32f4xx_ll_usb.o
    0x0800bbbc   0x0800bbbc   0x0000000c   Code   RO         5668    i.USB_DisableGlobalInt  stm32f4xx_ll_usb.o
    0x0800bbc8   0x0800bbc8   0x0000012e   Code   RO         5671    i.USB_EP0StartXfer  stm32f4xx_ll_usb.o
    0x0800bcf6   0x0800bcf6   0x00000002   PAD
    0x0800bcf8   0x0800bcf8   0x00000060   Code   RO         5672    i.USB_EP0_OutStart  stm32f4xx_ll_usb.o
    0x0800bd58   0x0800bd58   0x00000058   Code   RO         5673    i.USB_EPClearStall  stm32f4xx_ll_usb.o
    0x0800bdb0   0x0800bdb0   0x0000005e   Code   RO         5674    i.USB_EPSetStall    stm32f4xx_ll_usb.o
    0x0800be0e   0x0800be0e   0x0000022c   Code   RO         5675    i.USB_EPStartXfer   stm32f4xx_ll_usb.o
    0x0800c03a   0x0800c03a   0x000000b4   Code   RO         5676    i.USB_EPStopXfer    stm32f4xx_ll_usb.o
    0x0800c0ee   0x0800c0ee   0x0000000c   Code   RO         5677    i.USB_EnableGlobalInt  stm32f4xx_ll_usb.o
    0x0800c0fa   0x0800c0fa   0x00000002   PAD
    0x0800c0fc   0x0800c0fc   0x0000004c   Code   RO         5678    i.USB_FlushRxFifo   stm32f4xx_ll_usb.o
    0x0800c148   0x0800c148   0x00000058   Code   RO         5679    i.USB_FlushTxFifo   stm32f4xx_ll_usb.o
    0x0800c1a0   0x0800c1a0   0x00000020   Code   RO         5681    i.USB_GetDevSpeed   stm32f4xx_ll_usb.o
    0x0800c1c0   0x0800c1c0   0x00000008   Code   RO         5683    i.USB_GetMode       stm32f4xx_ll_usb.o
    0x0800c1c8   0x0800c1c8   0x0000000e   Code   RO         5690    i.USB_ReadDevAllInEpInterrupt  stm32f4xx_ll_usb.o
    0x0800c1d6   0x0800c1d6   0x0000000e   Code   RO         5691    i.USB_ReadDevAllOutEpInterrupt  stm32f4xx_ll_usb.o
    0x0800c1e4   0x0800c1e4   0x00000024   Code   RO         5692    i.USB_ReadDevInEPInterrupt  stm32f4xx_ll_usb.o
    0x0800c208   0x0800c208   0x00000010   Code   RO         5693    i.USB_ReadDevOutEPInterrupt  stm32f4xx_ll_usb.o
    0x0800c218   0x0800c218   0x00000008   Code   RO         5694    i.USB_ReadInterrupts  stm32f4xx_ll_usb.o
    0x0800c220   0x0800c220   0x00000048   Code   RO         5695    i.USB_ReadPacket    stm32f4xx_ll_usb.o
    0x0800c268   0x0800c268   0x00000060   Code   RO         5697    i.USB_SetCurrentMode  stm32f4xx_ll_usb.o
    0x0800c2c8   0x0800c2c8   0x00000022   Code   RO         5698    i.USB_SetDevAddress  stm32f4xx_ll_usb.o
    0x0800c2ea   0x0800c2ea   0x0000000e   Code   RO         5699    i.USB_SetDevSpeed   stm32f4xx_ll_usb.o
    0x0800c2f8   0x0800c2f8   0x000000f4   Code   RO         5700    i.USB_SetTurnaroundTime  stm32f4xx_ll_usb.o
    0x0800c3ec   0x0800c3ec   0x00000034   Code   RO         5703    i.USB_WritePacket   stm32f4xx_ll_usb.o
    0x0800c420   0x0800c420   0x00000004   Code   RO          866    i.UsageFault_Handler  stm32f4xx_it.o
    0x0800c424   0x0800c424   0x00000130   Code   RO         1626    i.Vision_Read_Data  vision.o
    0x0800c554   0x0800c554   0x0000006c   Code   RO         5029    i._Z10RAMP_floatfff  user_lib.o
    0x0800c5c0   0x0800c5c0   0x00000010   Code   RO         3539    i._Z10buzzer_offv   bsp_buzzer.o
    0x0800c5d0   0x0800c5d0   0x00000014   Code   RO         3583    i._Z10flash_readjPjj  bsp_flash.o
    0x0800c5e4   0x0800c5e4   0x000000f4   Code   RO         3584    i._Z10ger_sectorj   bsp_flash.o
    0x0800c6d8   0x0800c6d8   0x00000034   Code   RO         1949    i._Z11BMI088_initv  bmi088driver.o
    0x0800c70c   0x0800c70c   0x0000017c   Code   RO         1950    i._Z11BMI088_readPfS_S_  bmi088driver.o
    0x0800c888   0x0800c888   0x0000016c   Code   RO         4356    i._Z11detect_initj  detect_task.o
    0x0800c9f4   0x0800c9f4   0x0000000c   Code   RO         3450    i._Z11imu_pwm_sett  bsp_imu_pwm.o
    0x0800ca00   0x0800ca00   0x0000005c   Code   RO         3479    i._Z12get_tempratev  bsp_adc.o
    0x0800ca5c   0x0800ca5c   0x00000094   Code   RO         2192    i._Z12ist8310_initv  ist8310driver.o
    0x0800caf0   0x0800caf0   0x00000180   Code   RO         3414    i._Z13SPI1_DMA_initjjt  bsp_spi.o
    0x0800cc70   0x0800cc70   0x00000014   Code   RO         2100    i._Z13ist8310_RST_Hv  ist8310driver_middleware.o
    0x0800cc84   0x0800cc84   0x00000014   Code   RO         2101    i._Z13ist8310_RST_Lv  ist8310driver_middleware.o
    0x0800cc98   0x0800cc98   0x000000ec   Code   RO         4249    i._Z14cali_data_readv  calibrate_task.o
    0x0800cd84   0x0800cd84   0x00000064   Code   RO         4250    i._Z14cali_gyro_hookPjh  calibrate_task.o
    0x0800cde8   0x0800cde8   0x00000046   Code   RO         4251    i._Z14cali_head_hookPjh  calibrate_task.o
    0x0800ce2e   0x0800ce2e   0x00000002   PAD
    0x0800ce30   0x0800ce30   0x0000012c   Code   RO         3889    i._Z14imu_cali_slovePfS_S_P16BMI088_REAL_DATAP19ist8310_real_data_t  ins_task.o
    0x0800cf5c   0x0800cf5c   0x00000002   Code   RO         1864    i._Z15BMI088_com_initv  bmi088middleware.o
    0x0800cf5e   0x0800cf5e   0x0000001a   Code   RO         1865    i._Z15BMI088_delay_mst  bmi088middleware.o
    0x0800cf78   0x0800cf78   0x0000004a   Code   RO         1866    i._Z15BMI088_delay_ust  bmi088middleware.o
    0x0800cfc2   0x0800cfc2   0x00000002   PAD
    0x0800cfc4   0x0800cfc4   0x0000273c   Code   RO         3415    i._Z15SPI1_DMA_enablejjt  bsp_spi.o
    0x0800f700   0x0800f700   0x0000008c   Code   RO         4252    i._Z15cali_data_writev  calibrate_task.o
    0x0800f78c   0x0800f78c   0x00000168   Code   RO         3890    i._Z15imu_cmd_spi_dmav  ins_task.o
    0x0800f8f4   0x0800f8f4   0x00000034   Code   RO         3770    i._Z15oled_write_bytehh  oled.o
    0x0800f928   0x0800f928   0x00000002   Code   RO         1867    i._Z16BMI088_GPIO_initv  bmi088middleware.o
    0x0800f92a   0x0800f92a   0x00000002   PAD
    0x0800f92c   0x0800f92c   0x00000014   Code   RO         1868    i._Z16BMI088_GYRO_NS_Hv  bmi088middleware.o
    0x0800f940   0x0800f940   0x00000014   Code   RO         1869    i._Z16BMI088_GYRO_NS_Lv  bmi088middleware.o
    0x0800f954   0x0800f954   0x000000f4   Code   RO         1952    i._Z16bmi088_gyro_initv  bmi088driver.o
    0x0800fa48   0x0800fa48   0x00000014   Code   RO         4253    i._Z16cali_gimbal_hookPjh  calibrate_task.o
    0x0800fa5c   0x0800fa5c   0x000000b8   Code   RO         3891    i._Z16imu_temp_controlf  ins_task.o
    0x0800fb14   0x0800fb14   0x00000002   Code   RO         2102    i._Z16ist8310_com_initv  ist8310driver_middleware.o
    0x0800fb16   0x0800fb16   0x0000000c   Code   RO         2103    i._Z16ist8310_delay_mst  ist8310driver_middleware.o
    0x0800fb22   0x0800fb22   0x00000002   PAD
    0x0800fb24   0x0800fb24   0x00000014   Code   RO         1870    i._Z17BMI088_ACCEL_NS_Hv  bmi088middleware.o
    0x0800fb38   0x0800fb38   0x00000014   Code   RO         1871    i._Z17BMI088_ACCEL_NS_Lv  bmi088middleware.o
    0x0800fb4c   0x0800fb4c   0x00000134   Code   RO         1954    i._Z17bmi088_accel_initv  bmi088driver.o
    0x0800fc80   0x0800fc80   0x0000007c   Code   RO         3540    i._Z17buzzer_warn_errori  bsp_buzzer.o
    0x0800fcfc   0x0800fcfc   0x00000002   Code   RO         2105    i._Z17ist8310_GPIO_initv  ist8310driver_middleware.o
    0x0800fcfe   0x0800fcfe   0x00000002   PAD
    0x0800fd00   0x0800fd00   0x00000024   Code   RO         4965    i._Z18Get_CRC8_Check_SumPhjh  crc_check.o
    0x0800fd24   0x0800fd24   0x0000003c   Code   RO         3480    i._Z18adcx_get_chx_valueP17ADC_HandleTypeDefj  bsp_adc.o
    0x0800fd60   0x0800fd60   0x00000034   Code   RO         4966    i._Z19Get_CRC16_Check_SumPhjt  crc_check.o
    0x0800fd94   0x0800fd94   0x00000374   Code   RO         4254    i._Z19RC_cmd_to_calibratev  calibrate_task.o
    0x08010108   0x08010108   0x0000002e   Code   RO         3585    i._Z19flash_erase_addressjt  bsp_flash.o
    0x08010136   0x08010136   0x00000026   Code   RO         1955    i._Z20BMI088_read_muli_reghPhh  bmi088driver.o
    0x0801015c   0x0801015c   0x00000068   Code   RO         1957    i._Z21BMI088_gyro_read_overPhPf  bmi088driver.o
    0x080101c4   0x080101c4   0x0000002e   Code   RO         4968    i._Z21Verify_CRC8_Check_SumPhj  crc_check.o
    0x080101f2   0x080101f2   0x000000d0   Code   RO         1958    i._Z21bmi088_gyro_self_testv  bmi088driver.o
    0x080102c2   0x080102c2   0x00000002   PAD
    0x080102c4   0x080102c4   0x00000090   Code   RO         1959    i._Z22BMI088_accel_read_overPhPfS0_  bmi088driver.o
    0x08010354   0x08010354   0x00000018   Code   RO         1960    i._Z22BMI088_read_single_reghPh  bmi088driver.o
    0x0801036c   0x0801036c   0x00000020   Code   RO         1872    i._Z22BMI088_read_write_byteh  bmi088middleware.o
    0x0801038c   0x0801038c   0x00000040   Code   RO         4970    i._Z22Verify_CRC16_Check_SumPhj  crc_check.o
    0x080103cc   0x080103cc   0x000002fc   Code   RO         1961    i._Z22bmi088_accel_self_testv  bmi088driver.o
    0x080106c8   0x080106c8   0x000000e8   Code   RO         3586    i._Z22get_next_flash_addressj  bsp_flash.o
    0x080107b0   0x080107b0   0x00000014   Code   RO         1963    i._Z23BMI088_write_single_reghh  bmi088driver.o
    0x080107c4   0x080107c4   0x00000098   Code   RO         3588    i._Z26flash_write_single_addressjPjj  bsp_flash.o
    0x0801085c   0x0801085c   0x00000028   Code   RO         2108    i._Z27ist8310_IIC_read_single_regh  ist8310driver_middleware.o
    0x08010884   0x08010884   0x00000034   Code   RO         1966    i._Z28BMI088_temperature_read_overPhPf  bmi088driver.o
    0x080108b8   0x080108b8   0x00000028   Code   RO         2109    i._Z28ist8310_IIC_write_single_reghh  ist8310driver_middleware.o
    0x080108e0   0x080108e0   0x00000014   Code   RO         3541    i._Z9buzzer_ontt    bsp_buzzer.o
    0x080108f4   0x080108f4   0x0000004c   Code   RO         4857    i._ZN11LADRC_FDW_t4initEffffff  ladrc_feedforward.o
    0x08010940   0x08010940   0x00000040   Code   RO         4903    i._ZN11extKalman_t12KalmanCreateEff  kalman.o
    0x08010980   0x08010980   0x00000034   Code   RO         4616    i._ZN12fric_motor_t17current_calculateEv  revolver_task.o
    0x080109b4   0x080109b4   0x00000188   Code   RO         4617    i._ZN15revolver_task_t13READY_controlEv  revolver_task.o
    0x08010b3c   0x08010b3c   0x00000042   Code   RO         4618    i._ZN15revolver_task_t13SHOOT_controlEv  revolver_task.o
    0x08010b7e   0x08010b7e   0x00000002   PAD
    0x08010b80   0x08010b80   0x000000b4   Code   RO         4619    i._ZN15revolver_task_t14ADJUST_controlEv  revolver_task.o
    0x08010c34   0x08010c34   0x000000a4   Code   RO         4620    i._ZN15revolver_task_t16SHOOTING_controlEv  revolver_task.o
    0x08010cd8   0x08010cd8   0x000000c4   Code   RO         4621    i._ZN15revolver_task_t17fric_speed_buzzerEv  revolver_task.o
    0x08010d9c   0x08010d9c   0x00000060   Code   RO         4622    i._ZN15revolver_task_t18ZERO_FORCE_controlEv  revolver_task.o
    0x08010dfc   0x08010dfc   0x000000f8   Code   RO         4623    i._ZN15revolver_task_t24revolver_feedback_updateEv  revolver_task.o
    0x08010ef4   0x08010ef4   0x00000080   Code   RO         4624    i._ZN15revolver_task_t25fric_speed_offset_controlEv  revolver_task.o
    0x08010f74   0x08010f74   0x00000044   Code   RO         4625    i._ZN15revolver_task_t7controlEv  revolver_task.o
    0x08010fb8   0x08010fb8   0x000000cc   Code   RO         4626    i._ZN15revolver_task_tC1Ev  revolver_task.o
    0x08011084   0x08011084   0x000000b4   Code   RO         4627    i._ZN15slipper_motor_t14bullet_num_calEv  revolver_task.o
    0x08011138   0x08011138   0x000000a4   Code   RO         4628    i._ZN15slipper_motor_t15SLIPPER_controlEv  revolver_task.o
    0x080111dc   0x080111dc   0x00000118   Code   RO         4629    i._ZN15slipper_motor_t17CALIBRATE_controlEv  revolver_task.o
    0x080112f4   0x080112f4   0x000001b8   Code   RO         4631    i._ZN15slipper_motor_t24SHOOTING_slipper_controlEv  revolver_task.o
    0x080114ac   0x080114ac   0x00000084   Code   RO         4471    i._ZN16Vision_process_tC1Ev  communicate_task.o
    0x08011530   0x08011530   0x000001c0   Code   RO         4043    i._ZN16gimbal_control_tC1Ev  gimbal_task.o
    0x080116f0   0x080116f0   0x0000021c   Code   RO         4784    i._ZN5PID_t4calcEff  pid.o
    0x0801190c   0x0801190c   0x00000058   Code   RO         4785    i._ZN5PID_t4initEhPKfff  pid.o
    0x08011964   0x08011964   0x00000200   Code   RO         4787    i._ZN5PID_t6DLcalcEfff  pid.o
    0x08011b64   0x08011b64   0x00000016   Code   RO         1449    i._ZN7motor_tC1Ev   motor.o
    0x08011b7a   0x08011b7a   0x00000002   PAD
    0x08011b7c   0x08011b7c   0x000000b4   Code   RO         4404    i._ZN8system_t7TransitEv  system_task.o
    0x08011c30   0x08011c30   0x00000084   Code   RO         4405    i._ZN8system_t8mode_setEv  system_task.o
    0x08011cb4   0x08011cb4   0x00000016   Code   RO         4406    i._ZN8system_tC1Ev  system_task.o
    0x08011cca   0x08011cca   0x00000030   Code   RO        12659    i.__ARM_fpclassify  m_wm.l(fpclassify.o)
    0x08011cfa   0x08011cfa   0x00000026   Code   RO        12515    i.__ARM_fpclassifyf  m_wm.l(fpclassifyf.o)
    0x08011d20   0x08011d20   0x00000014   Code   RO         4535    i.__ARM_isinff      communicate_task.o
    0x08011d34   0x08011d34   0x0000000e   Code   RO         4178    i.__ARM_isnanf      gimbal_task.o
    0x08011d42   0x08011d42   0x00000024   Code   RO        12285    i.__aeabi_vec_ctor_nocookie_nodtor  cpprt_w.l(aeabi_vec_ctor_nocookie_nodtor.o)
    0x08011d66   0x08011d66   0x00000002   PAD
    0x08011d68   0x08011d68   0x0000012c   Code   RO        12304    i.__hardfp_asinf    m_wm.l(asinf.o)
    0x08011e94   0x08011e94   0x000002ac   Code   RO        12316    i.__hardfp_atan2f   m_wm.l(atan2f.o)
    0x08012140   0x08012140   0x0000003a   Code   RO        12340    i.__hardfp_sqrtf    m_wm.l(sqrtf_full.o)
    0x0801217a   0x0801217a   0x00000006   Code   RO        12518    i.__mathlib_flt_infnan  m_wm.l(funder.o)
    0x08012180   0x08012180   0x00000006   Code   RO        12519    i.__mathlib_flt_infnan2  m_wm.l(funder.o)
    0x08012186   0x08012186   0x00000002   PAD
    0x08012188   0x08012188   0x00000010   Code   RO        12520    i.__mathlib_flt_invalid  m_wm.l(funder.o)
    0x08012198   0x08012198   0x00000010   Code   RO        12523    i.__mathlib_flt_underflow  m_wm.l(funder.o)
    0x080121a8   0x080121a8   0x00000010   Code   RO         4044    i.__sti___15_gimbal_task_cpp_gimbal  gimbal_task.o
    0x080121b8   0x080121b8   0x00000010   Code   RO         4407    i.__sti___15_system_task_cpp_sys  system_task.o
    0x080121c8   0x080121c8   0x00000010   Code   RO         4632    i.__sti___17_revolver_task_cpp_revolver  revolver_task.o
    0x080121d8   0x080121d8   0x00000010   Code   RO         4472    i.__sti___20_communicate_task_cpp_dc63f1aa  communicate_task.o
    0x080121e8   0x080121e8   0x00000018   Code   RO         1450    i.__sti___9_motor_cpp_motor  motor.o
    0x08012200   0x08012200   0x0000000e   Code   RO        12417    i._is_digit         c_w.l(__printf_wp.o)
    0x0801220e   0x0801220e   0x00000002   PAD
    0x08012210   0x08012210   0x00000068   Code   RO         3728    i.aRGB_led_show     bsp_led.o
    0x08012278   0x08012278   0x000001d0   Code   RO        12014    i.accel_comple_filter  AHRS.lib(ahrs.o)
    0x08012448   0x08012448   0x0000018c   Code   RO        12015    i.accel_update_kp_ki  AHRS.lib(ahrs.o)
    0x080125d4   0x080125d4   0x0000016c   Code   RO        12016    i.angle_to_quat     AHRS.lib(ahrs.o)
    0x08012740   0x08012740   0x000000b8   Code   RO         4255    i.cali_param_init   calibrate_task.o
    0x080127f8   0x080127f8   0x00000134   Code   RO         4256    i.calibrate_task    calibrate_task.o
    0x0801292c   0x0801292c   0x0000005c   Code   RO         3301    i.can_filter_init   bsp_can.o
    0x08012988   0x08012988   0x00000124   Code   RO         4357    i.detect_hook       detect_task.o
    0x08012aac   0x08012aac   0x0000027c   Code   RO         4358    i.detect_task       detect_task.o
    0x08012d28   0x08012d28   0x00000034   Code   RO         2959    i.get_CRC16_check_sum  crc8_crc16.o
    0x08012d5c   0x08012d5c   0x00000024   Code   RO         2960    i.get_CRC8_check_sum  crc8_crc16.o
    0x08012d80   0x08012d80   0x00000008   Code   RO         3892    i.get_INS_angle_point  ins_task.o
    0x08012d88   0x08012d88   0x000000e8   Code   RO        12017    i.get_angle         AHRS.lib(ahrs.o)
    0x08012e70   0x08012e70   0x0000000c   Code   RO         4257    i.get_control_temperature  calibrate_task.o
    0x08012e7c   0x08012e7c   0x00000008   Code   RO         3895    i.get_gyro_data_point  ins_task.o
    0x08012e84   0x08012e84   0x00000190   Code   RO         1451    i.get_motor_measure  motor.o
    0x08013014   0x08013014   0x00000014   Code   RO         3302    i.get_motor_measure_class  bsp_can.o
    0x08013028   0x08013028   0x00000008   Code   RO         2228    i.get_remote_control_point  remote_control.o
    0x08013030   0x08013030   0x00000054   Code   RO         3897    i.gyro_offset_calc  ins_task.o
    0x08013084   0x08013084   0x0000007c   Code   RO           17    i.main              main.o
    0x08013100   0x08013100   0x0000000c   Code   RO        11074    i.makeFreeRtosPriority  cmsis_os.o
    0x0801310c   0x0801310c   0x00000074   Code   RO         4213    i.monitor_task      monitor_task.o
    0x08013180   0x08013180   0x00000010   Code   RO        11076    i.osDelay           cmsis_os.o
    0x08013190   0x08013190   0x0000000a   Code   RO        11079    i.osKernelStart     cmsis_os.o
    0x0801319a   0x0801319a   0x0000005c   Code   RO        11113    i.osThreadCreate    cmsis_os.o
    0x080131f6   0x080131f6   0x00000002   PAD
    0x080131f8   0x080131f8   0x00000024   Code   RO        10727    i.pcTaskGetName     tasks.o
    0x0801321c   0x0801321c   0x00000078   Code   RO        10728    i.prvAddCurrentTaskToDelayedList  tasks.o
    0x08013294   0x08013294   0x00000088   Code   RO        10729    i.prvAddNewTaskToReadyList  tasks.o
    0x0801331c   0x0801331c   0x00000040   Code   RO        10730    i.prvCheckTasksWaitingTermination  tasks.o
    0x0801335c   0x0801335c   0x00000040   Code   RO        10731    i.prvDeleteTCB      tasks.o
    0x0801339c   0x0801339c   0x00000050   Code   RO        11441    i.prvHeapInit       heap_4.o
    0x080133ec   0x080133ec   0x00000028   Code   RO        10732    i.prvIdleTask       tasks.o
    0x08013414   0x08013414   0x0000007e   Code   RO        10733    i.prvInitialiseNewTask  tasks.o
    0x08013492   0x08013492   0x00000002   PAD
    0x08013494   0x08013494   0x00000060   Code   RO        10734    i.prvInitialiseTaskLists  tasks.o
    0x080134f4   0x080134f4   0x0000005c   Code   RO        11442    i.prvInsertBlockIntoFreeList  heap_4.o
    0x08013550   0x08013550   0x00000024   Code   RO        10735    i.prvResetNextTaskUnblockTime  tasks.o
    0x08013574   0x08013574   0x0000006e   Code   RO        10736    i.prvSearchForNameWithinSingleList  tasks.o
    0x080135e2   0x080135e2   0x00000002   PAD
    0x080135e4   0x080135e4   0x00000030   Code   RO        11510    i.prvTaskExitError  port.o
    0x08013614   0x08013614   0x000000e8   Code   RO        11443    i.pvPortMalloc      heap_4.o
    0x080136fc   0x080136fc   0x0000002c   Code   RO        11511    i.pxPortInitialiseStack  port.o
    0x08013728   0x08013728   0x00000084   Code   RO        12022    i.quat_normalization  AHRS.lib(ahrs.o)
    0x080137ac   0x080137ac   0x00000014   Code   RO         2229    i.remote_control_init  remote_control.o
    0x080137c0   0x080137c0   0x00000008   Code   RO         4633    i.revolver_point    revolver_task.o
    0x080137c8   0x080137c8   0x000000ac   Code   RO         4634    i.revolver_task     revolver_task.o
    0x08013874   0x08013874   0x000000da   Code   RO         2230    i.sbus_to_rc        remote_control.o
    0x0801394e   0x0801394e   0x0000003e   Code   RO        12342    i.sqrtf             m_wm.l(sqrtf_full.o)
    0x0801398c   0x0801398c   0x00000008   Code   RO         4408    i.syspoint          system_task.o
    0x08013994   0x08013994   0x0000002c   Code   RO         4409    i.system_task       system_task.o
    0x080139c0   0x080139c0   0x00000018   Code   RO         4360    i.toe_is_error      detect_task.o
    0x080139d8   0x080139d8   0x00000068   Code   RO        10739    i.ulTaskNotifyTake  tasks.o
    0x08013a40   0x08013a40   0x0000007a   Code   RO        12023    i.update_w          AHRS.lib(ahrs.o)
    0x08013aba   0x08013aba   0x00000002   PAD
    0x08013abc   0x08013abc   0x000000f4   Code   RO         3696    i.usart1_init       bsp_usart.o
    0x08013bb0   0x08013bb0   0x00000026   Code   RO        10354    i.uxListRemove      list.o
    0x08013bd6   0x08013bd6   0x00000002   PAD
    0x08013bd8   0x08013bd8   0x00000018   Code   RO          391    i.vApplicationGetIdleTaskMemory  freertos.o
    0x08013bf0   0x08013bf0   0x00000016   Code   RO        10355    i.vListInitialise   list.o
    0x08013c06   0x08013c06   0x00000006   Code   RO        10356    i.vListInitialiseItem  list.o
    0x08013c0c   0x08013c0c   0x00000036   Code   RO        10357    i.vListInsert       list.o
    0x08013c42   0x08013c42   0x00000018   Code   RO        10358    i.vListInsertEnd    list.o
    0x08013c5a   0x08013c5a   0x00000002   PAD
    0x08013c5c   0x08013c5c   0x00000040   Code   RO        11513    i.vPortEnterCritical  port.o
    0x08013c9c   0x08013c9c   0x0000002c   Code   RO        11514    i.vPortExitCritical  port.o
    0x08013cc8   0x08013cc8   0x00000064   Code   RO        11444    i.vPortFree         heap_4.o
    0x08013d2c   0x08013d2c   0x00000024   Code   RO        11515    i.vPortSetupTimerInterrupt  port.o
    0x08013d50   0x08013d50   0x00000054   Code   RO        11516    i.vPortValidateInterruptPriority  port.o
    0x08013da4   0x08013da4   0x00000050   Code   RO        10745    i.vTaskDelay        tasks.o
    0x08013df4   0x08013df4   0x0000009c   Code   RO        10746    i.vTaskDelayUntil   tasks.o
    0x08013e90   0x08013e90   0x000000bc   Code   RO        10751    i.vTaskNotifyGiveFromISR  tasks.o
    0x08013f4c   0x08013f4c   0x00000088   Code   RO        10759    i.vTaskStartScheduler  tasks.o
    0x08013fd4   0x08013fd4   0x00000010   Code   RO        10761    i.vTaskSuspendAll   tasks.o
    0x08013fe4   0x08013fe4   0x00000060   Code   RO        10762    i.vTaskSwitchContext  tasks.o
    0x08014044   0x08014044   0x00000040   Code   RO         2961    i.verify_CRC16_check_sum  crc8_crc16.o
    0x08014084   0x08014084   0x0000002e   Code   RO         2962    i.verify_CRC8_check_sum  crc8_crc16.o
    0x080140b2   0x080140b2   0x00000002   PAD
    0x080140b4   0x080140b4   0x00000008   Code   RO         1635    i.vision_info_point  vision.o
    0x080140bc   0x080140bc   0x00000104   Code   RO        11517    i.xPortStartScheduler  port.o
    0x080141c0   0x080141c0   0x0000006c   Code   RO        10765    i.xTaskCreate       tasks.o
    0x0801422c   0x0801422c   0x00000060   Code   RO        10766    i.xTaskCreateStatic  tasks.o
    0x0801428c   0x0801428c   0x0000008c   Code   RO        10770    i.xTaskGetHandle    tasks.o
    0x08014318   0x08014318   0x0000001c   Code   RO        10771    i.xTaskGetSchedulerState  tasks.o
    0x08014334   0x08014334   0x0000000c   Code   RO        10772    i.xTaskGetTickCount  tasks.o
    0x08014340   0x08014340   0x00000010   Code   RO        10773    i.xTaskGetTickCountFromISR  tasks.o
    0x08014350   0x08014350   0x000000d4   Code   RO        10774    i.xTaskIncrementTick  tasks.o
    0x08014424   0x08014424   0x000000cc   Code   RO        10780    i.xTaskResumeAll    tasks.o
    0x080144f0   0x080144f0   0x0000002c   Code   RO        12630    locale$$code        c_w.l(lc_numeric_c.o)
    0x0801451c   0x0801451c   0x0000002c   Code   RO        12732    locale$$code        c_w.l(lc_ctype_c.o)
    0x08014548   0x08014548   0x0000001a   Code   RO        12502    x$fpl$dfltn         g_wm.l(dflt_clz.o)
    0x08014562   0x08014562   0x0000000c   Code   RO        12506    x$fpl$dretinf       g_wm.l(dretinf.o)
    0x0801456e   0x0801456e   0x00000002   PAD
    0x08014570   0x08014570   0x000001ec   Code   RO        12508    x$fpl$exception     g_wm.l(except.o)
    0x0801475c   0x0801475c   0x0000007a   Code   RO        12288    x$fpl$f2d           g_wm.l(f2d.o)
    0x080147d6   0x080147d6   0x0000009e   Code   RO        12290    x$fpl$ffltll        g_wm.l(ffltll_clz.o)
    0x08014874   0x08014874   0x000000f2   Code   RO        12510    x$fpl$fnaninf       g_wm.l(fnaninf.o)
    0x08014966   0x08014966   0x0000000a   Code   RO        12578    x$fpl$fpinit        g_wm.l(fpinit.o)
    0x08014970   0x08014970   0x0000013c   Code   RO        12582    x$fpl$funder        g_wm.l(funder_clz.o)
    0x08014aac   0x08014aac   0x00000020   Code   RO        12657    x$fpl$ieeestatus    g_wm.l(istatus.o)
    0x08014acc   0x08014acc   0x00000004   Code   RO        12512    x$fpl$printf1       g_wm.l(printf1.o)
    0x08014ad0   0x08014ad0   0x000000b2   Code   RO        12584    x$fpl$retnan        g_wm.l(retnan.o)
    0x08014b82   0x08014b82   0x0000007e   Code   RO        12586    x$fpl$trapveneer    g_wm.l(trapv.o)
    0x08014c00   0x08014c00   0x00000000   Code   RO        12514    x$fpl$usenofp       g_wm.l(usenofp.o)
    0x08014c00   0x08014c00   0x000000fc   Data   RO          393    .constdata          freertos.o
    0x08014cfc   0x08014cfc   0x00000012   Data   RO         1985    .constdata          bmi088driver.o
    0x08014d0e   0x08014d0e   0x0000000c   Data   RO         2198    .constdata          ist8310driver.o
    0x08014d1a   0x08014d1a   0x00000300   Data   RO         2969    .constdata          crc8_crc16.o
    0x0801501a   0x0801501a   0x00000874   Data   RO         3785    .constdata          oled.o
    0x0801588e   0x0801588e   0x00000002   PAD
    0x08015890   0x08015890   0x00000018   Data   RO         3913    .constdata          ins_task.o
    0x080158a8   0x080158a8   0x00000014   Data   RO         4270    .constdata          calibrate_task.o
    0x080158bc   0x080158bc   0x00000054   Data   RO         4367    .constdata          detect_task.o
    0x08015910   0x08015910   0x00000030   Data   RO         4655    .constdata          revolver_task.o
    0x08015940   0x08015940   0x00000300   Data   RO         4977    .constdata          crc_check.o
    0x08015c40   0x08015c40   0x00000008   Data   RO         6485    .constdata          stm32f4xx_hal_dma.o
    0x08015c48   0x08015c48   0x00000010   Data   RO        10217    .constdata          system_stm32f4xx.o
    0x08015c58   0x08015c58   0x00000008   Data   RO        10218    .constdata          system_stm32f4xx.o
    0x08015c60   0x08015c60   0x0000000c   Data   RO        12024    .constdata          AHRS.lib(ahrs.o)
    0x08015c6c   0x08015c6c   0x00000804   Data   RO        12234    .constdata          arm_cortexM4lf_math.lib(arm_common_tables.o)
    0x08016470   0x08016470   0x00000008   Data   RO        12376    .constdata          c_w.l(_printf_wctomb.o)
    0x08016478   0x08016478   0x00000028   Data   RO        12405    .constdata          c_w.l(_printf_hex_int_ll_ptr.o)
    0x080164a0   0x080164a0   0x00000011   Data   RO        12425    .constdata          c_w.l(__printf_flags_ss_wp.o)
    0x080164b1   0x080164b1   0x00000003   PAD
    0x080164b4   0x080164b4   0x00000094   Data   RO        12605    .constdata          c_w.l(bigflt0.o)
    0x08016548   0x08016548   0x00000058   Data   RO          394    .conststring        freertos.o
    0x080165a0   0x080165a0   0x00000020   Data   RO        12855    Region$$Table       anon$$obj.o
    0x080165c0   0x080165c0   0x0000001c   Data   RO        12629    locale$$data        c_w.l(lc_numeric_c.o)
    0x080165dc   0x080165dc   0x00000110   Data   RO        12731    locale$$data        c_w.l(lc_ctype_c.o)
    0x080166ec   0x080166ec   0x00000004   Data   RO         1456    .init_array         motor.o
    0x080166f0   0x080166ec   0x00000004   Data   RO         4072    .init_array         gimbal_task.o
    0x080166f4   0x080166ec   0x00000004   Data   RO         4418    .init_array         system_task.o
    0x080166f8   0x080166ec   0x00000004   Data   RO         4485    .init_array         communicate_task.o
    0x080166fc   0x080166ec   0x00000004   Data   RO         4657    .init_array         revolver_task.o
    0x08016700   0x080166ec   0x00000000   Data   RO        12280    .init_array         c_w.l(init_aeabi.o)


    Execution Region RW_IRAM2 (Exec base: 0x10000000, Load base: 0x080168a0, Size: 0x00000000, Max: 0x00010000, ABSOLUTE)

    **** No section assigned to this execution region ****


    Execution Region RW_IRAM1 (Exec base: 0x20000000, Load base: 0x08016700, Size: 0x00008ef0, Max: 0x00020000, ABSOLUTE, COMPRESSED[0x000001a0])

    Exec Addr    Load Addr    Size         Type   Attr      Idx    E Section Name        Object

    0x20000000   COMPRESSED   0x00000034   Data   RW          395    .data               freertos.o
    0x20000034   COMPRESSED   0x00000004   Data   RW          523    .data               can.o
    0x20000038   COMPRESSED   0x0000001c   Data   RW         1100    .data               usbd_desc.o
    0x20000054   COMPRESSED   0x00000032   Data   RW         1101    .data               usbd_desc.o
    0x20000086   COMPRESSED   0x00000002   PAD
    0x20000088   COMPRESSED   0x00000014   Data   RW         1188    .data               usbd_cdc_if.o
    0x2000009c   COMPRESSED   0x00000004   Data   RW         1189    .data               usbd_cdc_if.o
    0x200000a0   COMPRESSED   0x0000002c   Data   RW         1986    .data               bmi088driver.o
    0x200000cc   COMPRESSED   0x00000002   Data   RW         2232    .data               remote_control.o
    0x200000ce   COMPRESSED   0x00000002   PAD
    0x200000d0   COMPRESSED   0x000001ac   Data   RW         2533    .data               judge.o
    0x2000027c   COMPRESSED   0x00000002   Data   RW         2970    .data               crc8_crc16.o
    0x2000027e   COMPRESSED   0x00000030   Data   RW         3312    .data               bsp_can.o
    0x200002ae   COMPRESSED   0x00000002   PAD
    0x200002b0   COMPRESSED   0x00000004   Data   RW         3490    .data               bsp_adc.o
    0x200002b4   COMPRESSED   0x0000000c   Data   RW         3545    .data               bsp_buzzer.o
    0x200002c0   COMPRESSED   0x00000010   Data   RW         3595    .data               bsp_flash.o
    0x200002d0   COMPRESSED   0x00000008   Data   RW         3730    .data               bsp_led.o
    0x200002d8   COMPRESSED   0x00000008   Data   RW         3786    .data               oled.o
    0x200002e0   COMPRESSED   0x000000a0   Data   RW         3914    .data               ins_task.o
    0x20000380   COMPRESSED   0x00000050   Data   RW         4271    .data               calibrate_task.o
    0x200003d0   COMPRESSED   0x00000005   Data   RW         4368    .data               detect_task.o
    0x200003d5   COMPRESSED   0x00000003   PAD
    0x200003d8   COMPRESSED   0x00000029   Data   RW         4656    .data               revolver_task.o
    0x20000401   COMPRESSED   0x00000001   PAD
    0x20000402   COMPRESSED   0x00000002   Data   RW         4978    .data               crc_check.o
    0x20000404   COMPRESSED   0x0000000c   Data   RW         6907    .data               stm32f4xx_hal.o
    0x20000410   COMPRESSED   0x00000004   Data   RW        10219    .data               system_stm32f4xx.o
    0x20000414   COMPRESSED   0x0000003c   Data   RW        10783    .data               tasks.o
    0x20000450   COMPRESSED   0x00000020   Data   RW        11450    .data               heap_4.o
    0x20000470   COMPRESSED   0x0000000c   Data   RW        11518    .data               port.o
    0x2000047c   COMPRESSED   0x00000001   Data   RW        11764    .data               usbd_ctlreq.o
    0x2000047d   COMPRESSED   0x00000003   PAD
    0x20000480   COMPRESSED   0x00000053   Data   RW        11923    .data               usbd_cdc.o
    0x200004d3   COMPRESSED   0x00000001   PAD
    0x200004d4   COMPRESSED   0x00000038   Data   RW        11924    .data               usbd_cdc.o
    0x2000050c   COMPRESSED   0x00000010   Data   RW        12025    .data               AHRS.lib(ahrs.o)
    0x2000051c        -       0x00000254   Zero   RW          392    .bss                freertos.o
    0x20000770        -       0x00000090   Zero   RW          474    .bss                adc.o
    0x20000800        -       0x00000050   Zero   RW          522    .bss                can.o
    0x20000850        -       0x000000a8   Zero   RW          595    .bss                i2c.o
    0x200008f8        -       0x00000020   Zero   RW          642    .bss                rtc.o
    0x20000918        -       0x00000170   Zero   RW          685    .bss                spi.o
    0x20000a88        -       0x00000168   Zero   RW          737    .bss                tim.o
    0x20000bf0        -       0x000001a8   Zero   RW          805    .bss                usart.o
    0x20000d98        -       0x00000048   Zero   RW         1006    .bss                stm32f4xx_hal_timebase_tim.o
    0x20000de0        -       0x000002dc   Zero   RW         1043    .bss                usb_device.o
    0x200010bc        -       0x00000200   Zero   RW         1099    .bss                usbd_desc.o
    0x200012bc        -       0x00001064   Zero   RW         1187    .bss                usbd_cdc_if.o
    0x20002320        -       0x0000072c   Zero   RW         1273    .bss                usbd_conf.o
    0x20002a4c   COMPRESSED   0x00000004   PAD
    0x20002a50        -       0x000000d8   Zero   RW         1455    .bss                motor.o
    0x20002b28        -       0x00000138   Zero   RW         1646    .bss                vision.o
    0x20002c60        -       0x0000005e   Zero   RW         2231    .bss                remote_control.o
    0x20002cbe        -       0x0000075d   Zero   RW         2532    .bss                judge.o
    0x2000341b   COMPRESSED   0x00000001   PAD
    0x2000341c        -       0x00000090   Zero   RW         3311    .bss                bsp_can.o
    0x200034ac        -       0x00000010   Zero   RW         3489    .bss                bsp_adc.o
    0x200034bc        -       0x00000480   Zero   RW         3784    .bss                oled.o
    0x2000393c        -       0x00000134   Zero   RW         3912    .bss                ins_task.o
    0x20003a70        -       0x00000500   Zero   RW         4070    .bss                gimbal_task.o
    0x20003f70        -       0x00000115   Zero   RW         4269    .bss                calibrate_task.o
    0x20004085        -       0x0000021c   Zero   RW         4366    .bss                detect_task.o
    0x200042a1   COMPRESSED   0x00000003   PAD
    0x200042a4        -       0x00000054   Zero   RW         4416    .bss                system_task.o
    0x200042f8        -       0x00000568   Zero   RW         4483    .bss                communicate_task.o
    0x20004860        -       0x000000d4   Zero   RW         4576    .bss                judge_task.o
    0x20004934   COMPRESSED   0x00000004   PAD
    0x20004938        -       0x00000248   Zero   RW         4654    .bss                revolver_task.o
    0x20004b80        -       0x00000020   Zero   RW         6139    .bss                stm32f4xx_hal_flash.o
    0x20004ba0        -       0x000000f0   Zero   RW        10782    .bss                tasks.o
    0x20004c90        -       0x00003c00   Zero   RW        11449    .bss                heap_4.o
    0x20008890        -       0x00000060   Zero   RW        12589    .bss                c_w.l(libspace.o)
    0x200088f0        -       0x00000200   Zero   RW            2    HEAP                startup_stm32f407xx.o
    0x20008af0        -       0x00000400   Zero   RW            1    STACK               startup_stm32f407xx.o


==============================================================================

Image component sizes


      Code (inc. data)   RO Data    RW Data    ZI Data      Debug   Object Name

       396         42          0          0        144       2338   adc.o
       168          4          0          0          0       5264   ahrs_middleware.o
      2338         40         18         44          0      10419   bmi088driver.o
       216         28          0          0          0       4860   bmi088middleware.o
       152         20          0          4         16       1868   bsp_adc.o
       160         24          0         12          0       1649   bsp_buzzer.o
       532         60          0         48        144       5035   bsp_can.o
       694        108          0         16          0       4041   bsp_flash.o
        12          4          0          0          0        490   bsp_imu_pwm.o
       104         22          0          8          0        580   bsp_led.o
       260         28          0          0          0       1967   bsp_rc.o
     10428        170          0          0          0       5646   bsp_spi.o
       244         24          0          0          0        526   bsp_usart.o
      1954        104         20         80        277       7473   calibrate_task.o
       488         44          0          4         80       2418   can.o
       130          0          0          0          0      22995   cmsis_os.o
       168         22          4          0       1384       2686   communicate_task.o
       198         16        768          2          0       4857   crc8_crc16.o
       198         16        768          2          0       3543   crc_check.o
      1316         40         84          5        540       3276   detect_task.o
       152          6          0          0          0        826   dma.o
         0          0          0          0          0      16844   event_groups.o
       302         52        340         52        596       3666   freertos.o
       478         88          4          0       1280       2264   gimbal_task.o
       544         24          0          0          0       1279   gpio.o
       504         32          0         32      15360       7539   heap_4.o
       432         50          0          0        168       2346   i2c.o
      4280        330         24        160        308      14908   ins_task.o
       148          6         12          0          0       1903   ist8310driver.o
       136         22          0          0          0       3899   ist8310driver_middleware.o
      1488        148          0        428       1885      19051   judge.o
       232         32          0          0        212       2132   judge_task.o
        64          6          0          0          0        564   kalman.o
        76         10          0          0          0        732   ladrc_feedforward.o
       144          0          0          0          0       3558   list.o
       338         20          0          0          0     798616   main.o
       116          8          0          0          0        583   monitor_task.o
       446         14          4          0        216     635920   motor.o
       882         40       2164          8       1152       8013   oled.o
       244         20          0          0          0        608   oled_task.o
      1140         12          0          0          0       2744   pid.o
       814         92          0         12          0      11945   port.o
       550         36          0          2         94     580868   remote_control.o
      3054        190         52         41        584      14127   revolver_task.o
       112         20          0          0         32       1519   rtc.o
       596         52          0          0        368       2568   spi.o
        64         26        392          0       1536        840   startup_stm32f407xx.o
       120         20          0         12          0       8686   stm32f4xx_hal.o
      1262         42          0          0          0       5290   stm32f4xx_hal_adc.o
      2004          6          0          0          0      14891   stm32f4xx_hal_can.o
       168         12          0          0          0      32822   stm32f4xx_hal_cortex.o
      1074         18          8          0          0       5947   stm32f4xx_hal_dma.o
       568         74          0          0         32       6042   stm32f4xx_hal_flash.o
       380         24          0          0          0       3338   stm32f4xx_hal_flash_ex.o
       608         24          0          0          0       3662   stm32f4xx_hal_gpio.o
      3328         64          0          0          0      15896   stm32f4xx_hal_i2c.o
        84          6          0          0          0        850   stm32f4xx_hal_msp.o
      2836         12          0          0          0      14420   stm32f4xx_hal_pcd.o
        84          0          0          0          0       2541   stm32f4xx_hal_pcd_ex.o
      1782        112          0          0          0       7141   stm32f4xx_hal_rcc.o
       380         34          0          0          0       1516   stm32f4xx_hal_rcc_ex.o
       324          0          0          0          0       3347   stm32f4xx_hal_rtc.o
      1010         14          0          0          0       4817   stm32f4xx_hal_spi.o
      2288         56          0          0          0      17493   stm32f4xx_hal_tim.o
       260          0          0          0          0       3425   stm32f4xx_hal_tim_ex.o
       140         18          0          0         72       1451   stm32f4xx_hal_timebase_tim.o
       896         18          0          0          0       9258   stm32f4xx_hal_uart.o
       190         48          0          0          0       8725   stm32f4xx_it.o
      3186        100          0          0          0      24675   stm32f4xx_ll_usb.o
         0          0          0          0          0        392   stream_buffer.o
        16          4         24          4          0       1115   system_stm32f4xx.o
       402         26          4          0         84       7924   system_task.o
      2420        208          0         60        240      28556   tasks.o
      1428        104          0          0        360       5638   tim.o
       684         68          0          0        424       2700   usart.o
        84         18          0          0        732       2611   usb_device.o
      1362         36          0        139          0      13799   usbd_cdc.o
       112         26          0         24       4196       3531   usbd_cdc_if.o
       660         28          0          0       1836      16760   usbd_conf.o
      1042          0          0          0          0      16289   usbd_core.o
      1908         28          0          1          0      17936   usbd_ctlreq.o
       362        110          0         78        512       6909   usbd_desc.o
       132          0          0          0          0       4492   usbd_ioreq.o
       108          6          0          0          0        693   user_lib.o
       312         10          0          0        312      27633   vision.o

    ----------------------------------------------------------------------
     71572       3526       4724       1292      35188    2585004   Object Totals
         0          0         32          0          0          0   (incl. Generated)
        76          0          2         14         12          0   (incl. Padding)

    ----------------------------------------------------------------------

      Code (inc. data)   RO Data    RW Data    ZI Data      Debug   Library Member Name

      2718         84         12         16          0       9922   ahrs.o
         0          0       2052          0          0       4636   arm_common_tables.o
       120         12          0          0          0      16970   arm_cos_f32.o
       116         12          0          0          0        658   arm_sin_f32.o
        90          0          0          0          0          0   __dczerorl2.o
         8          0          0          0          0         68   __main.o
       392          4         17          0          0         92   __printf_flags_ss_wp.o
        14          0          0          0          0         68   __printf_wp.o
         0          0          0          0          0          0   __rtentry.o
        12          0          0          0          0          0   __rtentry2.o
         6          0          0          0          0          0   __rtentry4.o
        52          8          0          0          0          0   __scatter.o
        28          0          0          0          0          0   __scatter_zi.o
        48          4          0          0          0         84   _fptrap.o
         6          0          0          0          0          0   _printf_a.o
         6          0          0          0          0          0   _printf_c.o
        44          0          0          0          0        108   _printf_char.o
        48          6          0          0          0         96   _printf_char_common.o
        40          0          0          0          0         68   _printf_charcount.o
         6          0          0          0          0          0   _printf_d.o
       120         16          0          0          0         92   _printf_dec.o
         6          0          0          0          0          0   _printf_e.o
         6          0          0          0          0          0   _printf_f.o
      1054          0          0          0          0        216   _printf_fp_dec.o
       128         16          0          0          0         84   _printf_fp_infnan.o
         6          0          0          0          0          0   _printf_g.o
       148          4         40          0          0        160   _printf_hex_int_ll_ptr.o
         6          0          0          0          0          0   _printf_i.o
       178          0          0          0          0         88   _printf_intcommon.o
        10          0          0          0          0          0   _printf_l.o
         6          0          0          0          0          0   _printf_lc.o
        10          0          0          0          0          0   _printf_ll.o
         6          0          0          0          0          0   _printf_lld.o
         6          0          0          0          0          0   _printf_lli.o
         6          0          0          0          0          0   _printf_llo.o
         6          0          0          0          0          0   _printf_llu.o
         6          0          0          0          0          0   _printf_llx.o
       124         16          0          0          0         92   _printf_longlong_dec.o
         6          0          0          0          0          0   _printf_ls.o
         6          0          0          0          0          0   _printf_n.o
         6          0          0          0          0          0   _printf_o.o
       112         10          0          0          0        124   _printf_oct_int_ll.o
         6          0          0          0          0          0   _printf_p.o
        78          0          0          0          0        108   _printf_pad.o
         0          0          0          0          0          0   _printf_percent.o
         4          0          0          0          0          0   _printf_percent_end.o
         6          0          0          0          0          0   _printf_s.o
        82          0          0          0          0         80   _printf_str.o
        36          0          0          0          0         84   _printf_truncate.o
         6          0          0          0          0          0   _printf_u.o
        44          0          0          0          0        108   _printf_wchar.o
       188          6          8          0          0         92   _printf_wctomb.o
         6          0          0          0          0          0   _printf_x.o
        22          0          0          0          0        100   _rserrno.o
        10          0          0          0          0         68   _sputc.o
        64          0          0          0          0         92   _wcrtomb.o
       228          4        148          0          0         96   bigflt0.o
      1936        128          0          0          0        672   btod.o
        36          4          0          0          0         76   c89vsprintf.o
        10          0          0          0          0         68   defsig_exit.o
       172        110          0          0          0         76   defsig_fpe_inner.o
        14          0          0          0          0         80   defsig_fpe_outer.o
        50          0          0          0          0         88   defsig_general.o
        18          0          0          0          0         80   exit.o
         6          0          0          0          0        152   heapauxi.o
         0          0          0          0          0          0   indicate_semi.o
        36         10          0          0          0         80   init_aeabi.o
        44         10        272          0          0         76   lc_ctype_c.o
        44         10         28          0          0         76   lc_numeric_c.o
         2          0          0          0          0          0   libinit.o
        38          0          0          0          0          0   libinit2.o
         2          0          0          0          0          0   libshutdown.o
         2          0          0          0          0          0   libshutdown2.o
         8          4          0          0         96         68   libspace.o
       138          0          0          0          0         80   lludiv10.o
       238          0          0          0          0        100   lludivv7m.o
        16          4          0          0          0         76   rt_ctype_table.o
         8          4          0          0          0         68   rt_errno_addr_intlibspace.o
         8          4          0          0          0         68   rt_locale_intlibspace.o
        68          0          0          0          0         68   rt_memclr.o
        78          0          0          0          0         80   rt_memclr_w.o
       138          0          0          0          0         68   rt_memcpy_v6.o
       100          0          0          0          0         80   rt_memcpy_w.o
         2          0          0          0          0          0   rtexit.o
        10          0          0          0          0          0   rtexit2.o
       128          0          0          0          0         68   strcmpv7m.o
        62          0          0          0          0         76   strlen.o
        12          4          0          0          0         68   sys_exit.o
        74          0          0          0          0         80   sys_stackheap_outer.o
        14          0          0          0          0         76   sys_wrch.o
         2          0          0          0          0         68   use_no_semi.o
        36          0          0          0          0         84   aeabi_vec_ctor_nocookie_nodtor.o
        26          0          0          0          0        116   dflt_clz.o
        12          0          0          0          0        116   dretinf.o
       492         36          0          0          0        148   except.o
       122          8          0          0          0        132   f2d.o
       158          0          0          0          0        132   ffltll_clz.o
       242          4          0          0          0        144   fnaninf.o
        10          0          0          0          0        116   fpinit.o
       316          0          0          0          0        132   funder_clz.o
        32          4          0          0          0        116   istatus.o
         4          0          0          0          0        116   printf1.o
       178          0          0          0          0        116   retnan.o
       126          0          0          0          0        148   trapv.o
         0          0          0          0          0          0   usenofp.o
       300         42          0          0          0        176   asinf.o
       684         90          0          0          0        208   atan2f.o
        48          0          0          0          0        124   fpclassify.o
        38          0          0          0          0        116   fpclassifyf.o
        44         12          0          0          0        464   funder.o
       120          0          0          0          0        272   sqrtf_full.o

    ----------------------------------------------------------------------
     13028        690       2580         16         96      40146   Library Totals
        30          0          3          0          0          0   (incl. Padding)

    ----------------------------------------------------------------------

      Code (inc. data)   RO Data    RW Data    ZI Data      Debug   Library Name

      2718         84         12         16          0       9922   AHRS.lib
       236         24       2052          0          0      22264   arm_cortexM4lf_math.lib
      7056        386        513          0         96       4984   c_w.l
        36          0          0          0          0         84   cpprt_w.l
      1718         52          0          0          0       1532   g_wm.l
      1234        144          0          0          0       1360   m_wm.l

    ----------------------------------------------------------------------
     13028        690       2580         16         96      40146   Library Totals

    ----------------------------------------------------------------------

==============================================================================


      Code (inc. data)   RO Data    RW Data    ZI Data      Debug   

     84600       4216       7304       1308      35284    2567990   Grand Totals
     84600       4216       7304        416      35284    2567990   ELF Image Totals (compressed)
     84600       4216       7304        416          0          0   ROM Totals

==============================================================================

    Total RO  Size (Code + RO Data)                91904 (  89.75kB)
    Total RW  Size (RW Data + ZI Data)             36592 (  35.73kB)
    Total ROM Size (Code + RO Data + RW Data)      92320 (  90.16kB)

==============================================================================

